D/WifiStateMachine(  861):  scan result = SSID: BTW Backup 2.4G, BSSID: 20:3a:07:49:2e:04, capabilities: [WPA-PSK-CCMP+TKIP][WPA2-PSK-CCMP+TKIP][ESS], level: -57, frequency: 2437, timestamp: 12253660392461, distance: ?(cm), distanceSd: ?(cm)
D/WifiStateMachine(  861):  scan result = SSID: BTW Backup 2.4G, BSSID: 88:75:56:c6:f5:14, capabilities: [WPA-PSK-CCMP+TKIP][WPA2-PSK-CCMP+TKIP][ESS], level: -75, frequency: 2462, timestamp: 12253698303471, distance: ?(cm), distanceSd: ?(cm)
D/WifiStateMachine(  861):  scan result = SSID: Instant Internet, BSSID: 88:75:56:c6:f5:1f, capabilities: [ESS], level: -88, frequency: 5660, timestamp: 12253683314722, distance: ?(cm), distanceSd: ?(cm)
D/WifiStateMachine(  861):  scan result = SSID: FreeInternet, BSSID: 10:05:ca:42:0f:ad, capabilities: [ESS], level: -79, frequency: 5805, timestamp: 98366410758, distance: ?(cm), distanceSd: ?(cm)
D/WifiStateMachine(  861):  scan result = SSID: PERCONA 2015, BSSID: 10:05:ca:42:0f:ab, capabilities: [ESS], level: -78, frequency: 5805, timestamp: 98366411144, distance: ?(cm), distanceSd: ?(cm)
D/WifiStateMachine(  861):  scan result = SSID: ATT-HOMEBASE-8860, BSSID: 9c:a9:e4:8a:dd:bf, capabilities: [WPA-PSK-CCMP+TKIP][WPA2-PSK-CCMP+TKIP][ESS], level: -71, frequency: 2462, timestamp: 19831196042, distance: ?(cm), distanceSd: ?(cm)
D/WifiStateMachine(  861):  scan result = SSID: Instant Internet, BSSID: 10:05:ca:42:0f:af, capabilities: [ESS], level: -76, frequency: 5805, timestamp: 98366316412, distance: ?(cm), distanceSd: ?(cm)
D/WifiStateMachine(  861):  scan result = SSID: dialogwireless, BSSID: 20:4e:7f:c2:da:64, capabilities: [WPA2-PSK-CCMP][WPS][ESS], level: -76, frequency: 2462, timestamp: 7332241568, distance: ?(cm), distanceSd: ?(cm)
D/WifiStateMachine(  861):  scan result = SSID: Bluetooth World, BSSID: 88:75:56:c6:f5:1c, capabilities: [WPA-PSK-CCMP+TKIP][WPA2-PSK-CCMP+TKIP][ESS], level: -88, frequency: 5660, timestamp: 12253693968418, distance: ?(cm), distanceSd: ?(cm)
D/WifiStateMachine(  861):  scan result = SSID: , BSSID: 88:75:56:c6:f5:1e, capabilities: [WPA-PSK-CCMP+TKIP][WPA2-PSK-CCMP+TKIP][ESS], level: -88, frequency: 5660, timestamp: 12253693759522, distance: ?(cm), distanceSd: ?(cm)
D/WifiStateMachine(  861):  scan result = SSID: , BSSID: 20:3a:07:49:2e:01, capabilities: [WPA-PSK-TKIP][WPA2-PSK-TKIP][ESS], level: -58, frequency: 2437, timestamp: 12253660336290, distance: ?(cm), distanceSd: ?(cm)
D/WifiStateMachine(  861):  scan result = SSID: CC-FAB, BSSID: 48:5b:39:bc:7e:9e, capabilities: [WPA-PSK-CCMP+TKIP][WPA2-PSK-CCMP+TKIP][WPS][ESS], level: -74, frequency: 2422, timestamp: 110130238300, distance: ?(cm), distanceSd: ?(cm)
D/libc    (  258): [NET] getaddrinfo+,hn 14(0x31302e3130332e),sn(),family 0,flags 4
D/libc    (  258): [NET] getaddrinfo-, SUCCESS
D/libc    (  258): [NET] getaddrinfo+,hn 7(0x302e302e302e30),sn(),family 0,flags 4
D/libc    (  258): [NET] getaddrinfo-, SUCCESS
D/WifiStateMachine(  861):  scan result = SSID: FreeInternet, BSSID: 88:75:56:c6:f5:1d, capabilities: [ESS], level: -89, frequency: 5660, timestamp: 12253674958882, distance: ?(cm), distanceSd: ?(cm)
D/WifiStateMachine(  861):  scan result = SSID: Exhibitor Internet, BSSID: 20:3a:07:9e:84:eb, capabilities: [ESS], level: -85, frequency: 5700, timestamp: 12253677047842, distance: ?(cm), distanceSd: ?(cm)
D/WifiStateMachine(  861):  scan result = SSID: Instant Internet, BSSID: 20:3a:07:9e:84:ef, capabilities: [ESS], level: -85, frequency: 5700, timestamp: 12253663051810, distance: ?(cm), distanceSd: ?(cm)
D/WifiStateMachine(  861):  scan result = SSID: BTW Backup 2.4G, BSSID: 10:05:ca:65:e3:73, capabilities: [WPA-PSK-CCMP+TKIP][WPA2-PSK-CCMP+TKIP][ESS], level: -85, frequency: 2437, timestamp: 12253736063842, distance: ?(cm), distanceSd: ?(cm)
D/WifiStateMachine(  861):  scan result = SSID: Bluetooth World, BSSID: 20:3a:07:9e:84:ed, capabilities: [WPA-PSK-CCMP+TKIP][WPA2-PSK-CCMP+TKIP][ESS], level: -89, frequency: 5700, timestamp: 12253682061346, distance: ?(cm), distanceSd: ?(cm)
D/WifiStateMachine(  861):  scan result = SSID: FreeInternet, BSSID: 10:05:ca:42:0f:a2, capabilities: [ESS], level: -87, frequency: 2437, timestamp: 5797768101926, distance: ?(cm), distanceSd: ?(cm)
D/WifiStateMachine(  861):  scan result = SSID: , BSSID: 10:05:ca:65:e3:71, capabilities: [WPA-PSK-CCMP+TKIP][WPA2-PSK-CCMP+TKIP][ESS], level: -86, frequency: 2437, timestamp: 12253744335458, distance: ?(cm), distanceSd: ?(cm)
D/WifiStateMachine(  861):  scan result = SSID: BTW Backup 2.4G, BSSID: 20:3a:07:9e:7f:d3, capabilities: [WPA-PSK-CCMP+TKIP][WPA2-PSK-CCMP+TKIP][ESS], level: -89, frequency: 2412, timestamp: 12253655118243, distance: ?(cm), distanceSd: ?(cm)
D/WifiStateMachine(  861):  scan result = SSID: , BSSID: 20:3a:07:9e:84:ee, capabilities: [WPA-PSK-CCMP+TKIP][WPA2-PSK-CCMP+TKIP][ESS], level: -88, frequency: 5700, timestamp: 12253682061346, distance: ?(cm), distanceSd: ?(cm)
D/WifiStateMachine(  861):  scan result = SSID: FreeInternet, BSSID: 20:3a:07:49:2e:02, capabilities: [ESS], level: -54, frequency: 2437, timestamp: 12253649787052, distance: ?(cm), distanceSd: ?(cm)
D/WifiStateMachine(  861):  scan result = SSID: MJ-AP, BSSID: 28:cf:e9:86:f1:c2, capabilities: [ESS], level: -68, frequency: 2412, timestamp: 21684941364, distance: ?(cm), distanceSd: ?(cm)
D/libc    (  258): [NET] getaddrinfo+,hn 11(0x3137322e32362e),sn(),family 0,flags 4
D/WifiStateMachine(  861):  scan result = SSID: Instant Internet, BSSID: 10:05:ca:65:e3:70, capabilities: [ESS], level: -87, frequency: 2437, timestamp: 12253749743782, distance: ?(cm), distanceSd: ?(cm)
D/libc    (  258): [NET] getaddrinfo-, SUCCESS
D/libc    (  258): [NET] getaddrinfo+,hn 14(0x31302e3130332e),sn(),family 0,flags 4
D/WifiStateMachine(  861):  scan result = SSID: , BSSID: 10:05:ca:65:e3:7e, capabilities: [WPA-PSK-CCMP+TKIP][WPA2-PSK-CCMP+TKIP][ESS], level: -76, frequency: 5320, timestamp: 10208538630, distance: ?(cm), distanceSd: ?(cm)
D/libc    (  258): [NET] getaddrinfo-, SUCCESS
D/WifiStateMachine(  861):  scan result = SSID: Verizon-MiFi5510L-B1E8, BSSID: 00:15:ff:a6:b1:e8, capabilities: [WPA2-PSK-CCMP][ESS], level: -92, frequency: 2412, timestamp: 1478262991, distance: ?(cm), distanceSd: ?(cm)
D/WifiStateMachine(  861): == (38) end of scan result ==
D/ConnectivityService(  861): Removing 10.103.226.153/32 -> 0.0.0.0 for interface rmnet_usb0
W/ConnectivityService(  861): Exception trying to remove a route: java.lang.IllegalStateException: command '7253 interface route remove rmnet_usb0 default 10.103.226.153 32 0.0.0.0' failed with '400 7253 Failed to remove route from default table (No such process)'
D/ConnectivityService(  861): Removing 172.26.38.2/32 -> 10.103.226.153 for interface rmnet_usb0
W/ConnectivityService(  861): Exception trying to remove a route: java.lang.IllegalStateException: command '7254 interface route remove rmnet_usb0 default 172.26.38.2 32 10.103.226.153' failed with '400 7254 Failed to remove route from default table (No such process)'
D/ConnectivityService(  861): handleConnectivityChange: resetting
D/ConnectivityService(  861): resetConnections(rmnet_usb0, 3)
D/libc    (  258): *************************
D/libc    (  258): *** DNS CACHE FLUSHED ***
D/libc    (  258): *************************
D/ConnectivityService(  861): flush DNS cache for net 3(rmnet_usb0)
D/Nat464Xlat(  861): requiresClat: netType=3, hasIPv4Address=true
D/ConnectivityService(  861): sendStickyBroadcast: action=android.net.conn.CONNECTIVITY_CHANGE_IMMEDIATE
D/PMS     (  861): acquireWL(42d81d38): PARTIAL_WAKE_LOCK  NetworkStats 0x1 861 1000
D/ConnectivityService(  861): sendStickyBroadcastDelayed: delayMs=1000, action=android.net.conn.CONNECTIVITY_CHANGE
D/ConnectivityService(  861): handleDisconnect, type=3, ACC=false, null active network=false, mobiledata=true,mActiveDefaultNetwork=1, mUserEnableNotify=true, mIsConnectedtoDisconnect=true, mIsQuickbootBlockWiFiNotify=false
D/ConnectivityService(  861): mActiveDefaultNetwork: WIFI
D/NetworkPolicy(  861): setNetworkTemplateEnable,template rule=1, enable=true
D/NetworkPolicy(  861): setNetworkTemplateEnable,template rule=4, enable=true
D/NetworkPolicy(  861): setNetworkTemplateEnable,template rule=1, enable=true
I/RecentApps.Perf( 1035): loadThumbnail get:9 refine:0 label:Smart To
I/RecentApps.Perf( 1035): refreshRecentTasksList:155
D/bt-att  (16633): gatt_get_ch_state: ch_state=4
D/bt-att  (16633): gatt_end_operation status=0 op=3 subtype=2
D/bt-btm  (16633): BTM_IsBleLink
D/bt-btm  (16633): btm_bda_to_acl found
I/bt-btif (16633): HAL bt_gatt_callbacks->client->write_characteristic_cb
D/BtGatt.GattService(16633): onWriteCharacteristic() - address=20:73:7A:10:02:26, status=0
D/BluetoothGatt(19820): onCharacteristicWrite() - Device=20:73:7A:10:02:26 UUID=4ad39e52-69d1-4b7a-9940-43a120df7b32 Status=0
D/BluetoothDevice(16633): getService() entry
I/AutoTest( 1035): [SystemUI][RecentApp_Launch_Finish][1429131394749][ms][FINISH]
D/CordovaLog(19820): file:///android_asset/www/js/current_index.js: Line 474 : valueWriteSuccessCallback:0
I/chromium(19820): [INFO:CONSOLE(474)] "valueWriteSuccessCallback:0", source: file:///android_asset/www/js/current_index.js (474)
D/CordovaLog(19820): file:///android_asset/www/js/current_index.js: Line 1350 : handleBLECallback
I/chromium(19820): [INFO:CONSOLE(1350)] "handleBLECallback", source: file:///android_asset/www/js/current_index.js (1350)
D/CordovaLog(19820): file:///android_asset/www/js/current_index.js: Line 1351 : {"value":"AQAEdHJ1ZQ==","characteristicUuid":"4ad39e52-69d1-4b7a-9940-43a120df7b32","status":"written","address":"20:73:7A:10:02:26","serviceUuid":"4ad39e52-69d1-4b7a-9940-43a120df7b2d","name":"Bubble"}
I/chromium(19820): [INFO:CONSOLE(1351)] "{"value":"AQAEdHJ1ZQ==","characteristicUuid":"4ad39e52-69d1-4b7a-9940-43a120df7b32","status":"written","address":"20:73:7A:10:02:26","serviceUuid":"4ad39e52-69d1-4b7a-9940-43a120df7b2d","name":"Bubble"}", source: file:///android_asset/www/js/current_index.js (1351)
D/TelephonyCallback( 1035): DataState: 0
D/StatusBar.NetworkController( 1035): dumpState[0 0 0 13 false UNKNOWN 6]
D/StatusBar.NetworkController( 1035): dumpIcon[(gone) stat_sys_5signal_1|null stat_sys_wifi_signal_inandout_3 (gone) F]
W/ResourceType( 1035): Skipping entry 0x105003c in package table 0 because it is not complex!
W/AtomicFile(  861): Couldn't rename file /dev/block/mmcblk0p31 to backup file /dev/block/mmcblk0p31.bak
E/NetworkStats(  861): problem writing rx/tx stats: 
E/NetworkStats(  861): java.io.IOException: Couldn't create directory /dev/block/mmcblk0p31
E/NetworkStats(  861): 	at com.android.internal.os.AtomicFile.startWrite(AtomicFile.java:74)
E/NetworkStats(  861): 	at com.android.server.net.NetworkStatsService.writeNetworkRxTxStatsLocked(NetworkStatsService.java:1386)
E/NetworkStats(  861): 	at com.android.server.net.NetworkStatsService.performPollLocked(NetworkStatsService.java:1224)
E/NetworkStats(  861): 	at com.android.server.net.NetworkStatsService.updateIfacesLocked(NetworkStatsService.java:1025)
E/NetworkStats(  861): 	at com.android.server.net.NetworkStatsService.updateIfaces(NetworkStatsService.java:1002)
E/NetworkStats(  861): 	at com.android.server.net.NetworkStatsService.access$600(NetworkStatsService.java:166)
E/NetworkStats(  861): 	at com.android.server.net.NetworkStatsService$2.onReceive(NetworkStatsService.java:870)
E/NetworkStats(  861): 	at android.app.LoadedApk$ReceiverDispatcher$Args.run(LoadedApk.java:848)
E/NetworkStats(  861): 	at android.os.Handler.handleCallback(Handler.java:733)
E/NetworkStats(  861): 	at android.os.Handler.dispatchMessage(Handler.java:95)
E/NetworkStats(  861): 	at android.os.Looper.loop(Looper.java:157)
E/NetworkStats(  861): 	at android.os.HandlerThread.run(HandlerThread.java:61)
D/PMS     (  861): releaseWL(42d81d38): PARTIAL_WAKE_LOCK  NetworkStats 0x1
I/RecentApps.Perf( 1035): loadThumbnail get:12 refine:3 label:Running services
D/CordovaLog(19820): file:///android_asset/www/js/current_index.js: Line 163 : sendEvent:0
I/chromium(19820): [INFO:CONSOLE(163)] "sendEvent:0", source: file:///android_asset/www/js/current_index.js (163)
I/InputMethodManagerService(  861): Disable input method client, pid=1253
I/InputMethodManagerService(  861): Enable input method client, pid=1035
D/BluetoothDevice(16633): getService() entry
I/ActivityManager(  861): Displayed com.android.systemui/.recent.RecentAppFxActivity: +366ms
D/BluetoothGatt(19820): writeCharacteristic() - uuid: 4ad39e52-69d1-4b7a-9940-43a120df7b2f
D/BtGatt.GattService(16633): writeCharacteristic() - address=20:73:7A:10:02:26
I/RecentApps.Perf( 1035): loadThumbnail get:11 refine:0 label:Messages
D/NetworkPolicy(  861): setNetworkTemplateEnable,template rule=1, enable=true
D/NetworkPolicy(  861): setNetworkTemplateEnable,template rule=4, enable=true
D/NetworkPolicy(  861): setNetworkTemplateEnable,template rule=1, enable=true
D/libc    (20969): [NET] getaddrinfo+,hn 15(0x636e2d6463312e),sn(),family 0,flags 4
D/libc    (20969): [NET] getaddrinfo-,err=8
D/libc    (20969): [NET] getaddrinfo+,hn 15(0x636e2d6463312e),sn(),family 0,flags 1024
D/libc    (20969): [NET] getaddrinfo-, 1
D/libc    (20969): [NET] getaddrinfo_proxy+
D/libc    (  258): [NET] getaddrinfo+,hn 15(0x636e2d6463312e),sn(),family 0,flags 1024
D/libc    (  258): [NET]_dns_getaddrinfo+ interface=
D/libc    (  258): [NET] +++++ res_nsend xid =2a1 +++++
D/libc    (  258): [NET] res_nLookupCache: rstatp->iface =
D/libc    (  258): [NET]res_queryN: exit 3, ancount=15
D/libc    (  258): [NET]_dns_getaddrinfo-, (NS_SUCCESS)
D/libc    (  258): [NET] getaddrinfo-, SUCCESS
D/libc    (20969): [NET] getaddrinfo_proxy-, success
I/RecentApps.Perf( 1035): loadThumbnail get:15 refine:0 label:Chrome
D/ActivityThread(21875): Loading provider customization_settings: com.htc.provider.CustomizationSettings.CustomizationSettingsProvider
D/PMS     (  861): releaseWL(4397a988): PARTIAL_WAKE_LOCK  ActivityManager-Launch 0x1
I/RecentApps.Perf( 1035): loadThumbnail get:26 refine:2 label:WeChat
D/LocationManagerService(  861): incoming location from: network
D/LocationManagerService(  861): incoming location from: network
D/PMS     (  861): acquireWL(42f007c0): PARTIAL_WAKE_LOCK  NlpWakeLock 0x1 1286 10020
D/PMS     (  861): releaseWL(42f007c0): PARTIAL_WAKE_LOCK  NlpWakeLock 0x1
D/PMS     (  861): acquireWL(428bc650): PARTIAL_WAKE_LOCK  NlpWakeLock 0x1 1286 10020
D/PMS     (  861): acquireWL(43e3ee78): PARTIAL_WAKE_LOCK  LocationManagerService 0x1 861 1000
D/PMS     (  861): releaseWL(428bc650): PARTIAL_WAKE_LOCK  NlpWakeLock 0x1
D/PMS     (  861): acquireWL(439f37c8): PARTIAL_WAKE_LOCK  NlpWakeLock 0x1 1286 10020
D/PMS     (  861): acquireWL(4398c580): PARTIAL_WAKE_LOCK  GCoreFlp 0x1 1286 10020
I/TrimMemoryManager( 1253): [trimMemory] 20
D/PMS     (  861): acquireWL(438d5d80): PARTIAL_WAKE_LOCK  GCoreFlp 0x1 1286 10020
D/PMS     (  861): acquireWL(43280b70): PARTIAL_WAKE_LOCK  GCoreFlp 0x1 1286 10020
D/PMS     (  861): releaseWL(4398c580): PARTIAL_WAKE_LOCK  GCoreFlp 0x1
D/PMS     (  861): acquireWL(430c8160): PARTIAL_WAKE_LOCK  GCoreFlp 0x1 1286 10020
D/PMS     (  861): releaseWL(439f37c8): PARTIAL_WAKE_LOCK  NlpWakeLock 0x1
D/WifiService(  861): releaseWifiLockLocked: WifiLock{NlpWifiLock type=2 binder=android.os.BinderProxy@42c247c0}
D/PMS     (  861): acquireWL(42f09488): PARTIAL_WAKE_LOCK  LocationManagerService 0x1 861 1000
D/PMS     (  861): releaseWL(43ebd0a0): PARTIAL_WAKE_LOCK  NlpWakeLock 0x1
D/AutoSetting( 7804): service - onStartCommand() action: com.htc.app.autosetting.location
D/AutoSetting( 7804): service - handleMessage() within range
D/PMS     (  861): acquireWL(4381b308): PARTIAL_WAKE_LOCK  LocationManagerService 0x1 861 1000
D/PMS     (  861): acquireWL(4349b268): PARTIAL_WAKE_LOCK  LocationManagerService 0x1 861 1000
D/PMS     (  861): releaseWL(430c8160): PARTIAL_WAKE_LOCK  GCoreFlp 0x1
D/PMS     (  861): releaseWL(438d5d80): PARTIAL_WAKE_LOCK  GCoreFlp 0x1
D/PMS     (  861): acquireWL(4320bbc0): PARTIAL_WAKE_LOCK  LocationManagerService 0x1 861 1000
D/PMS     (  861): releaseWL(43280b70): PARTIAL_WAKE_LOCK  GCoreFlp 0x1
D/QMI_FW  (  861): QCCI: QMI_CCI_TX: cntl_flag - 00, txn_id - 08d0, msg_id - 0039, msg_len - 0021
D/QMI_FW  (  861): QCCI: QMUXD: xport_send[1 -> 16]: 40 bytes on conn_id=9
D/PMS     (  861): releaseWL(43e3ee78): PARTIAL_WAKE_LOCK  LocationManagerService 0x1
D/PMS     (  861): releaseWL(4349b268): PARTIAL_WAKE_LOCK  LocationManagerService 0x1
D/PMS     (  861): releaseWL(4381b308): PARTIAL_WAKE_LOCK  LocationManagerService 0x1
D/PMS     (  861): releaseWL(42f09488): PARTIAL_WAKE_LOCK  LocationManagerService 0x1
D/CordovaLog(19820): file:///android_asset/www/js/current_index.js: Line 163 : sendEvent:0
I/chromium(19820): [INFO:CONSOLE(163)] "sendEvent:0", source: file:///android_asset/www/js/current_index.js (163)
I/RecentApps.Perf( 1035): loadThumbnail get:9 refine:0 label:Gmail
D/BluetoothDevice(16633): getService() entry
D/PMS     (  861): releaseWL(4320bbc0): PARTIAL_WAKE_LOCK  LocationManagerService 0x1
D/BluetoothGatt(19820): writeCharacteristic() - uuid: 4ad39e52-69d1-4b7a-9940-43a120df7b2f
D/BtGatt.GattService(16633): writeCharacteristic() - address=20:73:7A:10:02:26
E/bt-btif (16633): already has a pending command!!
E/LocSvc_adapter(  861): E/virtual loc_api_adapter_err LocApiV02Adapter::injectPosition(double, double, float):632]: error! status = eLOC_CLIENT_FAILURE_INVALID_PARAMETER, inject_pos_ind.status = UNKNOWN
D/GpsLocationProvider(  861): [reportHTCStatus] eventMask = 2 , status = 1
D/GpsLocationProvider(  861): [reportHTCStatus] INJECT_LOCATION
D/QMI_FW  (  861): QCCI: QMUXD: xport_rx[1 <- 16]: 14 bytes on conn_id: 9
D/QMI_FW  (  861): QCCI: QMI_CCI_RX: cntl_flag - 02, txn_id - 08d0, msg_id - 0039, msg_len - 0007
D/CalendarProvider2(21875): wait start:true
I/RecentApps.Perf( 1035): loadThumbnail get:8 refine:1 label:WiFi
D/CalendarProvider2(21875): wait end:false
I/ActivityManager(  861): Recipient 20862
I/ActivityManager(  861): Process com.futuredial (pid 20862) has died.
I/ActivityManager(  861): Recipient 21220
I/ActivityManager(  861): Process com.htc.aurora (pid 21220) has died.
D/WifiStateMachine(  861): startScan Pid: 1286 Uid 10020
D/WifiNative-wlan0(  861): doBoolean: SCAN TYPE=ONLY
W/WifiHW  (  861): QCOM Debug wifi_send_command "IFNAME=wlan0 SCAN TYPE=ONLY"
I/wpa_supplicant(13437): wlan0: wpa_supplicant_scan enter
I/wpa_supplicant(13437): wlan0: ap_scan=1 , scan_req =2
I/wpa_supplicant(13437): wpa_supplicant_trigger_scan +
I/wpa_supplicant(13437): Scan req (ret=0) - timeout 30 secs
D/wpa_supplicant(13437): nl80211: Event message available
D/wpa_supplicant(13437): nl80211: Drv Event 33 (NL80211_CMD_TRIGGER_SCAN) received for wlan0
D/WifiNative-wlan0(  861):    returned true
D/PMS     (  861): acquireWL(435cec40): PARTIAL_WAKE_LOCK  AlarmManager 0x1 861 1000
V/AlarmManager(  861): sending alarm PendingIntent{43831ff0: PendingIntentRecord{42e6dbe0 com.google.android.gms broadcastIntent}}, i=com.google.android.gms.nlp.ALARM_WAKEUP_LOCATOR, t=2, cnt=1, w=95289106, Int=0
D/PMS     (  861): acquireWL(43589d68): PARTIAL_WAKE_LOCK  NlpWakeLock 0x1 1286 10020
D/PMS     (  861): releaseWL(435cec40): PARTIAL_WAKE_LOCK  AlarmManager 0x1
D/PMS     (  861): acquireWL(4334c040): PARTIAL_WAKE_LOCK  NlpWakeLock 0x1 1286 10020
D/WifiService(  861): acquireWifiLockLocked: WifiLock{NlpWifiLock type=2 binder=android.os.BinderProxy@42c247c0}
D/BatSI   (  861): WIFI scan started for: 471b0014 uid:10184
D/PMS     (  861): releaseWL(43589d68): PARTIAL_WAKE_LOCK  NlpWakeLock 0x1
D/CordovaLog(19820): file:///android_asset/www/js/current_index.js: Line 163 : sendEvent:0
I/chromium(19820): [INFO:CONSOLE(163)] "sendEvent:0", source: file:///android_asset/www/js/current_index.js (163)
D/BluetoothDevice(16633): getService() entry
D/BluetoothGatt(19820): writeCharacteristic() - uuid: 4ad39e52-69d1-4b7a-9940-43a120df7b2f
D/BtGatt.GattService(16633): writeCharacteristic() - address=20:73:7A:10:02:26
E/bt-btif (16633): already has a pending command!!
I/ActivityManager(  861): Recipient 21190
I/ActivityManager(  861): Process com.google.android.setupwizard (pid 21190) has died.
I/ActivityManager(  861): Recipient 21176
I/ActivityManager(  861): Process com.htc.htcMessageUploader (pid 21176) has died.
D/WifiNative-wlan0(  861): doString: SIGNAL_POLL
W/WifiHW  (  861): QCOM Debug wifi_send_command "IFNAME=wlan0 SIGNAL_POLL"
D/wpa_supplicant(13437): nl80211: survey data missing!
I/wpa_supplicant(13437): environment dirty rate=30 [23][7][0]
D/WifiStateMachine(  861): fetchRssiAndLinkSpeedNative RSSI = -73 abnormalRssiCnt = 0 newLinkSpeed = 39
D/WifiStateMachine(  861): fetchRssiAndLinkSpeedNative mLinkspeedCount = 5, mLinkspeedSum: 585
D/WifiNative-wlan0(  861): doBoolean: SignalStrength 25
W/WifiHW  (  861): QCOM Debug wifi_send_command "IFNAME=wlan0 SignalStrength 25"
D/WifiNative-wlan0(  861):    returned false
D/WifiStateMachine(  861): [ScoreAP] + current TXpacket:2822, mTXpacketCount:2747, avgLinkspeed:117,mAvgTxRate150
D/WifiStateMachine(  861): [ScoreAP] + TX packet didn't send enough number, don't update TX rate in DB
D/CordovaLog(19820): file:///android_asset/www/js/current_index.js: Line 163 : sendEvent:0
I/chromium(19820): [INFO:CONSOLE(163)] "sendEvent:0", source: file:///android_asset/www/js/current_index.js (163)
D/BluetoothDevice(16633): getService() entry
D/BluetoothGatt(19820): writeCharacteristic() - uuid: 4ad39e52-69d1-4b7a-9940-43a120df7b2f
D/BtGatt.GattService(16633): writeCharacteristic() - address=20:73:7A:10:02:26
E/bt-btif (16633): already has a pending command!!
I/ActivityManager(  861): Recipient 21367
I/ActivityManager(  861): Process com.joelapenna.foursquared (pid 21367) has died.
D/WifiService(  861): Client connection lost with reason: 4
D/PhoneStatusBar( 1035): Status bar WINDOW_STATE_HIDING
D/Process (  861): killProcessQuiet, pid=19820
D/CordovaActivity(19820): CordovaActivity.onDestroy()
D/CordovaWebView(19820): >>> loadUrlNow()
I/ActivityManager(  861): Killing 19820:com.anaren.atmosphere/u0a328 (adj 9): remove task
D/Process (  861): com.android.server.am.ActivityManagerService.killUnneededProcessLocked:7532 com.android.server.am.ActivityManagerService.cleanUpRemovedTaskLocked:7579 com.android.server.am.ActivityManagerService.removeTask:7611 
D/BtGatt.GattService(16633): Binder is dead - unregistering client (6)!
D/BtGatt.GattService(16633): stopScan() - queue=0
D/BtGatt.GattService(16633): stopScan() - queue empty; stopping scan
I/bt-btif (16633): BTA_DmBleObserve:start = 0 
I/bt-btm  (16633): BTM_BleObserve 
D/BtGatt.GattService(16633): unregisterClient() - clientIf=6
D/bt-btm  (16633): BTM_IsBleLink
D/bt-btm  (16633): btm_bda_to_acl found
I/bt-att  (16633): GATT_Disconnect conn_id=6 
D/bt-att  (16633): gatt_update_app_use_link_flag  is_add=0 chk_link=0
D/bt-att  (16633): gatt_update_app_hold_link_status found=1[1-found] idx=0 gatt_if=6 is_add=0
D/bt-att  (16633): gatt_num_apps_hold_link   num=0
D/bt-att  (16633): gatt_disconnect 
D/bt-att  (16633): gatt_get_ch_state: ch_state=4
I/bt-btm  (16633): btm_sec_send_hci_disconnect:  handle:0xc, reason=0x13
I/bt-att  (16633): GATT_Deregister gatt_if=6
D/bt-att  (16633): gatt_get_ch_state: ch_state=4
D/bt-att  (16633): gatt_update_app_use_link_flag  is_add=0 chk_link=0
D/bt-att  (16633): gatt_update_app_hold_link_status found=0[1-found] idx=10 gatt_if=6 is_add=0
D/bt-att  (16633): gatt_num_apps_hold_link   num=0
D/bt-att  (16633): gatt_disconnect 
D/bt-att  (16633): gatt_get_ch_state: ch_state=4
I/bt-btif (16633): HAL bt_gatt_callbacks->client->close_cb
D/BtGatt.GattService(16633): onDisconnected() - clientIf=6, connId=6, address=20:73:7A:10:02:26
E/BtGatt.ContextMap(16633): Context not found for ID 6
I/ActivityManager(  861): Recipient 19820
I/WindowState(  861): WIN DEATH: Window{431b3480 u0 com.anaren.atmosphere/com.anaren.atmosphere.CordovaApp}
W/bt-l2cap(16633): L2CA_RemoveFixedChnl()  CID: 0x0004  BDA: 20737a100226 not connected
I/bt-att  (16633): GATT_Listen gatt_if=6
I/bt-btm  (16633): BTM_BleUpdateAdvFilterPolicy
I/bt-btm  (16633): BTM_ReadConnectability
I/bt-btm  (16633): BTM_SetConnectability
I/bt-btm  (16633): btm_ble_set_connectability mode=0x0 combined_mode=0x1
I/bt-btm  (16633): always disable adv in non-discoverable non-connectable mode with no scan rsp
I/bt-btm  (16633): BTM_SetConnectability: mode 1 [NonConn-0, Conn-1], window 0x0012, interval 0x0800
D/ConnectivityService(  861): sendStickyBroadcast: action=android.net.conn.CONNECTIVITY_CHANGE
D/CaptivePortalTracker(  861): DelayedCaptiveCheckState
V/Tethering(  861): mTetherableUsbRegexs:{(usb0)(ncm0)}
D/PMS     (  861): acquireWL(42b64580): PARTIAL_WAKE_LOCK  GpsLocationProvider 0x1 861 1000
D/PMS     (  861): acquireWL(43941a10): PARTIAL_WAKE_LOCK  SyncLoopWakeLock 0x1 861 1000
I/NetworkMonitor(21630): type=WIFI subType= reason=null isConnected=true
I/ConnectivityHelper( 1253): [onReceive] mobile_supl(3): DISCONNECTED
D/PMS     (  861): releaseWL(43941a10): PARTIAL_WAKE_LOCK  SyncLoopWakeLock 0x1
D/GpsLocationProvider(  861): [handleMessage] UPDATE_NETWORK_STATE
D/GpsLocationProvider(  861): updateNetworkState available info:  NetworkInfo  Type: mobile_supl Subtype: LTE NetworkState: DISCONNECTED DetailedState: LTE Reason: dataDisabled, roaming: false, failover: false, isAvailable: true
V/Tethering(  861): blHotspotCid:true
V/Tethering(  861): blHotSpotNonCid:true
V/Tethering(  861): bSetPropertyMultiRAB:false
V/Tethering(  861): DHCP {(192.168.42.2)(192.168.42.254)(192.168.44.2)(192.168.44.254)(192.168.45.2)(192.168.45.254)(192.168.46.2)(192.168.46.254)(192.168.47.2)(192.168.47.254)(192.168.48.2)(192.168.48.254)}, DUN=true/false, upif={(usb0)(ncm0)} {(wl0.1)(tiap0)(wlan0)(wlan1)(softap.0)}
D/Tethering(  861): Tethering got CONNECTIVITY_ACTION type: mobile_supl, subtype: LTE, status: DISCONNECTED
D/PollingManager( 5643): ignoring connectivity_action: since I don't like the type: NetworkInfo: type: mobile_supl[LTE, type_ext: mobile_supl], state: DISCONNECTED/DISCONNECTED, reason: dataDisabled, extra: phone, roaming: false, failover: false, isAvailable: true, isConnectedToProvisioningNetwork: false, isIpv4Connected: false, isIpv6Connected: false
D/htcCheckinService(  861): ConnectivityReceiver - onReceive() - original mNetworkConnected = true
D/WifiStateMachine(  861): startScan Pid: 7357 Uid 10020
D/WifiNative-wlan0(  861): doBoolean: SCAN TYPE=ONLY
W/WifiHW  (  861): QCOM Debug wifi_send_command "IFNAME=wlan0 SCAN TYPE=ONLY"
I/wpa_supplicant(13437): Ongoing scan action - reject new request (wpa_state=9)(scanning=1)
W/WifiHW  (  861): QCOM Debug wifi_send_command "IFNAME=wlan0 SCAN TYPE=ONLY" Return -1
D/WifiNative-wlan0(  861):    returned false
I/ActivityManager(  861): Start proc com.htc.htcMessageUploader for broadcast com.htc.htcMessageUploader/.UploadMessageScheduleReceiver: pid=21915 uid=10027 gids={50027, 3003, 5012}
D/GpsLocationProvider(  861): getAGpsConnectionInfo connType - 1
D/GpsLocationProvider(  861): IsWaitingDisconnection: false
D/PMS     (  861): releaseWL(42b64580): PARTIAL_WAKE_LOCK  GpsLocationProvider 0x1
I/HtcMessageUploader.UploadMessageScheduleReceiver(21915): Schedule message upload:Intent { act=android.net.conn.CONNECTIVITY_CHANGE flg=0x4000010 cmp=com.htc.htcMessageUploader/.UploadMessageScheduleReceiver (has extras) }
D/PhoneStatusBar( 1035): Status bar WINDOW_STATE_HIDDEN
I/HtcMessageUploader.UploadMessageService(21915): onCreate()
I/ActivityManager(  861): Start proc com.google.android.setupwizard for broadcast com.google.android.setupwizard/.MobileConnectivityChangeReceiver: pid=21928 uid=10034 gids={50034, 3003, 5012}
I/HtcMessageUploader.UploadMessageService(21915): Start to upload msg at 2416763 ms later, and repeat every 28800000 ms
I/HtcMessageUploader.UploadMessageService(21915): <<onHandleIntent
I/HtcMessageUploader.UploadMessageService(21915): onDestroy()
W/CpuWake (  861): >>nativeReleaseCpuPerfWakeLock()
W/CpuWake (  861): <<nativeReleaseCpuPerfWakeLock()
I/CalendarProvider2(21875): Sending notification intent: Intent { act=android.intent.action.PROVIDER_CHANGED dat=content: }
W/ContentResolver(21875): Failed to get type for: content://com.android.calendar (Unknown URL content://com.android.calendar)
D/MobileConnectivityChangeReceiver(21928): onReceive Intent { act=android.net.conn.CONNECTIVITY_CHANGE flg=0x4000010 cmp=com.google.android.setupwizard/.MobileConnectivityChangeReceiver (has extras) }
D/MobileConnectivityChangeReceiver(21928): onReceive CONNECTIVITY_CHANGE networkType=3
E/PhoneMonitor(21928): onOtaspChanged old =0, new =3
V/PhoneMonitor(21928): mOtaspPhoneStateListener#onOtaspChanged, mOtaspMode=3
D/PMS     (  861): acquireWL(431afa98): PARTIAL_WAKE_LOCK  Checkin Handoff 0x1 7357 10020
I/CheckinService( 7357): Checking schedule, now: 1429131396100 next: 1429131394319
I/CheckinService( 7357): active receiver: enabled
D/PMS     (  861): acquireWL(433a47b0): PARTIAL_WAKE_LOCK  Checkin Service 0x1 7357 10020
D/PMS     (  861): releaseWL(431afa98): PARTIAL_WAKE_LOCK  Checkin Handoff 0x1
I/PackageManager(  861):  setEnabledSetting(), pkgName=com.google.android.gms, clsName=com.google.android.gms.checkin.CheckinService$ActiveReceiver, state=1, flag=1, pid=7357, uid=10020, userID:0
I/CheckinService( 7357): Preparing to send checkin request
I/EventLogService( 7357): Accumulating logs since 1429131360192
D/libc    (17211): [NET] getaddrinfo+,hn 22(0x656467652d6d71),sn(),family 0,flags 4
D/libc    (17211): [NET] getaddrinfo-,err=8
D/libc    (17211): [NET] getaddrinfo+,hn 22(0x656467652d6d71),sn(),family 0,flags 1024
I/ActivityManager(  861): Start proc com.htc.reportagent for broadcast com.htc.reportagent/.receiver.NetworkChangeReceiver: pid=21950 uid=10068 gids={50068, 3003, 5012, 1007, 1028, 1015}
D/libc    (17211): [NET] getaddrinfo-, 1
D/libc    (17211): [NET] getaddrinfo_proxy+
D/libc    (  258): [NET] getaddrinfo+,hn 22(0x656467652d6d71),sn(),family 0,flags 1024
D/libc    (  258): [NET]_dns_getaddrinfo+ interface=
D/libc    (  258): [NET] +++++ res_nsend xid =202f +++++
D/libc    (  258): [NET] res_nLookupCache: rstatp->iface =
D/libc    (  258): [NET]res_queryN: exit 3, ancount=2
D/libc    (  258): [NET]_dns_getaddrinfo-, (NS_SUCCESS)
D/libc    (  258): [NET] getaddrinfo-, SUCCESS
D/libc    (17211): [NET] getaddrinfo_proxy-, success
D/PMS     (  861): acquireWL(43e826f0): PARTIAL_WAKE_LOCK  NlpWakeLock 0x1 1286 10020
D/PMS     (  861): acquireWL(4463d218): PARTIAL_WAKE_LOCK  Wakeful StateMachine: GeofencerStateMachine 0x1 1286 10020
I/GCoreUlr( 1286): Received powerMode change from NLP: com.google.android.location.activity.DEEP_STILL_MODE_DISABLED
I/GCoreUlr( 1286): Starting service, intent=Intent { act=com.google.android.location.reporting.ACTION_UPDATE_ACTIVE_STATE cmp=com.google.android.gms/com.google.android.location.reporting.service.DispatchingService (has extras) }, extras=Bundle[{source=PowerModeReceiver}]
D/PMS     (  861): releaseWL(4463d218): PARTIAL_WAKE_LOCK  Wakeful StateMachine: GeofencerStateMachine 0x1
D/Recents ( 1035): recents : 12
D/PMS     (  861): acquireWL(432714d0): PARTIAL_WAKE_LOCK  UlrDispatchingService 0x1 1286 10020
I/SensorManager( 1286): registerListenerImpl: listener = com.google.android.location.collectionlib.ck@42616610, sensor = {Sensor name="LSM330 3-axis Accelerometer Sensor", vendor="STMicroelectronics", version=1, type=1, maxRange=156.9064, resolution=0.0, power=0.033, minDelay=0}, delay = 0, handler = Handler (com.google.android.location.collectionlib.ai) {425a1a58}
D/PMS     (  861): acquireWL(43515590): PARTIAL_WAKE_LOCK  NlpCollectorWakeLock 0x1 1286 10020
D/PMS     (  861): acquireWL(4363b5f0): PARTIAL_WAKE_LOCK  NlpCollectorWakeLock 0x1 1286 10020
D/PMS     (  861): acquireWL(43755c40): PARTIAL_WAKE_LOCK  NlpCollectorWakeLock 0x1 1286 10020
D/libc    (16863): [NET] getaddrinfo+,hn 22(0x656467652d6d71),sn(),family 0,flags 4
D/libc    (16863): [NET] getaddrinfo-,err=8
D/libc    (16863): [NET] getaddrinfo+,hn 22(0x656467652d6d71),sn(),family 0,flags 1024
D/libc    (16863): [NET] getaddrinfo-, 1
D/libc    (16863): [NET] getaddrinfo_proxy+
D/libc    (  258): [NET] getaddrinfo+,hn 22(0x656467652d6d71),sn(),family 0,flags 1024
D/libc    (  258): [NET]_dns_getaddrinfo+ interface=
D/libc    (  258): [NET] +++++ res_nsend xid =7217 +++++
D/libc    (  258): [NET] res_nLookupCache: rstatp->iface =
D/libc    (  258): [NET]res_queryN: exit 3, ancount=2
D/libc    (  258): [NET]_dns_getaddrinfo-, (NS_SUCCESS)
D/libc    (  258): [NET] getaddrinfo-, SUCCESS
D/libc    (16863): [NET] getaddrinfo_proxy-, success
D/PMS     (  861): releaseWL(43e826f0): PARTIAL_WAKE_LOCK  NlpWakeLock 0x1
D/InputDispatcher(  861): cancelRecentAppsAction: prepare to launch Home
D/bt-att  (16633): gatt_get_ch_state: ch_state=4
D/bt-att  (16633): gatt_end_operation status=0 op=0 subtype=0
W/bt-att  (16633): gatt_end_operation not sent out op=0 p_disc_cmpl_cb:0x0 p_cmpl_cb:0x0
D/MyReportAgent(21950): ReportService [##] onCreate(), this = com.htc.reportagent.ReportService@42126618
D/bt-att  (16633): GATT   ATT protocol channel with BDA: 20737a100226 is disconnected
D/bt-att  (16633): gatt_is_bda_in_the_srv_chg_clt_list :20-73-7a-10-02-26
D/bt-btm  (16633): btm_sec_is_a_bonded_dev is_bonded=0
D/bt-att  (16633): gatt_cleanup_upon_disc 
D/bt-att  (16633): found p_tcb 
D/bt-att  (16633): gatt_free_pending_ind
D/bt-att  (16633): gatt_free_pending_enc_queue
D/bt-att  (16633): found p_reg tcb_idx=0 gatt_if=1  conn_id=0x1
I/bt-att  (16633): gatt_profile_connect_cback: from 20737a100226 connected:0 conn_id=1 reason = 0x0016
D/bt-att  (16633): found p_reg tcb_idx=0 gatt_if=2  conn_id=0x2
E/bt-gap  (16633): calling gap_ble_process_pending_op
I/bt-att  (16633): GATT_Disconnect conn_id=2 
D/bt-att  (16633): gatt_update_app_use_link_flag  is_add=0 chk_link=0
D/bt-att  (16633): gatt_update_app_hold_link_status found=0[1-found] idx=10 gatt_if=2 is_add=0
D/bt-att  (16633): gatt_num_apps_hold_link   num=0
D/bt-att  (16633): gatt_disconnect 
D/bt-att  (16633): gatt_get_ch_state: ch_state=4
W/bt-l2cap(16633): L2CA_RemoveFixedChnl()  CID: 0x0004  BDA: 20737a100226 not connected
D/bt-att  (16633): found p_reg tcb_idx=0 gatt_if=3  conn_id=0x3
D/bt-att  (16633): found p_reg tcb_idx=0 gatt_if=4  conn_id=0x4
D/bt-att  (16633): found p_reg tcb_idx=0 gatt_if=5  conn_id=0x5
D/bt-att  (16633): exit gatt_cleanup_upon_disc 
D/bt-att  (16633): ATT disconnected
I/bt-smp  (16633): SMDBG l2c smp_connect_cback 
D/bt-btm  (16633): btm_acl_removed
D/bt-btm  (16633): btm_bda_to_acl found
D/bt-btm  (16633): btm_acl_report_role_change
D/bt-btm  (16633): btm_acl_update_busy_level
D/bt-btm  (16633): BTM_BLI_ACL_DOWN_EVT
D/bt-btm  (16633): acl hci_handle=12 is_le_link=1 connectable_mode=0x0 link_role=0
D/bt-btm  (16633): before update p_dev_rec->sec_flags=0x80
D/bt-btm  (16633): LE link down
D/bt-btm  (16633): Not Bonded
D/bt-btm  (16633): after update p_dev_rec->sec_flags=0x80
D/bt-btm  (16633): btm_acl_resubmit_page
E/bt-btm  (16633): btm_sec_disconnected - Clearing Pending flag
I/bt-btm  (16633): before Update sec_flags=0x80
D/bt-btm  (16633): btm_ble_update_mode_operation adv_mode = 0
I/bt-btm  (16633): after Update sec_flags=0x80
D/bt-btm  (16633): btm_get_acl_disc_reason_code
I/bt-btif (16633): HAL bt_hal_cbacks->acl_state_changed_cb
D/MyReportAgent(21950): ReportService [##] onStartCommand(), flags = 0, startId = 1, intent = Intent { act=android.net.conn.CONNECTIVITY_CHANGE flg=0x4000010 cmp=com.htc.reportagent/.ReportService (has extras) }, this = com.htc.reportagent.ReportService@42126618
I/ActivityManager(  861): Start proc com.htc.aurora for broadcast com.htc.aurora/.receiver.GcmRetryReceiver: pid=21967 uid=10091 gids={50091, 3003, 5012, 1028, 1015, 2001}
D/BluetoothRemoteDevices(16633): aclStateChangeCallback: State:DisConnected to Device:20:73:7A:10:02:26
D/BluetoothDevice( 2490): getService() entry
D/MyReportAgent(21950): ReportServiceHandler.onHandleIntent() intent is android.net.conn.CONNECTIVITY_CHANGE
D/UPolicy (21950): IUserBehaviorLoggingService reference is gotten !
I/CompanionService(22733): bluetoothStateChangeReceiver action = android.bluetooth.device.action.ACL_DISCONNECTED
D/BluetoothDevice(22733): getService() entry
D/BluetoothDevice(16633): getService() entry
D/BluetoothDevice(16633): getService() entry
D/BluetoothDevice(16633): getService() entry
I/CompanionService(22733): Disconnected from device: Bubble @ [20:73:7A:10:02:26] BluetoothClass[0] NONE
D/MyReportAgent(21950): isRomVersionLegal = true, isUnlockedDevice = true, isHackedSN = false => isSecure = false
D/PMS     (  861): acquireHCC(43732110): CPU_MIN_FREQ HomeKeyHandlerFreq 0x100 861 1000
I/GoogleURLConnFactory( 7357): Using platform SSLCertificateSocketFactory
I/CheckinRequestBuilder( 7357): Checkin reason type: 8 attempt count: 1
D/InputDispatcher(  861): LaunchActivity: Intent { act=android.intent.action.MAIN cat=[android.intent.category.HOME] flg=0x10200000 }
I/CVW     ( 1166): Dismiss CandidateViewWindow WCLID:0
W/CpuWake (  861): >>nativeAcquireCpuPerfWakeLock()
I/Intent  (  861): @test_code: getHtcIntentFlag: 0 obj: 1141729304
W/CpuWake (  861): <<nativeAcquireCpuPerfWakeLock()
I/ActivityManager(  861): START u0 {act=android.intent.action.MAIN cat=[android.intent.category.HOME] flg=0x10200000 cmp=com.htc.launcher/.Launcher} from pid 861
D/PMS     (  861): acquireWL(4322d4f8): PARTIAL_WAKE_LOCK  ActivityManager-Launch 0x1 861 1000
I/FeedHostManager( 1253): [onResume]
I/FeedProviderManager( 1253): onResume
I/SocialFeedProvider( 1253): +onResume
I/SocialFeedProvider( 1253): updateAccounts - Accounts is no change
I/SocialFeedProvider( 1253): -onResume
I/GCoreUlr( 1286): DispatchingService.updateActiveState+PowerModeReceiver: Ensuring that reporting is active for [account#-18#]
I/InputMethodManagerService(  861): Disable input method client, pid=1035
I/InputMethodManagerService(  861): Enable input method client, pid=1253
D/PMS     (  861): acquireWL(434a2800): PARTIAL_WAKE_LOCK  GCoreFlp 0x1 1286 10020
D/PMS     (  861): releaseWL(434a2800): PARTIAL_WAKE_LOCK  GCoreFlp 0x1
D/PMS     (  861): acquireWL(434398b8): PARTIAL_WAKE_LOCK  NlpWakeLock 0x1 1286 10020
D/PMS     (  861): releaseWL(434398b8): PARTIAL_WAKE_LOCK  NlpWakeLock 0x1
D/PMS     (  861): releaseHCC(43732110): CPU_MIN_FREQ HomeKeyHandlerFreq 0x100
D/PMS     (  861): releaseWL(4322d4f8): PARTIAL_WAKE_LOCK  ActivityManager-Launch 0x1
D/PhoneStatusBar( 1035): Status bar WINDOW_STATE_SHOWING
D/AutoSetting( 7804): receiver - intent: android.net.conn.CONNECTIVITY_CHANGE
I/ActivityManager(  861): Start proc com.google.android.apps.magazines for broadcast com.google.android.apps.magazines/com.google.apps.dots.android.newsstand.appwidget.NewsWidgetProvider: pid=21992 uid=10157 gids={50157, 3003, 5012, 1028, 1015}
D/AutoSetting( 7804): service - onStartCommand() action: com.htc.app.autosetting.requestlocationupdate
D/AutoSetting( 7804): service - requestNLP() to last request within 2hrs, don't request 959509
D/AutoSetting( 7804): service - onStartCommand() REMOVE current location bundle
D/AutoSetting( 7804): service - handleMessage() setting current location null
W/fb4a(:<default>):MqttClient(16863): MQTT Connection refused: 5
W/msgr(:<default>):MqttClient(17211): MQTT Connection refused: 5
I/GCoreUlr( 1286): GMS FLP location and AR updates requested: {"timestampMs":1429131396329,"description":"default","samplePeriodMs":60000,"sampleSource":"internal","sampleReason":"default"}
W/dalvikvm(21992): VFY: unable to resolve virtual method 7: Landroid/accounts/AccountManager;.getPreviousName (Landroid/accounts/Account;)Ljava/lang/String;
D/PMS     (  861): releaseWL(432714d0): PARTIAL_WAKE_LOCK  UlrDispatchingService 0x1
E/cutils  (  228): Failed to mkdirat(/storage/ext_sd/Android): Read-only file system
W/ContextImpl(21992): Failed to ensure directory: /storage/ext_sd/Android/data/com.google.android.apps.magazines/cache
E/cutils  (  228): Failed to mkdirat(/storage/ext_sd/Android): Read-only file system
W/ContextImpl(21992): Failed to ensure directory: /storage/ext_sd/Android/data/com.google.android.apps.magazines/files
W/Vold    (  228): Returning OperationFailed - no handler for errno 30
W/Vold    (  228): Returning OperationFailed - no handler for errno 30
I/ActivityManager(  861): Start proc com.google.android.gms.unstable for service com.google.android.gms/.droidguard.DroidGuardService: pid=22011 uid=10020 gids={50020, 3007, 2001, 3003, 5012, 1007, 3006, 1028, 1015, 3002, 3001}
E/cutils  (  228): Failed to mkdirat(/storage/ext_sd/Android): Read-only file system
W/ContextImpl(21992): Failed to ensure directory: /storage/ext_sd/Android/data/com.google.android.apps.magazines/cache
E/cutils  (  228): Failed to mkdirat(/storage/ext_sd/Android): Read-only file system
W/ContextImpl(21992): Failed to ensure directory: /storage/ext_sd/Android/data/com.google.android.apps.magazines/files
W/Vold    (  228): Returning OperationFailed - no handler for errno 30
W/Vold    (  228): Returning OperationFailed - no handler for errno 30
W/dalvikvm(22011): VFY: unable to resolve static field 658 (PR_SET_DUMPABLE) in Landroid/system/OsConstants;
I/MultiDex(22011): VM with version 1.6.0 does not have multidex support
I/MultiDex(22011): install
I/MultiDex(22011): MultiDexExtractor.load(/data/app/com.google.android.gms-1.apk, false)
I/MultiDex(22011): loading existing secondary dex files
I/MultiDex(22011): load found 3 secondary dex files
V/WebViewChromium(21992): Binding Chromium to the main looper Looper (main, tid 1) {4211e200}
I/chromium(21992): [INFO:library_loader_hooks.cc(112)] Chromium logging enabled: level = 0, default verbosity = 0
I/BrowserProcessMain(21992): Initializing chromium process, renderers=0
W/chromium(21992): [WARNING:proxy_service.cc(888)] PAC support disabled because there is no system implementation
I/MultiDex(22011): install done
I/Adreno-EGL(21992): <qeglDrvAPI_eglInitialize:381>: EGL 1.4 QUALCOMM build: MINGHSUC_AU_LINUX_ANDROID_KK_2.7_RB1.04.04.02.007.047+PATCH[ES]_msm8960_refs/tags/AU_LINUX_ANDROID_KK_2.7_RB1.04.04.02.007.047__release_ENGG ()
I/Adreno-EGL(21992): OpenGL ES Shader Compiler Version: 17.01.12.SPL
I/Adreno-EGL(21992): Build Date: 03/25/14 Tue
I/Adreno-EGL(21992): Local Branch: 
I/Adreno-EGL(21992): Remote Branch: refs/tags/AU_LINUX_ANDROID_KK_2.7_RB1.04.04.02.007.047
I/Adreno-EGL(21992): Local Patches: c29912293421482fd51b7f36b91ae584f9993d66 Add support for KIT_KAT
I/Adreno-EGL(21992):                  4b5d3e5bcfa9d9563f740840d7258e1c1efa6d5a egl14: add EGL_ANDROID_image_crop support
I/Adreno-EGL(21992): Recon
I/ProviderInstaller(22011): Insert disabled by gate 'gms:security:enable_conscrypt_in_gms_application'
I/NSApplication(21992): Starting up...
I/ActivityManager(  861): Start proc com.google.android.apps.maps for broadcast com.google.android.apps.maps/com.google.userfeedback.android.api.FeedbackConnectivityReceiver: pid=22051 uid=10103 gids={50103, 3003, 5012, 1028, 1015, 3002, 3001}
W/CpuWake (  861): >>nativeReleaseCpuPerfWakeLock()
W/CpuWake (  861): <<nativeReleaseCpuPerfWakeLock()
W/dalvikvm(22011): VFY: unable to resolve virtual method 479: Landroid/content/pm/PackageManager;.getPackageInstaller ()Landroid/content/pm/PackageInstaller;
I/WVCdm   (  264): Level3 Library Nov 20 2013 18:09:31
D/DrmWidevineDash(  264): calling OEMCrypto_Initialize, g_qsee_apps_version = 6
D/QSEECOMAPI: (  264): QSEECom_start_app sb_length = 0x19000
D/QSEECOMAPI: (  264): App is already loaded QSEE and app id = 2
E/QSEECOMAPI: (  264): Error::Error while trying to allocate data
E/QSEECOMAPI: (  264): Error::ION mem alloc failed with ret = -1
D/QSEECOMAPI: (  264): QSEECom_start_app sb_length = 0x19000
D/QSEECOMAPI: (  264): App is already loaded QSEE and app id = 2
E/QSEECOMAPI: (  264): Error::Error while trying to allocate data
E/QSEECOMAPI: (  264): Error::ION mem alloc failed with ret = -1
D/QSEECOMAPI: (  264): QSEECom_start_app sb_length = 0x19000
D/QSEECOMAPI: (  264): App is already loaded QSEE and app id = 2
E/QSEECOMAPI: (  264): Error::Error while trying to allocate data
E/QSEECOMAPI: (  264): Error::ION mem alloc failed with ret = -1
E/DrmWidevineDash(  264): Error: Service_Initialize: Loading tzapp image failed, ret = -1
E/DrmWidevineDash(  264): service_initialized returned failure
D/DrmWidevineDash(  264): OEMCrypto_Initialize exit returns 1
W/WVCdm   (  264): Could not initialize L1. Falling Back to L3.
I/WVCdm   (  264): CdmEngine::OpenSession
I/WVCdm   (  264): CdmEngine::QueryKeyControlInfo
I/WVCdm   (  264): CdmEngine::CloseSession
I/WVCdm   (  264): CdmEngine::OpenSession
I/WVCdm   (  264): CdmEngine::QueryKeyControlInfo
I/WVCdm   (  264): CdmEngine::GenerateKeyRequest
D/WVCdm   (  264): PrepareKeyRequest: nonce=2262440077
W/ActivityThread(22051): ClassLoader.loadClass: The class loader returned by Thread.getContextClassLoader() may fail for processes that host multiple applications. You should explicitly specify a context class loader. For example: Thread.setContextClassLoader(getClass().getClassLoader());
D/StrictMode(22051): StrictMode policy violation; ~duration=303 ms: android.os.StrictMode$StrictModeDiskReadViolation: policy=31 violation=2
D/StrictMode(22051): 	at android.os.StrictMode$AndroidBlockGuardPolicy.onReadFromDisk(StrictMode.java:1229)
D/StrictMode(22051): 	at libcore.io.BlockGuardOs.open(BlockGuardOs.java:106)
D/StrictMode(22051): 	at libcore.io.IoUtils.canOpenReadOnly(IoUtils.java:163)
D/StrictMode(22051): 	at dalvik.system.DexPathList.findLibrary(DexPathList.java:384)
D/StrictMode(22051): 	at dalvik.system.BaseDexClassLoader.findLibrary(BaseDexClassLoader.java:77)
D/StrictMode(22051): 	at java.lang.Runtime.loadLibrary(Runtime.java:356)
D/StrictMode(22051): 	at java.lang.System.loadLibrary(System.java:533)
D/StrictMode(22051): 	at com.google.android.libraries.social.jni.crashreporter.NativeCrashHandler.a(PG:189)
D/StrictMode(22051): 	at com.google.android.libraries.social.jni.crashreporter.NativeCrashHandler.a(PG:87)
D/StrictMode(22051): 	at com.google.android.apps.gmm.base.app.d.<init>(PG:545)
D/StrictMode(22051): 	at com.google.android.apps.gmm.base.app.GoogleMapsApplication.a(PG:156)
D/StrictMode(22051): 	at com.google.android.apps.gmm.base.app.GoogleMapsApplication.onCreate(PG:111)
D/StrictMode(22051): 	at android.app.Instrumentation.callApplicationOnCreate(Instrumentation.java:1020)
D/StrictMode(22051): 	at android.app.ActivityThread.handleBindApplication(ActivityThread.java:5154)
D/StrictMode(22051): 	at android.app.ActivityThread.access$1500(ActivityThread.java:156)
D/StrictMode(22051): 	at android.app.ActivityThread$H.handleMessage(ActivityThread.java:1418)
D/StrictMode(22051): 	at android.os.Handler.dispatchMessage(Handler.java:102)
D/StrictMode(22051): 	at android.os.Looper.loop(Looper.java:157)
D/StrictMode(22051): 	at android.app.ActivityThread.main(ActivityThread.java:5872)
D/StrictMode(22051): 	at java.lang.reflect.Method.invokeNative(Native Method)
D/StrictMode(22051): 	at java.lang.reflect.Method.invoke(Method.java:515)
D/StrictMode(22051): 	at com.android.internal.os.ZygoteInit$MethodAndArgsCaller.run(ZygoteInit.java:858)
D/StrictMode(22051): 	at com.android.internal.os.ZygoteInit.main(ZygoteInit.java:674)
D/StrictMode(22051): 	at dalvik.system.NativeStart.main(Native Method)
D/StrictMode(22051): StrictMode policy violation; ~duration=294 ms: android.os.StrictMode$StrictModeDiskReadViolation: policy=31 violation=2
D/StrictMode(22051): 	at android.os.StrictMode$AndroidBlockGuardPolicy.onReadFromDisk(StrictMode.java:1229)
D/StrictMode(22051): 	at android.app.SharedPreferencesImpl.awaitLoadedLocked(SharedPreferencesImpl.java:203)
D/StrictMode(22051): 	at android.app.SharedPreferencesImpl.getBoolean(SharedPreferencesImpl.java:260)
D/StrictMode(22051): 	at android.preference.PreferenceManager.setDefaultValues(PreferenceManager.java:481)
D/StrictMode(22051): 	at com.google.android.apps.gmm.shared.d.a.a(PG:1010)
D/StrictMode(22051): 	at com.google.android.apps.gmm.base.app.d.a(PG:1101)
D/StrictMode(22051): 	at com.google.android.apps.gmm.base.app.d.<init>(PG:561)
D/StrictMode(22051): 	at com.google.android.apps.gmm.base.app.GoogleMapsApplication.a(PG:156)
D/StrictMode(22051): 	at com.google.android.apps.gmm.base.app.GoogleMapsApplication.onCreate(PG:111)
D/StrictMode(22051): 	at android.app.Instrumentation.callApplicationOnCreate(Instrumentation.java:1020)
D/StrictMode(22051): 	at android.app.ActivityThread.handleBindApplication(ActivityThread.java:5154)
D/StrictMode(22051): 	at android.app.ActivityThread.access$1500(ActivityThread.java:156)
D/StrictMode(22051): 	at android.app.ActivityThread$H.handleMessage(ActivityThread.java:1418)
D/StrictMode(22051): 	at android.os.Handler.dispatchMessage(Handler.java:102)
D/StrictMode(22051): 	at android.os.Looper.loop(Looper.java:157)
D/StrictMode(22051): 	at android.app.ActivityThread.main(ActivityThread.java:5872)
D/StrictMode(22051): 	at java.lang.reflect.Method.invokeNative(Native Method)
D/StrictMode(22051): 	at java.lang.reflect.Method.invoke(Method.java:515)
D/StrictMode(22051): 	at com.android.internal.os.ZygoteInit$MethodAndArgsCaller.run(ZygoteInit.java:858)
D/StrictMode(22051): 	at com.android.internal.os.ZygoteInit.main(ZygoteInit.java:674)
D/StrictMode(22051): 	at dalvik.system.NativeStart.main(Native Method)
D/StrictMode(22051): StrictMode policy violation; ~duration=278 ms: android.os.StrictMode$StrictModeDiskReadViolation: policy=31 violation=2
