I/PackageManager(  861): Adding preferred activity ComponentInfo{com.htc.sense.mms/com.htc.sense.mms.ui.PreHandleIntentActivity} for user 0, uid:1001, pid:1211 :
D/PMS     (  861): acquireWL(42c33598): PARTIAL_WAKE_LOCK  *net_scheduler* 0x1 1338 10020
D/PMS     (  861): releaseWL(42c33598): PARTIAL_WAKE_LOCK  *net_scheduler* 0x1
I/ActivityManager(  861): Start proc com.mobirix.dragonseal for service com.mobirix.dragonseal/.localpush.TimerService: pid=21601 uid=10277 gids={50277, 3003, 5012, 1028, 1015}
D/QMI_FW  (  861): QCCI: QMUXD: xport_rx[1 <- 16]: 72 bytes on conn_id: 9
D/QMI_FW  (  861): QCCI: QMI_CCI_RX: cntl_flag - 04, txn_id - 0000, msg_id - 0026, msg_len - 0041
D/QMI_FW  (  861): QCCI: QMUXD: xport_rx[1 <- 16]: 72 bytes on conn_id: 9
D/QMI_FW  (  861): QCCI: QMI_CCI_RX: cntl_flag - 04, txn_id - 0000, msg_id - 0026, msg_len - 0041
D/QMI_FW  (  861): QCCI: QMUXD: xport_rx[1 <- 16]: 61 bytes on conn_id: 9
D/QMI_FW  (  861): QCCI: QMI_CCI_RX: cntl_flag - 04, txn_id - 0000, msg_id - 0026, msg_len - 0036
D/QMI_FW  (  861): QCCI: QMUXD: xport_rx[1 <- 16]: 36 bytes on conn_id: 9
D/QMI_FW  (  861): QCCI: QMI_CCI_RX: cntl_flag - 04, txn_id - 0000, msg_id - 0026, msg_len - 001d
D/QMI_FW  (  861): QCCI: QMUXD: xport_rx[1 <- 16]: 35 bytes on conn_id: 9
D/QMI_FW  (  861): QCCI: QMI_CCI_RX: cntl_flag - 04, txn_id - 0000, msg_id - 0026, msg_len - 001c
D/QMI_FW  (  861): QCCI: QMUXD: xport_rx[1 <- 16]: 575 bytes on conn_id: 9
D/QMI_FW  (  861): QCCI: QMI_CCI_RX: cntl_flag - 04, txn_id - 0000, msg_id - 0025, msg_len - 0238
D/QMI_FW  (  861): QCCI: QMUXD: xport_rx[1 <- 16]: 40 bytes on conn_id: 9
D/QMI_FW  (  861): QCCI: QMI_CCI_RX: cntl_flag - 04, txn_id - 0000, msg_id - 0026, msg_len - 0021
D/PMS     (  861): acquireWL(42e89150): PARTIAL_WAKE_LOCK  wake:com.joelapenna.foursquared/com.foursquare.radar.services.RadarLocationClientFireService 0x1 21367 10184
D/PMS     (  861): releaseWL(433245b8): PARTIAL_WAKE_LOCK  GCoreFlp 0x1
D/QMI_FW  (  861): QCCI: QMUXD: xport_rx[1 <- 16]: 35 bytes on conn_id: 9
D/QMI_FW  (  861): QCCI: QMI_CCI_RX: cntl_flag - 04, txn_id - 0000, msg_id - 0026, msg_len - 001c
D/QMI_FW  (  861): QCCI: QMUXD: xport_rx[1 <- 16]: 35 bytes on conn_id: 9
D/QMI_FW  (  861): QCCI: QMI_CCI_RX: cntl_flag - 04, txn_id - 0000, msg_id - 0026, msg_len - 001c
D/QMI_FW  (  861): QCCI: QMUXD: xport_rx[1 <- 16]: 40 bytes on conn_id: 9
D/QMI_FW  (  861): QCCI: QMI_CCI_RX: cntl_flag - 04, txn_id - 0000, msg_id - 0026, msg_len - 0021
D/QMI_FW  (  861): QCCI: QMUXD: xport_rx[1 <- 16]: 171 bytes on conn_id: 9
D/QMI_FW  (  861): QCCI: QMI_CCI_RX: cntl_flag - 04, txn_id - 0000, msg_id - 0024, msg_len - 00a4
D/PMS     (  861): acquireWL(42f04ef0): PARTIAL_WAKE_LOCK  NlpWakeLock 0x1 1286 10020
D/PMS     (  861): acquireWL(42df1c08): PARTIAL_WAKE_LOCK  NlpWakeLock 0x1 1286 10020
D/WifiService(  861): acquireWifiLockLocked: WifiLock{NlpWifiLock type=2 binder=android.os.BinderProxy@42c247c0}
D/BatSI   (  861): WIFI scan started for: 571bd014 uid:10229
D/PMS     (  861): releaseWL(42f04ef0): PARTIAL_WAKE_LOCK  NlpWakeLock 0x1
I/ActivityManager(  861): Start proc com.google.android.music:main for broadcast com.google.android.music/.leanback.AutoCacheSchedulingService$EnablingReceiver: pid=21630 uid=10159 gids={50159, 3003, 5012, 1028, 1015}
D/QMI_FW  (  861): QCCI: QMUXD: xport_rx[1 <- 16]: 72 bytes on conn_id: 9
D/QMI_FW  (  861): QCCI: QMI_CCI_RX: cntl_flag - 04, txn_id - 0000, msg_id - 0026, msg_len - 0041
D/PMS     (  861): releaseWL(42e89150): PARTIAL_WAKE_LOCK  wake:com.joelapenna.foursquared/com.foursquare.radar.services.RadarLocationClientFireService 0x1
D/QMI_FW  (  861): QCCI: QMUXD: xport_rx[1 <- 16]: 72 bytes on conn_id: 9
D/QMI_FW  (  861): QCCI: QMI_CCI_RX: cntl_flag - 04, txn_id - 0000, msg_id - 0026, msg_len - 0041
D/QMI_FW  (  861): QCCI: QMUXD: xport_rx[1 <- 16]: 61 bytes on conn_id: 9
D/QMI_FW  (  861): QCCI: QMI_CCI_RX: cntl_flag - 04, txn_id - 0000, msg_id - 0026, msg_len - 0036
D/QMI_FW  (  861): QCCI: QMUXD: xport_rx[1 <- 16]: 36 bytes on conn_id: 9
D/QMI_FW  (  861): QCCI: QMI_CCI_RX: cntl_flag - 04, txn_id - 0000, msg_id - 0026, msg_len - 001d
D/QMI_FW  (  861): QCCI: QMUXD: xport_rx[1 <- 16]: 575 bytes on conn_id: 9
D/QMI_FW  (  861): QCCI: QMI_CCI_RX: cntl_flag - 04, txn_id - 0000, msg_id - 0025, msg_len - 0238
D/QMI_FW  (  861): QCCI: QMUXD: xport_rx[1 <- 16]: 35 bytes on conn_id: 9
D/QMI_FW  (  861): QCCI: QMI_CCI_RX: cntl_flag - 04, txn_id - 0000, msg_id - 0026, msg_len - 001c
D/QMI_FW  (  861): QCCI: QMUXD: xport_rx[1 <- 16]: 40 bytes on conn_id: 9
D/QMI_FW  (  861): QCCI: QMI_CCI_RX: cntl_flag - 04, txn_id - 0000, msg_id - 0026, msg_len - 0021
D/QMI_FW  (  861): QCCI: QMUXD: xport_rx[1 <- 16]: 35 bytes on conn_id: 9
D/QMI_FW  (  861): QCCI: QMI_CCI_RX: cntl_flag - 04, txn_id - 0000, msg_id - 0026, msg_len - 001c
D/QMI_FW  (  861): QCCI: QMUXD: xport_rx[1 <- 16]: 35 bytes on conn_id: 9
D/QMI_FW  (  861): QCCI: QMI_CCI_RX: cntl_flag - 04, txn_id - 0000, msg_id - 0026, msg_len - 001c
D/QMI_FW  (  861): QCCI: QMUXD: xport_rx[1 <- 16]: 40 bytes on conn_id: 9
D/QMI_FW  (  861): QCCI: QMI_CCI_RX: cntl_flag - 04, txn_id - 0000, msg_id - 0026, msg_len - 0021
D/QMI_FW  (  861): QCCI: QMUXD: xport_rx[1 <- 16]: 171 bytes on conn_id: 9
D/QMI_FW  (  861): QCCI: QMI_CCI_RX: cntl_flag - 04, txn_id - 0000, msg_id - 0024, msg_len - 00a4
I/ActivityManager(  861): Recipient 21335
I/ActivityManager(  861): Process com.google.android.apps.plus (pid 21335) has died.
W/Vold    (  228): Returning OperationFailed - no handler for errno 30
W/Vold    (  228): Returning OperationFailed - no handler for errno 30
W/Vold    (  228): Returning OperationFailed - no handler for errno 30
I/PackageManager(  861):  setEnabledSetting(), pkgName=com.google.android.music, clsName=com.android.music.MediaAppWidgetProvider, state=1, flag=1, pid=21630, uid=10159, userID:0
D/QMI_FW  (  861): QCCI: QMUXD: xport_rx[1 <- 16]: 72 bytes on conn_id: 9
D/QMI_FW  (  861): QCCI: QMI_CCI_RX: cntl_flag - 04, txn_id - 0000, msg_id - 0026, msg_len - 0041
D/WifiDisplayAdapter(  861): getWifiDisplayStatusLocked: result=WifiDisplayStatus{featureState=3, scanState=0, activeDisplayState=0, activeDisplay=null, displays=[], sessionInfo=WifiDisplaySessionInfo:
D/WifiDisplayAdapter(  861):     Client/Owner: Client
D/WifiDisplayAdapter(  861):     GroupId: 
D/WifiDisplayAdapter(  861):     Passphrase: 
D/WifiDisplayAdapter(  861):     SessionId: 0
D/WifiDisplayAdapter(  861):     IP Address: }
D/QMI_FW  (  861): QCCI: QMUXD: xport_rx[1 <- 16]: 72 bytes on conn_id: 9
D/QMI_FW  (  861): QCCI: QMI_CCI_RX: cntl_flag - 04, txn_id - 0000, msg_id - 0026, msg_len - 0041
D/WifiDisplayAdapter(  861): getWifiDisplayStatusLocked: result=WifiDisplayStatus{featureState=3, scanState=0, activeDisplayState=0, activeDisplay=null, displays=[], sessionInfo=WifiDisplaySessionInfo:
D/WifiDisplayAdapter(  861):     Client/Owner: Client
D/WifiDisplayAdapter(  861):     GroupId: 
D/WifiDisplayAdapter(  861):     Passphrase: 
D/WifiDisplayAdapter(  861):     SessionId: 0
D/WifiDisplayAdapter(  861):     IP Address: }
D/QMI_FW  (  861): QCCI: QMUXD: xport_rx[1 <- 16]: 61 bytes on conn_id: 9
D/QMI_FW  (  861): QCCI: QMI_CCI_RX: cntl_flag - 04, txn_id - 0000, msg_id - 0026, msg_len - 0036
D/QMI_FW  (  861): QCCI: QMUXD: xport_rx[1 <- 16]: 575 bytes on conn_id: 9
D/QMI_FW  (  861): QCCI: QMI_CCI_RX: cntl_flag - 04, txn_id - 0000, msg_id - 0025, msg_len - 0238
D/QMI_FW  (  861): QCCI: QMUXD: xport_rx[1 <- 16]: 36 bytes on conn_id: 9
D/QMI_FW  (  861): QCCI: QMI_CCI_RX: cntl_flag - 04, txn_id - 0000, msg_id - 0026, msg_len - 001d
D/QMI_FW  (  861): QCCI: QMUXD: xport_rx[1 <- 16]: 35 bytes on conn_id: 9
D/QMI_FW  (  861): QCCI: QMI_CCI_RX: cntl_flag - 04, txn_id - 0000, msg_id - 0026, msg_len - 001c
D/QMI_FW  (  861): QCCI: QMUXD: xport_rx[1 <- 16]: 40 bytes on conn_id: 9
D/QMI_FW  (  861): QCCI: QMI_CCI_RX: cntl_flag - 04, txn_id - 0000, msg_id - 0026, msg_len - 0021
D/PMS     (  861): acquireWL(4357b3e0): PARTIAL_WAKE_LOCK  wake:com.google.android.music/.leanback.AutoCacheSchedulingService 0x1 21630 10159
D/QMI_FW  (  861): QCCI: QMUXD: xport_rx[1 <- 16]: 35 bytes on conn_id: 9
D/QMI_FW  (  861): QCCI: QMI_CCI_RX: cntl_flag - 04, txn_id - 0000, msg_id - 0026, msg_len - 001c
D/QMI_FW  (  861): QCCI: QMUXD: xport_rx[1 <- 16]: 35 bytes on conn_id: 9
D/QMI_FW  (  861): QCCI: QMI_CCI_RX: cntl_flag - 04, txn_id - 0000, msg_id - 0026, msg_len - 001c
D/QMI_FW  (  861): QCCI: QMUXD: xport_rx[1 <- 16]: 40 bytes on conn_id: 9
D/QMI_FW  (  861): QCCI: QMI_CCI_RX: cntl_flag - 04, txn_id - 0000, msg_id - 0026, msg_len - 0021
W/Vold    (  228): Returning OperationFailed - no handler for errno 30
D/QMI_FW  (  861): QCCI: QMUXD: xport_rx[1 <- 16]: 171 bytes on conn_id: 9
D/QMI_FW  (  861): QCCI: QMI_CCI_RX: cntl_flag - 04, txn_id - 0000, msg_id - 0024, msg_len - 00a4
W/Vold    (  228): Returning OperationFailed - no handler for errno 30
I/ActivityManager(  861): Delay finish: com.google.android.music/.wear.WearBroadcastReceiver
I/PackageManager(  861):  setEnabledSetting(), pkgName=com.google.android.music, clsName=com.google.android.music.Settings.NetworkUsage, state=1, flag=1, pid=21630, uid=10159, userID:0
I/ActivityManager(  861): Recipient 21292
I/ActivityManager(  861): Process com.google.android.apps.maps (pid 21292) has died.
I/ActivityManager(  861): Resuming delayed broadcast
I/PackageManager(  861):  setEnabledSetting(), pkgName=com.google.android.music, clsName=com.google.android.music.leanback.AutoCacheSchedulingService$ActionReceiver, state=2, flag=1, pid=21630, uid=10159, userID:0
D/PMS     (  861): releaseWL(4357b3e0): PARTIAL_WAKE_LOCK  wake:com.google.android.music/.leanback.AutoCacheSchedulingService 0x1
I/ActivityManager(  861): Recipient 21207
I/ActivityManager(  861): Process com.htc.reportagent (pid 21207) has died.
I/ActivityManager(  861): Start proc com.google.android.talk for broadcast com.google.android.talk/com.google.android.apps.hangouts.phone.PackageReplacedReceiver: pid=21669 uid=10117 gids={50117, 3003, 5012, 1028, 1015, 3002}
D/QMI_FW  (  861): QCCI: QMUXD: xport_rx[1 <- 16]: 72 bytes on conn_id: 9
D/QMI_FW  (  861): QCCI: QMI_CCI_RX: cntl_flag - 04, txn_id - 0000, msg_id - 0026, msg_len - 0041
D/QMI_FW  (  861): QCCI: QMUXD: xport_rx[1 <- 16]: 72 bytes on conn_id: 9
D/QMI_FW  (  861): QCCI: QMI_CCI_RX: cntl_flag - 04, txn_id - 0000, msg_id - 0026, msg_len - 0041
D/QMI_FW  (  861): QCCI: QMUXD: xport_rx[1 <- 16]: 61 bytes on conn_id: 9
D/QMI_FW  (  861): QCCI: QMI_CCI_RX: cntl_flag - 04, txn_id - 0000, msg_id - 0026, msg_len - 0036
D/QMI_FW  (  861): QCCI: QMUXD: xport_rx[1 <- 16]: 575 bytes on conn_id: 9
D/QMI_FW  (  861): QCCI: QMI_CCI_RX: cntl_flag - 04, txn_id - 0000, msg_id - 0025, msg_len - 0238
D/QMI_FW  (  861): QCCI: QMUXD: xport_rx[1 <- 16]: 36 bytes on conn_id: 9
D/QMI_FW  (  861): QCCI: QMI_CCI_RX: cntl_flag - 04, txn_id - 0000, msg_id - 0026, msg_len - 001d
D/QMI_FW  (  861): QCCI: QMUXD: xport_rx[1 <- 16]: 35 bytes on conn_id: 9
D/QMI_FW  (  861): QCCI: QMI_CCI_RX: cntl_flag - 04, txn_id - 0000, msg_id - 0026, msg_len - 001c
D/QMI_FW  (  861): QCCI: QMUXD: xport_rx[1 <- 16]: 40 bytes on conn_id: 9
D/QMI_FW  (  861): QCCI: QMI_CCI_RX: cntl_flag - 04, txn_id - 0000, msg_id - 0026, msg_len - 0021
D/QMI_FW  (  861): QCCI: QMUXD: xport_rx[1 <- 16]: 35 bytes on conn_id: 9
D/QMI_FW  (  861): QCCI: QMI_CCI_RX: cntl_flag - 04, txn_id - 0000, msg_id - 0026, msg_len - 001c
D/QMI_FW  (  861): QCCI: QMUXD: xport_rx[1 <- 16]: 35 bytes on conn_id: 9
D/QMI_FW  (  861): QCCI: QMI_CCI_RX: cntl_flag - 04, txn_id - 0000, msg_id - 0026, msg_len - 001c
D/QMI_FW  (  861): QCCI: QMUXD: xport_rx[1 <- 16]: 40 bytes on conn_id: 9
D/QMI_FW  (  861): QCCI: QMI_CCI_RX: cntl_flag - 04, txn_id - 0000, msg_id - 0026, msg_len - 0021
D/QMI_FW  (  861): QCCI: QMUXD: xport_rx[1 <- 16]: 171 bytes on conn_id: 9
D/QMI_FW  (  861): QCCI: QMI_CCI_RX: cntl_flag - 04, txn_id - 0000, msg_id - 0024, msg_len - 00a4
D/PMS     (  861): acquireWL(43b359e8): PARTIAL_WAKE_LOCK  GCoreFlp 0x1 1286 10020
D/PMS     (  861): releaseWL(43b359e8): PARTIAL_WAKE_LOCK  GCoreFlp 0x1
D/PMS     (  861): acquireWL(43a72378): PARTIAL_WAKE_LOCK  GCoreFlp 0x1 1286 10020
D/PMS     (  861): releaseWL(43a72378): PARTIAL_WAKE_LOCK  GCoreFlp 0x1
D/PMS     (  861): acquireWL(43a54638): PARTIAL_WAKE_LOCK  GCoreFlp 0x1 1286 10020
D/PMS     (  861): releaseWL(43a54638): PARTIAL_WAKE_LOCK  GCoreFlp 0x1
D/PMS     (  861): acquireWL(43a21798): PARTIAL_WAKE_LOCK  Wakeful StateMachine: GeofencerStateMachine 0x1 1286 10020
D/PMS     (  861): releaseWL(43a21798): PARTIAL_WAKE_LOCK  Wakeful StateMachine: GeofencerStateMachine 0x1
I/PackageManager(  861):  setEnabledSetting(), pkgName=com.google.android.talk, clsName=com.google.android.apps.hangouts.phone.ShareIntentSmsOnlyActivity, state=2, flag=1, pid=21669, uid=10117, userID:0
I/PackageManager(  861):  setEnabledSetting(), pkgName=com.google.android.talk, clsName=com.google.android.apps.hangouts.sms.SmsReceiver, state=2, flag=1, pid=21669, uid=10117, userID:0
I/PackageManager(  861):  setEnabledSetting(), pkgName=com.google.android.talk, clsName=com.google.android.apps.hangouts.sms.MmsWapPushReceiver, state=2, flag=1, pid=21669, uid=10117, userID:0
I/PackageManager(  861):  setEnabledSetting(), pkgName=com.google.android.talk, clsName=com.google.android.apps.hangouts.sms.AbortSmsReceiver, state=2, flag=1, pid=21669, uid=10117, userID:0
I/PackageManager(  861):  setEnabledSetting(), pkgName=com.google.android.talk, clsName=com.google.android.apps.hangouts.sms.AbortMmsWapPushReceiver, state=2, flag=1, pid=21669, uid=10117, userID:0
I/PackageManager(  861):  setEnabledSetting(), pkgName=com.google.android.talk, clsName=com.google.android.apps.hangouts.service.NoConfirmationSmsSendService, state=1, flag=1, pid=21669, uid=10117, userID:0
D/PMS     (  861): acquireWL(439c59d0): PARTIAL_WAKE_LOCK  hangouts_rtcs 0x1 21669 10117
I/ActivityManager(  861): Start proc com.google.android.googlequicksearchbox:search for broadcast com.google.android.googlequicksearchbox/com.google.android.search.core.GooglePlayServicesHelper$GmsPackageWatcher: pid=21697 uid=10065 gids={50065, 3003, 5012, 3001, 1028, 3002, 1015}
V/AlarmManager(  861): sending alarm PendingIntent{42d75628: PendingIntentRecord{4318a138 com.facebook.orca broadcastIntent}}, i=com.facebook.push.mqtt.keepalive.b.ACTION_INEXACT_ALARM.com.facebook.orca, t=2, cnt=1, w=95261575, Int=900000
V/AlarmManager(  861): sending alarm PendingIntent{439d6ef8: PendingIntentRecord{439b3128 com.artifacttech.mixby broadcastIntent}}, i=afterScan, t=2, cnt=1, w=95268985, Int=0
I/ActivityManager(  861): Recipient 21421
I/ActivityManager(  861): Process com.zgz.supervideo (pid 21421) has died.
D/QMI_FW  (  861): QCCI: QMUXD: xport_rx[1 <- 16]: 72 bytes on conn_id: 9
D/QMI_FW  (  861): QCCI: QMI_CCI_RX: cntl_flag - 04, txn_id - 0000, msg_id - 0026, msg_len - 0041
D/QMI_FW  (  861): QCCI: QMUXD: xport_rx[1 <- 16]: 72 bytes on conn_id: 9
D/QMI_FW  (  861): QCCI: QMI_CCI_RX: cntl_flag - 04, txn_id - 0000, msg_id - 0026, msg_len - 0041
D/QMI_FW  (  861): QCCI: QMUXD: xport_rx[1 <- 16]: 61 bytes on conn_id: 9
D/QMI_FW  (  861): QCCI: QMI_CCI_RX: cntl_flag - 04, txn_id - 0000, msg_id - 0026, msg_len - 0036
D/QMI_FW  (  861): QCCI: QMUXD: xport_rx[1 <- 16]: 36 bytes on conn_id: 9
D/QMI_FW  (  861): QCCI: QMI_CCI_RX: cntl_flag - 04, txn_id - 0000, msg_id - 0026, msg_len - 001d
D/QMI_FW  (  861): QCCI: QMUXD: xport_rx[1 <- 16]: 575 bytes on conn_id: 9
D/QMI_FW  (  861): QCCI: QMI_CCI_RX: cntl_flag - 04, txn_id - 0000, msg_id - 0025, msg_len - 0238
D/QMI_FW  (  861): QCCI: QMUXD: xport_rx[1 <- 16]: 35 bytes on conn_id: 9
D/QMI_FW  (  861): QCCI: QMI_CCI_RX: cntl_flag - 04, txn_id - 0000, msg_id - 0026, msg_len - 001c
D/QMI_FW  (  861): QCCI: QMUXD: xport_rx[1 <- 16]: 40 bytes on conn_id: 9
D/QMI_FW  (  861): QCCI: QMI_CCI_RX: cntl_flag - 04, txn_id - 0000, msg_id - 0026, msg_len - 0021
D/QMI_FW  (  861): QCCI: QMUXD: xport_rx[1 <- 16]: 35 bytes on conn_id: 9
D/QMI_FW  (  861): QCCI: QMI_CCI_RX: cntl_flag - 04, txn_id - 0000, msg_id - 0026, msg_len - 001c
D/QMI_FW  (  861): QCCI: QMUXD: xport_rx[1 <- 16]: 35 bytes on conn_id: 9
D/QMI_FW  (  861): QCCI: QMI_CCI_RX: cntl_flag - 04, txn_id - 0000, msg_id - 0026, msg_len - 001c
D/PMS     (  861): releaseWL(439c59d0): PARTIAL_WAKE_LOCK  hangouts_rtcs 0x1
D/QMI_FW  (  861): QCCI: QMUXD: xport_rx[1 <- 16]: 40 bytes on conn_id: 9
D/QMI_FW  (  861): QCCI: QMI_CCI_RX: cntl_flag - 04, txn_id - 0000, msg_id - 0026, msg_len - 0021
D/QMI_FW  (  861): QCCI: QMUXD: xport_rx[1 <- 16]: 171 bytes on conn_id: 9
D/QMI_FW  (  861): QCCI: QMI_CCI_RX: cntl_flag - 04, txn_id - 0000, msg_id - 0024, msg_len - 00a4
I/ActivityManager(  861): Recipient 21447
I/ActivityManager(  861): Process com.artifacttech.mixby (pid 21447) has died.
F/ActivityManager(  861): Service ServiceRecord{445edf10 u0 com.artifacttech.mixby/com.estimote.sdk.service.BeaconService} in process ProcessRecord{4323a618 21447:com.artifacttech.mixby/u0a211} not same as in map: null
D/ErrorReport(  861): HtcErrorReportManager Begin---add error logs to dropbox
I/ActivityManager(  861): Start proc com.google.android.partnersetup for content provider com.google.android.partnersetup/.RlzAppProvider: pid=21716 uid=10022 gids={50022, 3003, 5012}
W/ContextImpl(  861): Calling a method in the system process without a qualified user: android.app.ContextImpl.sendBroadcast:1363 android.net.wifi.WifiStateMachine.sendDongleScanResultsAvailableBroadcast:5710 android.net.wifi.WifiStateMachine.handleMediaLinkEvent:5886 android.net.wifi.WifiStateMachine.access$6400:248 android.net.wifi.WifiStateMachine$SupplicantStartedState.processMessage:7093 
D/BatSI   (  861): WIFI scan stopped for: 561bd014 uid:10229
D/WifiService(  861): New client listening to asynchronous messages
D/PMS     (  861): acquireWL(437cb8a8): PARTIAL_WAKE_LOCK  NlpWakeLock 0x1 1286 10020
D/PMS     (  861): releaseWL(437cb8a8): PARTIAL_WAKE_LOCK  NlpWakeLock 0x1
D/PMS     (  861): acquireWL(435b7078): PARTIAL_WAKE_LOCK  NlpWakeLock 0x1 1286 10020
D/PMS     (  861): acquireWL(434c8d88): PARTIAL_WAKE_LOCK  LocationManagerService 0x1 861 1000
D/PMS     (  861): acquireWL(4346f0d0): PARTIAL_WAKE_LOCK  LocationManagerService 0x1 861 1000
D/WifiService(  861): Client connection lost with reason: 4
D/PMS     (  861): releaseWL(435b7078): PARTIAL_WAKE_LOCK  NlpWakeLock 0x1
I/ActivityManager(  861): Recipient 21498
I/ActivityManager(  861): Process jp.naver.line.android (pid 21498) has died.
D/PMS     (  861): acquireWL(4330c040): PARTIAL_WAKE_LOCK  GCoreFlp 0x1 1286 10020
D/PMS     (  861): acquireWL(4325aee0): PARTIAL_WAKE_LOCK  NlpWakeLock 0x1 1286 10020
D/PMS     (  861): acquireWL(431f9cf8): PARTIAL_WAKE_LOCK  GCoreFlp 0x1 1286 10020
D/PMS     (  861): releaseWL(4330c040): PARTIAL_WAKE_LOCK  GCoreFlp 0x1
D/PMS     (  861): acquireWL(4315f558): PARTIAL_WAKE_LOCK  GCoreFlp 0x1 1286 10020
D/PMS     (  861): releaseWL(4325aee0): PARTIAL_WAKE_LOCK  NlpWakeLock 0x1
D/PMS     (  861): acquireWL(43b3a058): PARTIAL_WAKE_LOCK  GCoreFlp 0x1 1286 10020
D/PMS     (  861): acquireWL(439d6d10): PARTIAL_WAKE_LOCK  LocationManagerService 0x1 861 1000
D/WifiService(  861): releaseWifiLockLocked: WifiLock{NlpWifiLock type=2 binder=android.os.BinderProxy@42c247c0}
I/ActivityManager(  861): Start proc com.google.android.apps.plus for broadcast com.google.android.apps.plus/.service.PackagesMediaMonitor: pid=21737 uid=10166 gids={50166, 3003, 5012, 3002, 1028, 1015}
D/PMS     (  861): releaseWL(42df1c08): PARTIAL_WAKE_LOCK  NlpWakeLock 0x1
D/PMS     (  861): releaseWL(43b3a058): PARTIAL_WAKE_LOCK  GCoreFlp 0x1
D/PMS     (  861): releaseWL(431f9cf8): PARTIAL_WAKE_LOCK  GCoreFlp 0x1
D/PMS     (  861): releaseWL(4315f558): PARTIAL_WAKE_LOCK  GCoreFlp 0x1
D/PMS     (  861): acquireWL(42f0a610): PARTIAL_WAKE_LOCK  LocationManagerService 0x1 861 1000
D/PMS     (  861): acquireWL(42de2a40): PARTIAL_WAKE_LOCK  LocationManagerService 0x1 861 1000
D/PMS     (  861): releaseWL(434c8d88): PARTIAL_WAKE_LOCK  LocationManagerService 0x1
D/PMS     (  861): releaseWL(42f0a610): PARTIAL_WAKE_LOCK  LocationManagerService 0x1
D/PMS     (  861): releaseWL(439d6d10): PARTIAL_WAKE_LOCK  LocationManagerService 0x1
D/QMI_FW  (  861): QCCI: QMI_CCI_TX: cntl_flag - 00, txn_id - 08cb, msg_id - 0039, msg_len - 0021
D/QMI_FW  (  861): QCCI: QMUXD: xport_send[1 -> 16]: 40 bytes on conn_id=9
D/PMS     (  861): releaseWL(4346f0d0): PARTIAL_WAKE_LOCK  LocationManagerService 0x1
D/PMS     (  861): releaseWL(42de2a40): PARTIAL_WAKE_LOCK  LocationManagerService 0x1
D/QMI_FW  (  861): QCCI: QMUXD: xport_rx[1 <- 16]: 14 bytes on conn_id: 9
D/QMI_FW  (  861): QCCI: QMI_CCI_RX: cntl_flag - 02, txn_id - 08cb, msg_id - 0039, msg_len - 0007
D/QMI_FW  (  861): QCCI: QMUXD: xport_rx[1 <- 16]: 72 bytes on conn_id: 9
D/QMI_FW  (  861): QCCI: QMI_CCI_RX: cntl_flag - 04, txn_id - 0000, msg_id - 0026, msg_len - 0041
D/QMI_FW  (  861): QCCI: QMUXD: xport_rx[1 <- 16]: 72 bytes on conn_id: 9
D/QMI_FW  (  861): QCCI: QMI_CCI_RX: cntl_flag - 04, txn_id - 0000, msg_id - 0026, msg_len - 0041
D/QMI_FW  (  861): QCCI: QMUXD: xport_rx[1 <- 16]: 61 bytes on conn_id: 9
D/QMI_FW  (  861): QCCI: QMI_CCI_RX: cntl_flag - 04, txn_id - 0000, msg_id - 0026, msg_len - 0036
D/QMI_FW  (  861): QCCI: QMUXD: xport_rx[1 <- 16]: 36 bytes on conn_id: 9
D/QMI_FW  (  861): QCCI: QMI_CCI_RX: cntl_flag - 04, txn_id - 0000, msg_id - 0026, msg_len - 001d
D/QMI_FW  (  861): QCCI: QMUXD: xport_rx[1 <- 16]: 575 bytes on conn_id: 9
D/QMI_FW  (  861): QCCI: QMI_CCI_RX: cntl_flag - 04, txn_id - 0000, msg_id - 0025, msg_len - 0238
D/QMI_FW  (  861): QCCI: QMUXD: xport_rx[1 <- 16]: 35 bytes on conn_id: 9
D/QMI_FW  (  861): QCCI: QMI_CCI_RX: cntl_flag - 04, txn_id - 0000, msg_id - 0026, msg_len - 001c
D/QMI_FW  (  861): QCCI: QMUXD: xport_rx[1 <- 16]: 40 bytes on conn_id: 9
D/QMI_FW  (  861): QCCI: QMI_CCI_RX: cntl_flag - 04, txn_id - 0000, msg_id - 0026, msg_len - 0021
D/QMI_FW  (  861): QCCI: QMUXD: xport_rx[1 <- 16]: 35 bytes on conn_id: 9
D/QMI_FW  (  861): QCCI: QMI_CCI_RX: cntl_flag - 04, txn_id - 0000, msg_id - 0026, msg_len - 001c
D/QMI_FW  (  861): QCCI: QMUXD: xport_rx[1 <- 16]: 35 bytes on conn_id: 9
D/QMI_FW  (  861): QCCI: QMI_CCI_RX: cntl_flag - 04, txn_id - 0000, msg_id - 0026, msg_len - 001c
D/QMI_FW  (  861): QCCI: QMUXD: xport_rx[1 <- 16]: 40 bytes on conn_id: 9
D/QMI_FW  (  861): QCCI: QMI_CCI_RX: cntl_flag - 04, txn_id - 0000, msg_id - 0026, msg_len - 0021
D/QMI_FW  (  861): QCCI: QMUXD: xport_rx[1 <- 16]: 171 bytes on conn_id: 9
D/QMI_FW  (  861): QCCI: QMI_CCI_RX: cntl_flag - 04, txn_id - 0000, msg_id - 0024, msg_len - 00a4
D/PMS     (  861): acquireWL(43756528): PARTIAL_WAKE_LOCK  AsyncService 0x1 21737 10166
D/PMS     (  861): releaseWL(43756528): PARTIAL_WAKE_LOCK  AsyncService 0x1
D/PMS     (  861): acquireWL(4315cb48): PARTIAL_WAKE_LOCK  Icing 0x1 7357 10020
W/BroadcastQueue(  861): Failure sending broadcast Intent { act=jp.naver.line.android.legy.SpdyHeartbeatChecker.sendPing flg=0x14 (has extras) }
W/BroadcastQueue(  861): android.os.DeadObjectException
W/BroadcastQueue(  861): 	at android.os.BinderProxy.transact(Native Method)
W/BroadcastQueue(  861): 	at android.content.IIntentReceiver$Stub$Proxy.performReceive(IIntentReceiver.java:124)
W/BroadcastQueue(  861): 	at com.android.server.am.BroadcastQueue.performReceiveLocked(BroadcastQueue.java:457)
W/BroadcastQueue(  861): 	at com.android.server.am.BroadcastQueue.deliverToRegisteredReceiverLocked(BroadcastQueue.java:564)
W/BroadcastQueue(  861): 	at com.android.server.am.BroadcastQueue.processNextBroadcast(BroadcastQueue.java:809)
W/BroadcastQueue(  861): 	at com.android.server.am.ActivityManagerService.finishReceiver(ActivityManagerService.java:15073)
W/BroadcastQueue(  861): 	at android.app.ActivityManagerNative.onTransact(ActivityManagerNative.java:401)
W/BroadcastQueue(  861): 	at com.android.server.am.ActivityManagerService.onTransact(ActivityManagerService.java:2332)
W/BroadcastQueue(  861): 	at android.os.Binder.execTransact(Binder.java:412)
W/BroadcastQueue(  861): 	at dalvik.system.NativeStart.run(Native Method)
I/ActivityManager(  861): Start proc jp.naver.line.android for broadcast jp.naver.line.android/.service.push.C2DMReceiver: pid=21757 uid=10299 gids={50299, 3003, 5012, 1028, 1015, 3002}
D/QMI_FW  (  861): QCCI: QMUXD: xport_rx[1 <- 16]: 72 bytes on conn_id: 9
D/QMI_FW  (  861): QCCI: QMI_CCI_RX: cntl_flag - 04, txn_id - 0000, msg_id - 0026, msg_len - 0041
D/QMI_FW  (  861): QCCI: QMUXD: xport_rx[1 <- 16]: 72 bytes on conn_id: 9
D/QMI_FW  (  861): QCCI: QMI_CCI_RX: cntl_flag - 04, txn_id - 0000, msg_id - 0026, msg_len - 0041
D/QMI_FW  (  861): QCCI: QMUXD: xport_rx[1 <- 16]: 61 bytes on conn_id: 9
D/QMI_FW  (  861): QCCI: QMI_CCI_RX: cntl_flag - 04, txn_id - 0000, msg_id - 0026, msg_len - 0036
D/QMI_FW  (  861): QCCI: QMUXD: xport_rx[1 <- 16]: 36 bytes on conn_id: 9
D/QMI_FW  (  861): QCCI: QMI_CCI_RX: cntl_flag - 04, txn_id - 0000, msg_id - 0026, msg_len - 001d
D/QMI_FW  (  861): QCCI: QMUXD: xport_rx[1 <- 16]: 575 bytes on conn_id: 9
D/QMI_FW  (  861): QCCI: QMI_CCI_RX: cntl_flag - 04, txn_id - 0000, msg_id - 0025, msg_len - 0238
D/QMI_FW  (  861): QCCI: QMUXD: xport_rx[1 <- 16]: 35 bytes on conn_id: 9
D/QMI_FW  (  861): QCCI: QMI_CCI_RX: cntl_flag - 04, txn_id - 0000, msg_id - 0026, msg_len - 001c
D/QMI_FW  (  861): QCCI: QMUXD: xport_rx[1 <- 16]: 40 bytes on conn_id: 9
D/QMI_FW  (  861): QCCI: QMI_CCI_RX: cntl_flag - 04, txn_id - 0000, msg_id - 0026, msg_len - 0021
D/QMI_FW  (  861): QCCI: QMUXD: xport_rx[1 <- 16]: 35 bytes on conn_id: 9
D/QMI_FW  (  861): QCCI: QMI_CCI_RX: cntl_flag - 04, txn_id - 0000, msg_id - 0026, msg_len - 001c
D/QMI_FW  (  861): QCCI: QMUXD: xport_rx[1 <- 16]: 35 bytes on conn_id: 9
D/QMI_FW  (  861): QCCI: QMI_CCI_RX: cntl_flag - 04, txn_id - 0000, msg_id - 0026, msg_len - 001c
D/QMI_FW  (  861): QCCI: QMUXD: xport_rx[1 <- 16]: 40 bytes on conn_id: 9
D/QMI_FW  (  861): QCCI: QMI_CCI_RX: cntl_flag - 04, txn_id - 0000, msg_id - 0026, msg_len - 0021
I/ActivityManager(  861): Recipient 21104
I/ActivityManager(  861): Process com.android.settings:remote (pid 21104) has died.
D/QMI_FW  (  861): QCCI: QMUXD: xport_rx[1 <- 16]: 171 bytes on conn_id: 9
D/QMI_FW  (  861): QCCI: QMI_CCI_RX: cntl_flag - 04, txn_id - 0000, msg_id - 0024, msg_len - 00a4
D/PMS     (  861): releaseWL(4315cb48): PARTIAL_WAKE_LOCK  Icing 0x1
I/ActivityManager(  861): Recipient 21259
I/ActivityManager(  861): Process com.google.android.gms.unstable (pid 21259) has died.
D/WifiService(  861): New client listening to asynchronous messages
D/QMI_FW  (  861): QCCI: QMUXD: xport_rx[1 <- 16]: 72 bytes on conn_id: 9
D/QMI_FW  (  861): QCCI: QMI_CCI_RX: cntl_flag - 04, txn_id - 0000, msg_id - 0026, msg_len - 0041
D/QMI_FW  (  861): QCCI: QMUXD: xport_rx[1 <- 16]: 72 bytes on conn_id: 9
D/QMI_FW  (  861): QCCI: QMI_CCI_RX: cntl_flag - 04, txn_id - 0000, msg_id - 0026, msg_len - 0041
D/QMI_FW  (  861): QCCI: QMUXD: xport_rx[1 <- 16]: 61 bytes on conn_id: 9
D/QMI_FW  (  861): QCCI: QMI_CCI_RX: cntl_flag - 04, txn_id - 0000, msg_id - 0026, msg_len - 0036
D/QMI_FW  (  861): QCCI: QMUXD: xport_rx[1 <- 16]: 575 bytes on conn_id: 9
D/QMI_FW  (  861): QCCI: QMI_CCI_RX: cntl_flag - 04, txn_id - 0000, msg_id - 0025, msg_len - 0238
W/BroadcastQueue(  861): Failure sending broadcast Intent { act=afterScan flg=0x14 (has extras) }
W/BroadcastQueue(  861): android.os.DeadObjectException
W/BroadcastQueue(  861): 	at android.os.BinderProxy.transact(Native Method)
W/BroadcastQueue(  861): 	at android.content.IIntentReceiver$Stub$Proxy.performReceive(IIntentReceiver.java:124)
W/BroadcastQueue(  861): 	at com.android.server.am.BroadcastQueue.performReceiveLocked(BroadcastQueue.java:457)
W/BroadcastQueue(  861): 	at com.android.server.am.BroadcastQueue.deliverToRegisteredReceiverLocked(BroadcastQueue.java:564)
W/BroadcastQueue(  861): 	at com.android.server.am.BroadcastQueue.processNextBroadcast(BroadcastQueue.java:809)
W/BroadcastQueue(  861): 	at com.android.server.am.ActivityManagerService.finishReceiver(ActivityManagerService.java:15073)
W/BroadcastQueue(  861): 	at android.app.ActivityManagerNative.onTransact(ActivityManagerNative.java:401)
W/BroadcastQueue(  861): 	at com.android.server.am.ActivityManagerService.onTransact(ActivityManagerService.java:2332)
W/BroadcastQueue(  861): 	at android.os.Binder.execTransact(Binder.java:412)
W/BroadcastQueue(  861): 	at dalvik.system.NativeStart.run(Native Method)
D/PMS     (  861): releaseWL(4396a2f0): PARTIAL_WAKE_LOCK  AlarmManager 0x1
D/QMI_FW  (  861): QCCI: QMUXD: xport_rx[1 <- 16]: 36 bytes on conn_id: 9
D/QMI_FW  (  861): QCCI: QMI_CCI_RX: cntl_flag - 04, txn_id - 0000, msg_id - 0026, msg_len - 001d
D/PMS     (  861): acquireWL(4311ae80): PARTIAL_WAKE_LOCK  wake:com.google.android.music/.leanback.AutoCacheSchedulingService 0x1 21630 10159
D/QMI_FW  (  861): QCCI: QMUXD: xport_rx[1 <- 16]: 35 bytes on conn_id: 9
D/QMI_FW  (  861): QCCI: QMI_CCI_RX: cntl_flag - 04, txn_id - 0000, msg_id - 0026, msg_len - 001c
D/QMI_FW  (  861): QCCI: QMUXD: xport_rx[1 <- 16]: 40 bytes on conn_id: 9
D/QMI_FW  (  861): QCCI: QMI_CCI_RX: cntl_flag - 04, txn_id - 0000, msg_id - 0026, msg_len - 0021
D/QMI_FW  (  861): QCCI: QMUXD: xport_rx[1 <- 16]: 35 bytes on conn_id: 9
D/QMI_FW  (  861): QCCI: QMI_CCI_RX: cntl_flag - 04, txn_id - 0000, msg_id - 0026, msg_len - 001c
D/QMI_FW  (  861): QCCI: QMUXD: xport_rx[1 <- 16]: 35 bytes on conn_id: 9
D/QMI_FW  (  861): QCCI: QMI_CCI_RX: cntl_flag - 04, txn_id - 0000, msg_id - 0026, msg_len - 001c
D/QMI_FW  (  861): QCCI: QMUXD: xport_rx[1 <- 16]: 40 bytes on conn_id: 9
D/QMI_FW  (  861): QCCI: QMI_CCI_RX: cntl_flag - 04, txn_id - 0000, msg_id - 0026, msg_len - 0021
D/QMI_FW  (  861): QCCI: QMUXD: xport_rx[1 <- 16]: 171 bytes on conn_id: 9
D/QMI_FW  (  861): QCCI: QMI_CCI_RX: cntl_flag - 04, txn_id - 0000, msg_id - 0024, msg_len - 00a4
I/PackageManager(  861):  setEnabledSetting(), pkgName=com.google.android.music, clsName=com.google.android.music.leanback.AutoCacheSchedulingService$ActionReceiver, state=2, flag=1, pid=21630, uid=10159, userID:0
D/PMS     (  861): releaseWL(4311ae80): PARTIAL_WAKE_LOCK  wake:com.google.android.music/.leanback.AutoCacheSchedulingService 0x1
I/ActivityManager(  861): Recipient 21554
I/ActivityManager(  861): Process com.foursquare.robin (pid 21554) has died.
F/ActivityManager(  861): Service ServiceRecord{43e4e188 u0 com.foursquare.robin/.service.MessagingService} in process ProcessRecord{434c7250 21554:com.foursquare.robin/u0a176} not same as in map: null
D/ErrorReport(  861): HtcErrorReportManager Begin---add error logs to dropbox
I/ActivityManager(  861): Recipient 21473
F/ActivityManager(  861): Service ServiceRecord{43e4a940 u0 com.foursquare.robin/.service.StickerService} in process ProcessRecord{434c7250 21554:com.foursquare.robin/u0a176} not same as in map: null
D/ErrorReport(  861): HtcErrorReportManager Begin---add error logs to dropbox
I/ActivityManager(  861): Process mobi.mgeek.TunnyBrowser (pid 21473) has died.
D/QMI_FW  (  861): QCCI: QMUXD: xport_rx[1 <- 16]: 72 bytes on conn_id: 9
D/QMI_FW  (  861): QCCI: QMI_CCI_RX: cntl_flag - 04, txn_id - 0000, msg_id - 0026, msg_len - 0041
D/QMI_FW  (  861): QCCI: QMUXD: xport_rx[1 <- 16]: 72 bytes on conn_id: 9
D/QMI_FW  (  861): QCCI: QMI_CCI_RX: cntl_flag - 04, txn_id - 0000, msg_id - 0026, msg_len - 0041
D/QMI_FW  (  861): QCCI: QMUXD: xport_rx[1 <- 16]: 61 bytes on conn_id: 9
D/QMI_FW  (  861): QCCI: QMI_CCI_RX: cntl_flag - 04, txn_id - 0000, msg_id - 0026, msg_len - 0036
D/QMI_FW  (  861): QCCI: QMUXD: xport_rx[1 <- 16]: 36 bytes on conn_id: 9
D/QMI_FW  (  861): QCCI: QMI_CCI_RX: cntl_flag - 04, txn_id - 0000, msg_id - 0026, msg_len - 001d
D/QMI_FW  (  861): QCCI: QMUXD: xport_rx[1 <- 16]: 575 bytes on conn_id: 9
D/QMI_FW  (  861): QCCI: QMI_CCI_RX: cntl_flag - 04, txn_id - 0000, msg_id - 0025, msg_len - 0238
D/QMI_FW  (  861): QCCI: QMUXD: xport_rx[1 <- 16]: 35 bytes on conn_id: 9
D/QMI_FW  (  861): QCCI: QMI_CCI_RX: cntl_flag - 04, txn_id - 0000, msg_id - 0026, msg_len - 001c
D/QMI_FW  (  861): QCCI: QMUXD: xport_rx[1 <- 16]: 40 bytes on conn_id: 9
D/QMI_FW  (  861): QCCI: QMI_CCI_RX: cntl_flag - 04, txn_id - 0000, msg_id - 0026, msg_len - 0021
D/QMI_FW  (  861): QCCI: QMUXD: xport_rx[1 <- 16]: 35 bytes on conn_id: 9
D/QMI_FW  (  861): QCCI: QMI_CCI_RX: cntl_flag - 04, txn_id - 0000, msg_id - 0026, msg_len - 001c
D/QMI_FW  (  861): QCCI: QMUXD: xport_rx[1 <- 16]: 35 bytes on conn_id: 9
D/QMI_FW  (  861): QCCI: QMI_CCI_RX: cntl_flag - 04, txn_id - 0000, msg_id - 0026, msg_len - 001c
D/QMI_FW  (  861): QCCI: QMUXD: xport_rx[1 <- 16]: 40 bytes on conn_id: 9
D/QMI_FW  (  861): QCCI: QMI_CCI_RX: cntl_flag - 04, txn_id - 0000, msg_id - 0026, msg_len - 0021
D/QMI_FW  (  861): QCCI: QMUXD: xport_rx[1 <- 16]: 171 bytes on conn_id: 9
D/QMI_FW  (  861): QCCI: QMI_CCI_RX: cntl_flag - 04, txn_id - 0000, msg_id - 0024, msg_len - 00a4
D/PMS     (  861): acquireWL(437015a0): PARTIAL_WAKE_LOCK  AlarmManager 0x1 861 1000
V/AlarmManager(  861): sending alarm PendingIntent{4308c120: PendingIntentRecord{42e6dbe0 com.google.android.gms broadcastIntent}}, i=com.google.android.gms.nlp.ALARM_WAKEUP_LOCATOR, t=2, cnt=1, w=95273429, Int=0
V/AlarmManager(  861): sending alarm PendingIntent{4312afb0: PendingIntentRecord{43a43bb8 jp.naver.line.android broadcastIntent}}, i=jp.naver.line.android.legy.SpdyHeartbeatChecker.sendPing, t=2, cnt=1, w=95273485, Int=0
D/PMS     (  861): acquireWL(4310cbc0): PARTIAL_WAKE_LOCK  NlpWakeLock 0x1 1286 10020
D/PMS     (  861): releaseWL(437015a0): PARTIAL_WAKE_LOCK  AlarmManager 0x1
D/PMS     (  861): acquireWL(4264e700): PARTIAL_WAKE_LOCK  NlpWakeLock 0x1 1286 10020
D/WifiService(  861): acquireWifiLockLocked: WifiLock{NlpWifiLock type=2 binder=android.os.BinderProxy@42c247c0}
D/BatSI   (  861): WIFI scan started for: 571bd014 uid:10229
D/PMS     (  861): releaseWL(4310cbc0): PARTIAL_WAKE_LOCK  NlpWakeLock 0x1
D/QMI_FW  (  861): QCCI: QMUXD: xport_rx[1 <- 16]: 72 bytes on conn_id: 9
D/QMI_FW  (  861): QCCI: QMI_CCI_RX: cntl_flag - 04, txn_id - 0000, msg_id - 0026, msg_len - 0041
D/QMI_FW  (  861): QCCI: QMUXD: xport_rx[1 <- 16]: 72 bytes on conn_id: 9
D/QMI_FW  (  861): QCCI: QMI_CCI_RX: cntl_flag - 04, txn_id - 0000, msg_id - 0026, msg_len - 0041
D/QMI_FW  (  861): QCCI: QMUXD: xport_rx[1 <- 16]: 61 bytes on conn_id: 9
D/QMI_FW  (  861): QCCI: QMI_CCI_RX: cntl_flag - 04, txn_id - 0000, msg_id - 0026, msg_len - 0036
D/QMI_FW  (  861): QCCI: QMUXD: xport_rx[1 <- 16]: 36 bytes on conn_id: 9
D/QMI_FW  (  861): QCCI: QMI_CCI_RX: cntl_flag - 04, txn_id - 0000, msg_id - 0026, msg_len - 001d
D/QMI_FW  (  861): QCCI: QMUXD: xport_rx[1 <- 16]: 575 bytes on conn_id: 9
D/QMI_FW  (  861): QCCI: QMI_CCI_RX: cntl_flag - 04, txn_id - 0000, msg_id - 0025, msg_len - 0238
D/QMI_FW  (  861): QCCI: QMUXD: xport_rx[1 <- 16]: 35 bytes on conn_id: 9
D/QMI_FW  (  861): QCCI: QMI_CCI_RX: cntl_flag - 04, txn_id - 0000, msg_id - 0026, msg_len - 001c
D/QMI_FW  (  861): QCCI: QMUXD: xport_rx[1 <- 16]: 40 bytes on conn_id: 9
D/QMI_FW  (  861): QCCI: QMI_CCI_RX: cntl_flag - 04, txn_id - 0000, msg_id - 0026, msg_len - 0021
D/WIFI_ICON( 1035): WifiActivity: 0
D/QMI_FW  (  861): QCCI: QMUXD: xport_rx[1 <- 16]: 35 bytes on conn_id: 9
D/QMI_FW  (  861): QCCI: QMI_CCI_RX: cntl_flag - 04, txn_id - 0000, msg_id - 0026, msg_len - 001c
D/StatusBar.NetworkController( 1035): dumpIcon[stat_sys_data_connected_lte stat_sys_5signal_1|null stat_sys_wifi_signal_connected_3 (gone) F]
D/QMI_FW  (  861): QCCI: QMUXD: xport_rx[1 <- 16]: 35 bytes on conn_id: 9
D/QMI_FW  (  861): QCCI: QMI_CCI_RX: cntl_flag - 04, txn_id - 0000, msg_id - 0026, msg_len - 001c
D/QMI_FW  (  861): QCCI: QMUXD: xport_rx[1 <- 16]: 40 bytes on conn_id: 9
D/QMI_FW  (  861): QCCI: QMI_CCI_RX: cntl_flag - 04, txn_id - 0000, msg_id - 0026, msg_len - 0021
D/QMI_FW  (  861): QCCI: QMUXD: xport_rx[1 <- 16]: 171 bytes on conn_id: 9
D/QMI_FW  (  861): QCCI: QMI_CCI_RX: cntl_flag - 04, txn_id - 0000, msg_id - 0024, msg_len - 00a4
D/QMI_FW  (  861): QCCI: QMUXD: xport_rx[1 <- 16]: 72 bytes on conn_id: 9
D/QMI_FW  (  861): QCCI: QMI_CCI_RX: cntl_flag - 04, txn_id - 0000, msg_id - 0026, msg_len - 0041
D/QMI_FW  (  861): QCCI: QMUXD: xport_rx[1 <- 16]: 72 bytes on conn_id: 9
D/QMI_FW  (  861): QCCI: QMI_CCI_RX: cntl_flag - 04, txn_id - 0000, msg_id - 0026, msg_len - 0041
D/QMI_FW  (  861): QCCI: QMUXD: xport_rx[1 <- 16]: 61 bytes on conn_id: 9
D/QMI_FW  (  861): QCCI: QMI_CCI_RX: cntl_flag - 04, txn_id - 0000, msg_id - 0026, msg_len - 0036
D/QMI_FW  (  861): QCCI: QMUXD: xport_rx[1 <- 16]: 36 bytes on conn_id: 9
D/QMI_FW  (  861): QCCI: QMI_CCI_RX: cntl_flag - 04, txn_id - 0000, msg_id - 0026, msg_len - 001d
D/QMI_FW  (  861): QCCI: QMUXD: xport_rx[1 <- 16]: 575 bytes on conn_id: 9
D/QMI_FW  (  861): QCCI: QMI_CCI_RX: cntl_flag - 04, txn_id - 0000, msg_id - 0025, msg_len - 0238
D/QMI_FW  (  861): QCCI: QMUXD: xport_rx[1 <- 16]: 35 bytes on conn_id: 9
D/QMI_FW  (  861): QCCI: QMI_CCI_RX: cntl_flag - 04, txn_id - 0000, msg_id - 0026, msg_len - 001c
D/QMI_FW  (  861): QCCI: QMUXD: xport_rx[1 <- 16]: 40 bytes on conn_id: 9
D/QMI_FW  (  861): QCCI: QMI_CCI_RX: cntl_flag - 04, txn_id - 0000, msg_id - 0026, msg_len - 0021
D/WIFI_ICON( 1035): WifiActivity: 2
D/StatusBar.NetworkController( 1035): dumpIcon[stat_sys_data_connected_lte stat_sys_5signal_1|null stat_sys_wifi_signal_out_3 (gone) F]
D/QMI_FW  (  861): QCCI: QMUXD: xport_rx[1 <- 16]: 35 bytes on conn_id: 9
D/QMI_FW  (  861): QCCI: QMI_CCI_RX: cntl_flag - 04, txn_id - 0000, msg_id - 0026, msg_len - 001c
D/QMI_FW  (  861): QCCI: QMUXD: xport_rx[1 <- 16]: 35 bytes on conn_id: 9
D/QMI_FW  (  861): QCCI: QMI_CCI_RX: cntl_flag - 04, txn_id - 0000, msg_id - 0026, msg_len - 001c
D/QMI_FW  (  861): QCCI: QMUXD: xport_rx[1 <- 16]: 40 bytes on conn_id: 9
D/QMI_FW  (  861): QCCI: QMI_CCI_RX: cntl_flag - 04, txn_id - 0000, msg_id - 0026, msg_len - 0021
D/QMI_FW  (  861): QCCI: QMUXD: xport_rx[1 <- 16]: 171 bytes on conn_id: 9
D/QMI_FW  (  861): QCCI: QMI_CCI_RX: cntl_flag - 04, txn_id - 0000, msg_id - 0024, msg_len - 00a4
D/QMI_FW  (  861): QCCI: QMUXD: xport_rx[1 <- 16]: 72 bytes on conn_id: 9
D/QMI_FW  (  861): QCCI: QMI_CCI_RX: cntl_flag - 04, txn_id - 0000, msg_id - 0026, msg_len - 0041
D/QMI_FW  (  861): QCCI: QMUXD: xport_rx[1 <- 16]: 72 bytes on conn_id: 9
D/QMI_FW  (  861): QCCI: QMI_CCI_RX: cntl_flag - 04, txn_id - 0000, msg_id - 0026, msg_len - 0041
D/QMI_FW  (  861): QCCI: QMUXD: xport_rx[1 <- 16]: 61 bytes on conn_id: 9
D/QMI_FW  (  861): QCCI: QMI_CCI_RX: cntl_flag - 04, txn_id - 0000, msg_id - 0026, msg_len - 0036
D/QMI_FW  (  861): QCCI: QMUXD: xport_rx[1 <- 16]: 36 bytes on conn_id: 9
D/QMI_FW  (  861): QCCI: QMI_CCI_RX: cntl_flag - 04, txn_id - 0000, msg_id - 0026, msg_len - 001d
D/QMI_FW  (  861): QCCI: QMUXD: xport_rx[1 <- 16]: 575 bytes on conn_id: 9
D/QMI_FW  (  861): QCCI: QMI_CCI_RX: cntl_flag - 04, txn_id - 0000, msg_id - 0025, msg_len - 0238
D/QMI_FW  (  861): QCCI: QMUXD: xport_rx[1 <- 16]: 35 bytes on conn_id: 9
D/QMI_FW  (  861): QCCI: QMI_CCI_RX: cntl_flag - 04, txn_id - 0000, msg_id - 0026, msg_len - 001c
D/QMI_FW  (  861): QCCI: QMUXD: xport_rx[1 <- 16]: 40 bytes on conn_id: 9
D/QMI_FW  (  861): QCCI: QMI_CCI_RX: cntl_flag - 04, txn_id - 0000, msg_id - 0026, msg_len - 0021
D/WIFI_ICON( 1035): WifiActivity: 0
D/StatusBar.NetworkController( 1035): dumpIcon[stat_sys_data_connected_lte stat_sys_5signal_1|null stat_sys_wifi_signal_connected_3 (gone) F]
D/QMI_FW  (  861): QCCI: QMUXD: xport_rx[1 <- 16]: 35 bytes on conn_id: 9
D/QMI_FW  (  861): QCCI: QMI_CCI_RX: cntl_flag - 04, txn_id - 0000, msg_id - 0026, msg_len - 001c
D/QMI_FW  (  861): QCCI: QMUXD: xport_rx[1 <- 16]: 35 bytes on conn_id: 9
D/QMI_FW  (  861): QCCI: QMI_CCI_RX: cntl_flag - 04, txn_id - 0000, msg_id - 0026, msg_len - 001c
D/QMI_FW  (  861): QCCI: QMUXD: xport_rx[1 <- 16]: 40 bytes on conn_id: 9
D/QMI_FW  (  861): QCCI: QMI_CCI_RX: cntl_flag - 04, txn_id - 0000, msg_id - 0026, msg_len - 0021
D/QMI_FW  (  861): QCCI: QMUXD: xport_rx[1 <- 16]: 171 bytes on conn_id: 9
D/QMI_FW  (  861): QCCI: QMI_CCI_RX: cntl_flag - 04, txn_id - 0000, msg_id - 0024, msg_len - 00a4
D/QMI_FW  (  861): QCCI: QMUXD: xport_rx[1 <- 16]: 72 bytes on conn_id: 9
D/QMI_FW  (  861): QCCI: QMI_CCI_RX: cntl_flag - 04, txn_id - 0000, msg_id - 0026, msg_len - 0041
D/QMI_FW  (  861): QCCI: QMUXD: xport_rx[1 <- 16]: 72 bytes on conn_id: 9
D/QMI_FW  (  861): QCCI: QMI_CCI_RX: cntl_flag - 04, txn_id - 0000, msg_id - 0026, msg_len - 0041
D/QMI_FW  (  861): QCCI: QMUXD: xport_rx[1 <- 16]: 61 bytes on conn_id: 9
D/QMI_FW  (  861): QCCI: QMI_CCI_RX: cntl_flag - 04, txn_id - 0000, msg_id - 0026, msg_len - 0036
D/QMI_FW  (  861): QCCI: QMUXD: xport_rx[1 <- 16]: 575 bytes on conn_id: 9
D/QMI_FW  (  861): QCCI: QMI_CCI_RX: cntl_flag - 04, txn_id - 0000, msg_id - 0025, msg_len - 0238
D/QMI_FW  (  861): QCCI: QMUXD: xport_rx[1 <- 16]: 36 bytes on conn_id: 9
D/QMI_FW  (  861): QCCI: QMI_CCI_RX: cntl_flag - 04, txn_id - 0000, msg_id - 0026, msg_len - 001d
D/QMI_FW  (  861): QCCI: QMUXD: xport_rx[1 <- 16]: 35 bytes on conn_id: 9
D/QMI_FW  (  861): QCCI: QMI_CCI_RX: cntl_flag - 04, txn_id - 0000, msg_id - 0026, msg_len - 001c
D/QMI_FW  (  861): QCCI: QMUXD: xport_rx[1 <- 16]: 40 bytes on conn_id: 9
D/QMI_FW  (  861): QCCI: QMI_CCI_RX: cntl_flag - 04, txn_id - 0000, msg_id - 0026, msg_len - 0021
D/WIFI_ICON( 1035): WifiActivity: 3
D/StatusBar.NetworkController( 1035): dumpIcon[stat_sys_data_connected_lte stat_sys_5signal_1|null stat_sys_wifi_signal_inandout_3 (gone) F]
D/QMI_FW  (  861): QCCI: QMUXD: xport_rx[1 <- 16]: 35 bytes on conn_id: 9
D/QMI_FW  (  861): QCCI: QMI_CCI_RX: cntl_flag - 04, txn_id - 0000, msg_id - 0026, msg_len - 001c
D/QMI_FW  (  861): QCCI: QMUXD: xport_rx[1 <- 16]: 35 bytes on conn_id: 9
D/QMI_FW  (  861): QCCI: QMI_CCI_RX: cntl_flag - 04, txn_id - 0000, msg_id - 0026, msg_len - 001c
D/QMI_FW  (  861): QCCI: QMUXD: xport_rx[1 <- 16]: 40 bytes on conn_id: 9
D/QMI_FW  (  861): QCCI: QMI_CCI_RX: cntl_flag - 04, txn_id - 0000, msg_id - 0026, msg_len - 0021
D/QMI_FW  (  861): QCCI: QMUXD: xport_rx[1 <- 16]: 171 bytes on conn_id: 9
D/QMI_FW  (  861): QCCI: QMI_CCI_RX: cntl_flag - 04, txn_id - 0000, msg_id - 0024, msg_len - 00a4
W/ContextImpl(  861): Calling a method in the system process without a qualified user: android.app.ContextImpl.sendBroadcast:1363 android.net.wifi.WifiStateMachine.sendDongleScanResultsAvailableBroadcast:5710 android.net.wifi.WifiStateMachine.handleMediaLinkEvent:5886 android.net.wifi.WifiStateMachine.access$6400:248 android.net.wifi.WifiStateMachine$SupplicantStartedState.processMessage:7093 
D/BatSI   (  861): WIFI scan stopped for: 561bd014 uid:10229
D/PMS     (  861): acquireWL(431d8658): PARTIAL_WAKE_LOCK  NlpWakeLock 0x1 1286 10020
D/PMS     (  861): releaseWL(431d8658): PARTIAL_WAKE_LOCK  NlpWakeLock 0x1
D/PMS     (  861): acquireWL(438dbfc8): PARTIAL_WAKE_LOCK  NlpWakeLock 0x1 1286 10020
D/PMS     (  861): acquireWL(43e62918): PARTIAL_WAKE_LOCK  LocationManagerService 0x1 861 1000
D/PMS     (  861): releaseWL(438dbfc8): PARTIAL_WAKE_LOCK  NlpWakeLock 0x1
D/PMS     (  861): acquireWL(435396c0): PARTIAL_WAKE_LOCK  LocationManagerService 0x1 861 1000
D/PMS     (  861): acquireWL(438e7f70): PARTIAL_WAKE_LOCK  GCoreFlp 0x1 1286 10020
D/PMS     (  861): acquireWL(439499b0): PARTIAL_WAKE_LOCK  NlpWakeLock 0x1 1286 10020
D/PMS     (  861): acquireWL(43229128): PARTIAL_WAKE_LOCK  GCoreFlp 0x1 1286 10020
D/PMS     (  861): acquireWL(43233e78): PARTIAL_WAKE_LOCK  LocationManagerService 0x1 861 1000
D/PMS     (  861): acquireWL(4343b200): PARTIAL_WAKE_LOCK  GCoreFlp 0x1 1286 10020
D/PMS     (  861): acquireWL(43658e68): PARTIAL_WAKE_LOCK  LocationManagerService 0x1 861 1000
D/PMS     (  861): releaseWL(439499b0): PARTIAL_WAKE_LOCK  NlpWakeLock 0x1
D/WifiService(  861): releaseWifiLockLocked: WifiLock{NlpWifiLock type=2 binder=android.os.BinderProxy@42c247c0}
D/PMS     (  861): acquireWL(446857c0): PARTIAL_WAKE_LOCK  *net_scheduler* 0x1 1338 10020
D/PMS     (  861): acquireWL(44a86718): PARTIAL_WAKE_LOCK  LocationManagerService 0x1 861 1000
D/PMS     (  861): releaseWL(43e62918): PARTIAL_WAKE_LOCK  LocationManagerService 0x1
D/PMS     (  861): releaseWL(43233e78): PARTIAL_WAKE_LOCK  LocationManagerService 0x1
D/PMS     (  861): releaseWL(43658e68): PARTIAL_WAKE_LOCK  LocationManagerService 0x1
D/QMI_FW  (  861): QCCI: QMI_CCI_TX: cntl_flag - 00, txn_id - 08cc, msg_id - 0039, msg_len - 0021
D/QMI_FW  (  861): QCCI: QMUXD: xport_send[1 -> 16]: 40 bytes on conn_id=9
D/PMS     (  861): releaseWL(438e7f70): PARTIAL_WAKE_LOCK  GCoreFlp 0x1
D/PMS     (  861): releaseWL(435396c0): PARTIAL_WAKE_LOCK  LocationManagerService 0x1
D/PMS     (  861): releaseWL(44a86718): PARTIAL_WAKE_LOCK  LocationManagerService 0x1
D/PMS     (  861): acquireWL(438cdbc0): PARTIAL_WAKE_LOCK  GCoreFlp 0x1 1286 10020
D/QMI_FW  (  861): QCCI: QMUXD: xport_rx[1 <- 16]: 72 bytes on conn_id: 9
D/QMI_FW  (  861): QCCI: QMI_CCI_RX: cntl_flag - 04, txn_id - 0000, msg_id - 0026, msg_len - 0041
D/PMS     (  861): releaseWL(4264e700): PARTIAL_WAKE_LOCK  NlpWakeLock 0x1
D/QMI_FW  (  861): QCCI: QMUXD: xport_rx[1 <- 16]: 72 bytes on conn_id: 9
D/QMI_FW  (  861): QCCI: QMI_CCI_RX: cntl_flag - 04, txn_id - 0000, msg_id - 0026, msg_len - 0041
D/PMS     (  861): releaseWL(446857c0): PARTIAL_WAKE_LOCK  *net_scheduler* 0x1
D/PMS     (  861): releaseWL(438cdbc0): PARTIAL_WAKE_LOCK  GCoreFlp 0x1
D/PMS     (  861): releaseWL(43229128): PARTIAL_WAKE_LOCK  GCoreFlp 0x1
D/PMS     (  861): releaseWL(4343b200): PARTIAL_WAKE_LOCK  GCoreFlp 0x1
D/QMI_FW  (  861): QCCI: QMUXD: xport_rx[1 <- 16]: 61 bytes on conn_id: 9
D/QMI_FW  (  861): QCCI: QMI_CCI_RX: cntl_flag - 04, txn_id - 0000, msg_id - 0026, msg_len - 0036
D/QMI_FW  (  861): QCCI: QMUXD: xport_rx[1 <- 16]: 36 bytes on conn_id: 9
D/QMI_FW  (  861): QCCI: QMI_CCI_RX: cntl_flag - 04, txn_id - 0000, msg_id - 0026, msg_len - 001d
D/QMI_FW  (  861): QCCI: QMUXD: xport_rx[1 <- 16]: 575 bytes on conn_id: 9
D/QMI_FW  (  861): QCCI: QMI_CCI_RX: cntl_flag - 04, txn_id - 0000, msg_id - 0025, msg_len - 0238
D/QMI_FW  (  861): QCCI: QMUXD: xport_rx[1 <- 16]: 35 bytes on conn_id: 9
D/QMI_FW  (  861): QCCI: QMI_CCI_RX: cntl_flag - 04, txn_id - 0000, msg_id - 0026, msg_len - 001c
D/QMI_FW  (  861): QCCI: QMUXD: xport_rx[1 <- 16]: 40 bytes on conn_id: 9
D/QMI_FW  (  861): QCCI: QMI_CCI_RX: cntl_flag - 04, txn_id - 0000, msg_id - 0026, msg_len - 0021
D/QMI_FW  (  861): QCCI: QMUXD: xport_rx[1 <- 16]: 35 bytes on conn_id: 9
D/QMI_FW  (  861): QCCI: QMI_CCI_RX: cntl_flag - 04, txn_id - 0000, msg_id - 0026, msg_len - 001c
D/QMI_FW  (  861): QCCI: QMUXD: xport_rx[1 <- 16]: 35 bytes on conn_id: 9
D/QMI_FW  (  861): QCCI: QMI_CCI_RX: cntl_flag - 04, txn_id - 0000, msg_id - 0026, msg_len - 001c
D/QMI_FW  (  861): QCCI: QMUXD: xport_rx[1 <- 16]: 40 bytes on conn_id: 9
D/QMI_FW  (  861): QCCI: QMI_CCI_RX: cntl_flag - 04, txn_id - 0000, msg_id - 0026, msg_len - 0021
D/QMI_FW  (  861): QCCI: QMUXD: xport_rx[1 <- 16]: 171 bytes on conn_id: 9
D/QMI_FW  (  861): QCCI: QMI_CCI_RX: cntl_flag - 04, txn_id - 0000, msg_id - 0024, msg_len - 00a4
D/QMI_FW  (  861): QCCI: QMUXD: xport_rx[1 <- 16]: 14 bytes on conn_id: 9
D/QMI_FW  (  861): QCCI: QMI_CCI_RX: cntl_flag - 02, txn_id - 08cc, msg_id - 0039, msg_len - 0007
D/QMI_FW  (  861): QCCI: QMUXD: xport_rx[1 <- 16]: 72 bytes on conn_id: 9
D/QMI_FW  (  861): QCCI: QMI_CCI_RX: cntl_flag - 04, txn_id - 0000, msg_id - 0026, msg_len - 0041
D/TelephonyCallback( 1035): SignalStrength: 1
D/TelephonyRegistry(  861): This is not dual project
D/SIGNAL_ICON( 1035): level=1/5
D/StatusBar.NetworkController( 1035): dumpIcon[stat_sys_data_connected_lte stat_sys_5signal_1|null stat_sys_wifi_signal_inandout_3 (gone) F]
D/QMI_FW  (  861): QCCI: QMUXD: xport_rx[1 <- 16]: 72 bytes on conn_id: 9
D/QMI_FW  (  861): QCCI: QMI_CCI_RX: cntl_flag - 04, txn_id - 0000, msg_id - 0026, msg_len - 0041
D/QMI_FW  (  861): QCCI: QMUXD: xport_rx[1 <- 16]: 61 bytes on conn_id: 9
D/QMI_FW  (  861): QCCI: QMI_CCI_RX: cntl_flag - 04, txn_id - 0000, msg_id - 0026, msg_len - 0036
D/PMS     (  861): acquireWL(43c4fbc0): PARTIAL_WAKE_LOCK  AlarmManager 0x1 861 1000
V/AlarmManager(  861): sending alarm PendingIntent{43801068: PendingIntentRecord{42e6dbe0 com.google.android.gms broadcastIntent}}, i=com.google.android.gms.nlp.ALARM_WAKEUP_LOCATOR, t=2, cnt=1, w=95278540, Int=0
V/AlarmManager(  861): sending alarm PendingIntent{437e4ff0: PendingIntentRecord{438d7b48 android broadcastIntent}}, i=com.android.internal.wifi.data-stall, t=3, cnt=1, w=95279080, Int=0
D/PMS     (  861): acquireWL(432868f8): PARTIAL_WAKE_LOCK  NlpWakeLock 0x1 1286 10020
D/PMS     (  861): acquireWL(4326bc28): PARTIAL_WAKE_LOCK  NlpWakeLock 0x1 1286 10020
D/WifiService(  861): acquireWifiLockLocked: WifiLock{NlpWifiLock type=2 binder=android.os.BinderProxy@42c247c0}
D/QMI_FW  (  861): QCCI: QMUXD: xport_rx[1 <- 16]: 575 bytes on conn_id: 9
D/QMI_FW  (  861): QCCI: QMI_CCI_RX: cntl_flag - 04, txn_id - 0000, msg_id - 0025, msg_len - 0238
D/PMS     (  861): releaseWL(43c4fbc0): PARTIAL_WAKE_LOCK  AlarmManager 0x1
D/BatSI   (  861): WIFI scan started for: 571bd014 uid:10229
D/PMS     (  861): releaseWL(432868f8): PARTIAL_WAKE_LOCK  NlpWakeLock 0x1
D/QMI_FW  (  861): QCCI: QMUXD: xport_rx[1 <- 16]: 36 bytes on conn_id: 9
D/QMI_FW  (  861): QCCI: QMI_CCI_RX: cntl_flag - 04, txn_id - 0000, msg_id - 0026, msg_len - 001d
