D/wpa_supplicant(13437): nl80211: Ignore event for foreign ifindex 12
D/Tethering(  861): [isWifi] getHotspotEnabled: false
I/Intent  (  861): @test_code: getHtcIntentFlag: 0 obj: 1129464520
D/PMS     (  861): releaseHCC(439b00b8): CPU_MIN_FREQ HomeKeyHandlerFreq 0x100
I/AutoTest( 1035): [SystemUI][RecentApp_Prelaunch_Finish][1429131394485][ms][FINISH]
I/FeedHostManager( 1253): [onPause]
I/FeedProviderManager( 1253): onPause
I/PhoneWindow(  861): generateLayout: thumbnailDrawable:null
I/SocialFeedProvider( 1253): +onPause
I/SocialFeedProvider( 1253): -onPause
I/FeedHostManager( 1253): [onLeaveFeedMode] instance: com.htc.launcher.feeds.FeedHostManager@4283fba0
D/PhoneWindow(  861): generateLayout(): fakescreenLayout:0 fakeheader:false fakefooter:false fakebackground:-2147483648 portrait:true
I/PhoneWindow(  861): generateLayout: recent_background: 0XFF161616
D/PMS     (  861): acquireWL(4397a988): PARTIAL_WAKE_LOCK  ActivityManager-Launch 0x1 861 1000
I/AutoTest( 1035): [SystemUI][RecentApp_Launch_Start][1429131394504][ms][START]
D/wpa_supplicant(13437): nl80211: Event message available
D/wpa_supplicant(13437): nl80211: Drv Event 34 (NL80211_CMD_NEW_SCAN_RESULTS) received for wlan0
I/wpa_supplicant(13437): Got an original EVENT_SCAN_RESULTS
D/wpa_supplicant(13437): nl80211: Associated on 5320 MHz
D/wpa_supplicant(13437): nl80211: Associated with 10:05:ca:65:e3:7d
D/wpa_supplicant(13437): nl80211: Received scan results (34 BSSes)
D/wpa_supplicant(13437): nl80211: Survey data missing
D/wpa_supplicant(13437): nl80211: Scan results indicate BSS status with 10:05:ca:65:e3:7d as associated
D/wpa_supplicant(13437): Sorted scan results
I/wpa_supplicant(13437): [NETGEAR34-5G] a0:63:91:22:58:f5 freq=5765 level=-37
I/wpa_supplicant(13437): [NETGEAR34] a0:63:91:22:58:f6 freq=2417 level=-26
I/wpa_supplicant(13437): [BTW Backup 2.4G] 20:3a:07:49:2e:04 freq=2437 level=-57
I/wpa_supplicant(13437): [] 20:3a:07:49:2e:01 freq=2437 level=-58
I/wpa_supplicant(13437): [ATT-HOMEBASE-8860] 9c:a9:e4:8a:dd:bf freq=2462 level=-71
I/wpa_supplicant(13437): [CC-FAB] 48:5b:39:bc:7e:9e freq=2422 level=-74
I/wpa_supplicant(13437): [BTW Backup 2.4G] 88:75:56:c6:f5:14 freq=2462 level=-75
I/wpa_supplicant(13437): [dialogwireless] 20:4e:7f:c2:da:64 freq=2462 level=-76
I/wpa_supplicant(13437): [Bluetooth World] 10:05:ca:65:e3:7d freq=5320 level=-72
I/wpa_supplicant(13437): [] 10:05:ca:65:e3:7e freq=5320 level=-76
I/wpa_supplicant(13437): [Speaker Wireless] 10:05:ca:42:0f:ac freq=5805 level=-77
I/wpa_supplicant(13437): [Bluetooth World] 20:3a:07:9e:7f:dd freq=5500 level=-80
I/wpa_supplicant(13437): [] 20:3a:07:9e:7f:de freq=5500 level=-81
I/wpa_supplicant(13437): [] 10:05:ca:65:e3:71 freq=2437 level=-86
I/wpa_supplicant(13437): [BTW Backup 2.4G] 20:3a:07:9e:7f:d3 freq=2412 level=-89
I/wpa_supplicant(13437): [Verizon-MiFi5510L-B1E8] 00:15:ff:a6:b1:e8 freq=2412 level=-92
I/wpa_supplicant(13437): [] 20:3a:07:9e:84:ee freq=5700 level=-88
I/wpa_supplicant(13437): [Bluetooth World] 88:75:56:c6:f5:1c freq=5660 level=-88
I/wpa_supplicant(13437): [] 88:75:56:c6:f5:1e freq=5660 level=-88
I/wpa_supplicant(13437): [Bluetooth World] 20:3a:07:9e:84:ed freq=5700 level=-89
I/wpa_supplicant(13437): [FreeInternet] 20:3a:07:49:2e:02 freq=2437 level=-54
I/wpa_supplicant(13437): [MJ-AP] 28:cf:e9:86:f1:c2 freq=2412 level=-68
I/wpa_supplicant(13437): [Instant Internet] 10:05:ca:65:e3:7f freq=5320 level=-76
I/wpa_supplicant(13437): [Exhibitor Internet] 10:05:ca:65:e3:7b freq=5320 level=-76
I/wpa_supplicant(13437): [Instant Internet] 10:05:ca:42:0f:af freq=5805 level=-76
I/wpa_supplicant(13437): [PERCONA 2015 2.4Ghz] 10:05:ca:42:0f:aa freq=5805 level=-77
I/wpa_supplicant(13437): [Exhibitor Internet] 20:3a:07:9e:7f:db freq=5500 level=-78
I/wpa_supplicant(13437): [Instant Internet] 20:3a:07:9e:7f:df freq=5500 level=-78
I/wpa_supplicant(13437): [MJ-AP] 28:cf:e9:86:f1:c3 freq=5580 level=-78
I/wpa_supplicant(13437): [PERCONA 2015] 10:05:ca:42:0f:ab freq=5805 level=-78
I/wpa_supplicant(13437): [FreeInternet] 10:05:ca:42:0f:ad freq=5805 level=-79
I/wpa_supplicant(13437): [Instant Internet] 10:05:ca:65:e3:70 freq=2437 level=-87
I/wpa_supplicant(13437): [Exhibitor Internet] 20:3a:07:9e:84:eb freq=5700 level=-85
I/wpa_supplicant(13437): [Instant Internet] 88:75:56:c6:f5:1f freq=5660 level=-88
D/wpa_supplicant(13437): BSS: last_scan_res_used=34/64 last_scan_full=0
D/wpa_supplicant(13437): RTM_NEWLINK: operstate=1 ifi_flags=0x11043 ([UP][RUNNING][LOWER_UP])
D/wpa_supplicant(13437): RTM_NEWLINK, IFLA_IFNAME: Interface 'wlan0' added
D/wpa_supplicant(13437): nl80211: if_removed already cleared - ignore event
D/wpa_supplicant(13437): Wireless event: cmd=0x8b19 len=8
D/WifiStateMachine(  861): [MLHD] enter handleMediaLinkEvent SupplicantStartedState
D/WifiNative-wlan0(  861): doString: LIST_DONGLES
W/WifiHW  (  861): QCOM Debug wifi_send_command "IFNAME=wlan0 LIST_DONGLES"
D/Tethering(  861): [isWifi] getHotspotEnabled: false
D/WifiNative-wlan0(  861): doString: BSS RANGE=0- MASK=0x21987
W/WifiHW  (  861): QCOM Debug wifi_send_command "IFNAME=wlan0 BSS RANGE=0- MASK=0x21987"
D/wpa_supplicant(13437): WPS: WFA subelement id=0 len=1
D/wpa_supplicant(13437): WPS: WFA subelement id=0 len=1
D/wpa_supplicant(13437): WPS: WFA subelement id=0 len=1
D/wpa_supplicant(13437): WPS: WFA subelement id=0 len=1
D/wpa_supplicant(13437): WPS: WFA subelement id=0 len=1
D/wpa_supplicant(13437): WPS: WFA subelement id=0 len=1
D/WirelessDisplayService(  861): getDiscoveryDongleList
D/WifiNative-wlan0(  861): doString: BSS RANGE=992- MASK=0x21987
W/WifiHW  (  861): QCOM Debug wifi_send_command "IFNAME=wlan0 BSS RANGE=992- MASK=0x21987"
W/ContextImpl(  861): Calling a method in the system process without a qualified user: android.app.ContextImpl.sendBroadcast:1363 android.net.wifi.WifiStateMachine.sendDongleScanResultsAvailableBroadcast:5710 android.net.wifi.WifiStateMachine.handleMediaLinkEvent:5886 android.net.wifi.WifiStateMachine.access$6400:248 android.net.wifi.WifiStateMachine$SupplicantStartedState.processMessage:7093 
D/WifiStateMachine(  861): [ScoreAP] + roamToTopScoreAP: Bluetooth World[10:05:ca:65:e3:7d], -72, 38
W/ResourceType( 1035): Skipping entry 0x105003c in package table 0 because it is not complex!
E/ActionBarUtil( 1035): contextandroid.app.Application@42150058is not ContextThemeWrapper 
W/ResourceType( 1035): Skipping entry 0x105003c in package table 0 because it is not complex!
I/TelephonyRegistry(  861): notifyDataConnection: state=0 isDataConnectivityPossible=true reason='dataDisabled' apnType=supl networkType=13 roaming=false errorCause=0preConn = [supl]
D/MDST    (  861): Broadcast received:android.intent.action.ANY_DATA_STATE, Phonetype=0, PhoneSlot=-1
D/MDST    (  861): supl: Broadcast received: ACTION_ANY_DATA_CONNECTION_STATE_CHANGED mApnType=supl, received apnType=supl
W/ActivityManager(  861): Disable JIT of com.htc.bgp
D/MDST    (  861): supl: Received state=DISCONNECTED, old=CONNECTED, reason=dataDisabled
D/libc    (  861): [NET] getaddrinfo+,hn 13(0x36362e37382e32),sn(),family 0,flags 4
D/libc    (  861): [NET] getaddrinfo-, SUCCESS
D/libc    (  861): [NET] getaddrinfo+,hn 14(0x3230372e313930),sn(),family 0,flags 4
D/libc    (  861): [NET] getaddrinfo-, SUCCESS
V/ScoreHelper(  861): Only print Top 10 in ApScanList
D/MDST    (  861): supl: mMobileDataState=CONNECTED mTeardownRequested=true got [AnyDataCSC] : type=supl state=DISCONNECTED reason=dataDisabled roaming=false unavailable=false NetworkType=13 NetworkTypeName=LTE entitleError=0
D/MDST    (  861): supl: setTeardownRequested(false)
D/MDST    (  861): supl: setDetailed state, old=CONNECTED and new state=DISCONNECTED reason=dataDisabled mEntitleError=0
D/MDST    (  861): supl: setDetailed state, isIpv4Connected/isIpv6Connected = true/false
D/MDST    (  861): TelephonyMgr.DataConnectionStateChanged
D/MDST    (  861): NetworkInfo = NetworkInfo: type: mobile_supl[LTE, type_ext: mobile_supl], state: DISCONNECTED/DISCONNECTED, reason: dataDisabled, extra: phone, roaming: false, failover: false, isAvailable: true, isConnectedToProvisioningNetwork: false, isIpv4Connected: false, isIpv6Connected: false
D/MDST    (  861): subType = 13
D/MDST    (  861): subType = LTE
D/MDST    (  861): LinkCapabilities = {}
D/ConnectivityService(  861): ConnectivityChange for mobile_supl/LTE: DISCONNECTED/DISCONNECTED, default=1
D/MDST    (  861): supl: setTeardownRequested(false)
D/ConnectivityService(  861): handleConnectivityChange: netType=3 doReset=true resetMask=3
V/ScoreHelper(  861):  + ScoreResult:  88, AP:                     NETGEAR34-5G [a0:63:91:22:58:f5], Rssi: 15 [-37], Tx: 13, Freq: 10 [5765], Disconn: 50, Last Used:  0
V/ScoreHelper(  861):  + ScoreResult:  85, AP:                        NETGEAR34 [a0:63:91:22:58:f6], Rssi: 15 [-26], Tx: 13, Freq:  7 [2417], Disconn: 50, Last Used:  0
V/ScoreHelper(  861):  + ScoreResult:  84, AP:                  Bluetooth World [10:05:ca:65:e3:7d], Rssi:  7 [-72], Tx: 13, Freq:  4 [5320], Disconn: 50, Last Used: 10
V/ScoreHelper(  861):  + ScoreResult:  82, AP:                           CC-FAB [48:5b:39:bc:7e:9e], Rssi: 12 [-74], Tx: 13, Freq:  7 [2422], Disconn: 50, Last Used:  0
V/ScoreHelper(  861):  + ScoreResult:  82, AP:                  BTW Backup 2.4G [20:3a:07:49:2e:04], Rssi: 15 [-57], Tx: 13, Freq:  4 [2437], Disconn: 50, Last Used:  0
V/ScoreHelper(  861):  + ScoreResult:  82, AP:                                  [20:3a:07:49:2e:01], Rssi: 15 [-58], Tx: 13, Freq:  4 [2437], Disconn: 50, Last Used:  0
V/ScoreHelper(  861):  + ScoreResult:  82, AP:                     FreeInternet [20:3a:07:49:2e:02], Rssi: 15 [-54], Tx: 13, Freq:  4 [2437], Disconn: 50, Last Used:  0
D/CordovaLog(19820): file:///android_asset/www/js/current_index.js: Line 163 : sendEvent:0
I/chromium(19820): [INFO:CONSOLE(163)] "sendEvent:0", source: file:///android_asset/www/js/current_index.js (163)
V/ScoreHelper(  861):  + ScoreResult:  81, AP:                ATT-HOMEBASE-8860 [9c:a9:e4:8a:dd:bf], Rssi: 12 [-71], Tx: 13, Freq:  6 [2462], Disconn: 50, Last Used:  0
V/ScoreHelper(  861):  + ScoreResult:  81, AP:                            MJ-AP [28:cf:e9:86:f1:c2], Rssi: 13 [-68], Tx: 13, Freq:  5 [2412], Disconn: 50, Last Used:  0
V/ScoreHelper(  861):  + ScoreResult:  77, AP:                  BTW Backup 2.4G [88:75:56:c6:f5:14], Rssi:  8 [-75], Tx: 13, Freq:  6 [2462], Disconn: 50, Last Used:  0
D/WifiStateMachine(  861): fetchCapability(), capabilities = [WPA-PSK-CCMP+TKIP][WPA2-PSK-CCMP+TKIP][ESS]
D/WifiStateMachine(  861): fetchCapability(), capabilities = [WPA-PSK-CCMP+TKIP][WPA2-PSK-CCMP+TKIP][ESS]
V/ScoreHelper(  861):  + computeScore(Bluetooth World): 4
D/WifiStateMachine(  861): [ScoreAP] + No need to roam. Current AP is good.
D/BluetoothDevice(16633): getService() entry
D/BatSI   (  861): WIFI scan stopped for: 461b0014 uid:10229
I/ActivityManager(  861): Start proc com.htc.bgp for broadcast com.htc.flexnet/.AndroidIntentReceiver: pid=21875 uid=10036 gids={50036, 3003, 5012, 1028, 1015, 5001, 5011, 1023, 3002, 3001, 5003, 2001}
D/BluetoothGatt(19820): writeCharacteristic() - uuid: 4ad39e52-69d1-4b7a-9940-43a120df7b2f
D/WifiStateMachine(  861): == begin of scan result ==
D/WifiStateMachine(  861):  scan result = SSID: Bluetooth World, BSSID: 10:05:ca:65:e3:7d, capabilities: [WPA-PSK-CCMP+TKIP][WPA2-PSK-CCMP+TKIP][ESS], level: -72, frequency: 5320, timestamp: 10208589819, distance: ?(cm), distanceSd: ?(cm)
D/WifiStateMachine(  861):  scan result = SSID: NETGEAR34-5G, BSSID: a0:63:91:22:58:f5, capabilities: [WPA2-PSK-CCMP][WPS][ESS], level: -37, frequency: 5765, timestamp: 168159070925, distance: ?(cm), distanceSd: ?(cm)
D/WifiStateMachine(  861):  scan result = SSID: Speaker Wireless, BSSID: 10:05:ca:42:0f:ac, capabilities: [WPA-PSK-CCMP+TKIP][WPA2-PSK-CCMP+TKIP][ESS], level: -77, frequency: 5805, timestamp: 98366348356, distance: ?(cm), distanceSd: ?(cm)
D/WifiStateMachine(  861):  scan result = SSID: Exhibitor Internet, BSSID: 10:05:ca:65:e3:7b, capabilities: [ESS], level: -76, frequency: 5320, timestamp: 10208614070, distance: ?(cm), distanceSd: ?(cm)
D/WifiStateMachine(  861):  scan result = SSID: Instant Internet, BSSID: 10:05:ca:65:e3:7f, capabilities: [ESS], level: -76, frequency: 5320, timestamp: 10208638343, distance: ?(cm), distanceSd: ?(cm)
D/WifiStateMachine(  861):  scan result = SSID: PERCONA 2015 2.4Ghz, BSSID: 10:05:ca:42:0f:aa, capabilities: [ESS], level: -77, frequency: 5805, timestamp: 98366336676, distance: ?(cm), distanceSd: ?(cm)
D/WifiStateMachine(  861):  scan result = SSID: , BSSID: 20:3a:07:9e:7f:de, capabilities: [WPA-PSK-TKIP][WPA2-PSK-TKIP][ESS], level: -81, frequency: 5500, timestamp: 12253661380642, distance: ?(cm), distanceSd: ?(cm)
D/WifiStateMachine(  861):  scan result = SSID: Bluetooth World, BSSID: 20:3a:07:9e:7f:dd, capabilities: [WPA-PSK-CCMP+TKIP][WPA2-PSK-CCMP+TKIP][ESS], level: -80, frequency: 5500, timestamp: 12253661380642, distance: ?(cm), distanceSd: ?(cm)
D/WifiStateMachine(  861):  scan result = SSID: MJ-AP, BSSID: 28:cf:e9:86:f1:c3, capabilities: [ESS], level: -78, frequency: 5580, timestamp: 21625958459, distance: ?(cm), distanceSd: ?(cm)
D/WifiStateMachine(  861):  scan result = SSID: Exhibitor Internet, BSSID: 20:3a:07:9e:7f:db, capabilities: [ESS], level: -78, frequency: 5500, timestamp: 12253661485090, distance: ?(cm), distanceSd: ?(cm)
D/BtGatt.GattService(16633): writeCharacteristic() - address=20:73:7A:10:02:26
D/WifiStateMachine(  861):  scan result = SSID: Instant Internet, BSSID: 20:3a:07:9e:7f:df, capabilities: [ESS], level: -78, frequency: 5500, timestamp: 12253661485090, distance: ?(cm), distanceSd: ?(cm)
D/WifiStateMachine(  861):  scan result = SSID: NETGEAR34, BSSID: a0:63:91:22:58:f6, capabilities: [WPA2-PSK-CCMP][WPS][ESS], level: -26, frequency: 2417, timestamp: 168149784012, distance: ?(cm), distanceSd: ?(cm)
E/bt-btif (16633): already has a pending command!!
D/WifiManager( 1286): getScanResults enter 
D/WifiManager( 1286): getScanResults enter 
D/WifiManager( 7357): getScanResults enter 
D/WifiManager(21367): getScanResults enter 
D/WifiStateMachine(  861):  scan result = SSID: BTW Backup 2.4G, BSSID: 20:3a:07:49:2e:04, capabilities: [WPA-PSK-CCMP+TKIP][WPA2-PSK-CCMP+TKIP][ESS], level: -57, frequency: 2437, timestamp: 12253660392461, distance: ?(cm), distanceSd: ?(cm)
D/WifiStateMachine(  861):  scan result = SSID: BTW Backup 2.4G, BSSID: 88:75:56:c6:f5:14, capabilities: [WPA-PSK-CCMP+TKIP][WPA2-PSK-CCMP+TKIP][ESS], level: -75, frequency: 2462, timestamp: 12253698303471, distance: ?(cm), distanceSd: ?(cm)
D/WifiStateMachine(  861):  scan result = SSID: Instant Internet, BSSID: 88:75:56:c6:f5:1f, capabilities: [ESS], level: -88, frequency: 5660, timestamp: 12253683314722, distance: ?(cm), distanceSd: ?(cm)
D/WifiStateMachine(  861):  scan result = SSID: FreeInternet, BSSID: 10:05:ca:42:0f:ad, capabilities: [ESS], level: -79, frequency: 5805, timestamp: 98366410758, distance: ?(cm), distanceSd: ?(cm)
D/WifiStateMachine(  861):  scan result = SSID: PERCONA 2015, BSSID: 10:05:ca:42:0f:ab, capabilities: [ESS], level: -78, frequency: 5805, timestamp: 98366411144, distance: ?(cm), distanceSd: ?(cm)
D/WifiStateMachine(  861):  scan result = SSID: ATT-HOMEBASE-8860, BSSID: 9c:a9:e4:8a:dd:bf, capabilities: [WPA-PSK-CCMP+TKIP][WPA2-PSK-CCMP+TKIP][ESS], level: -71, frequency: 2462, timestamp: 19831196042, distance: ?(cm), distanceSd: ?(cm)
D/WifiStateMachine(  861):  scan result = SSID: Instant Internet, BSSID: 10:05:ca:42:0f:af, capabilities: [ESS], level: -76, frequency: 5805, timestamp: 98366316412, distance: ?(cm), distanceSd: ?(cm)
E/SecondaryTablController(  258): ip route del failed: /system/bin/ip route del 10.103.226.153/32 via 0.0.0.0 dev rmnet_usb0 table 60
D/ConnectivityService(  861): Removing 10.103.226.153/32 -> 0.0.0.0 for interface rmnet_usb0
W/FrameworkListener(  258): Handler 'interface' error (No such device)
D/WifiStateMachine(  861):  scan result = SSID: dialogwireless, BSSID: 20:4e:7f:c2:da:64, capabilities: [WPA2-PSK-CCMP][WPS][ESS], level: -76, frequency: 2462, timestamp: 7332241568, distance: ?(cm), distanceSd: ?(cm)
D/WifiStateMachine(  861):  scan result = SSID: Bluetooth World, BSSID: 88:75:56:c6:f5:1c, capabilities: [WPA-PSK-CCMP+TKIP][WPA2-PSK-CCMP+TKIP][ESS], level: -88, frequency: 5660, timestamp: 12253693968418, distance: ?(cm), distanceSd: ?(cm)
D/WifiStateMachine(  861):  scan result = SSID: , BSSID: 88:75:56:c6:f5:1e, capabilities: [WPA-PSK-CCMP+TKIP][WPA2-PSK-CCMP+TKIP][ESS], level: -88, frequency: 5660, timestamp: 12253693759522, distance: ?(cm), distanceSd: ?(cm)
D/WifiStateMachine(  861):  scan result = SSID: , BSSID: 20:3a:07:49:2e:01, capabilities: [WPA-PSK-TKIP][WPA2-PSK-TKIP][ESS], level: -58, frequency: 2437, timestamp: 12253660336290, distance: ?(cm), distanceSd: ?(cm)
D/WifiStateMachine(  861):  scan result = SSID: CC-FAB, BSSID: 48:5b:39:bc:7e:9e, capabilities: [WPA-PSK-CCMP+TKIP][WPA2-PSK-CCMP+TKIP][WPS][ESS], level: -74, frequency: 2422, timestamp: 110130238300, distance: ?(cm), distanceSd: ?(cm)
D/WifiStateMachine(  861):  scan result = SSID: FreeInternet, BSSID: 88:75:56:c6:f5:1d, capabilities: [ESS], level: -89, frequency: 5660, timestamp: 12253674958882, distance: ?(cm), distanceSd: ?(cm)
D/WifiStateMachine(  861):  scan result = SSID: Exhibitor Internet, BSSID: 20:3a:07:9e:84:eb, capabilities: [ESS], level: -85, frequency: 5700, timestamp: 12253677047842, distance: ?(cm), distanceSd: ?(cm)
D/WifiStateMachine(  861):  scan result = SSID: Instant Internet, BSSID: 20:3a:07:9e:84:ef, capabilities: [ESS], level: -85, frequency: 5700, timestamp: 12253663051810, distance: ?(cm), distanceSd: ?(cm)
D/WifiStateMachine(  861):  scan result = SSID: BTW Backup 2.4G, BSSID: 10:05:ca:65:e3:73, capabilities: [WPA-PSK-CCMP+TKIP][WPA2-PSK-CCMP+TKIP][ESS], level: -85, frequency: 2437, timestamp: 12253736063842, distance: ?(cm), distanceSd: ?(cm)
D/WifiStateMachine(  861):  scan result = SSID: Bluetooth World, BSSID: 20:3a:07:9e:84:ed, capabilities: [WPA-PSK-CCMP+TKIP][WPA2-PSK-CCMP+TKIP][ESS], level: -89, frequency: 5700, timestamp: 12253682061346, distance: ?(cm), distanceSd: ?(cm)
D/WifiStateMachine(  861):  scan result = SSID: FreeInternet, BSSID: 10:05:ca:42:0f:a2, capabilities: [ESS], level: -87, frequency: 2437, timestamp: 5797768101926, distance: ?(cm), distanceSd: ?(cm)
D/WifiStateMachine(  861):  scan result = SSID: , BSSID: 10:05:ca:65:e3:71, capabilities: [WPA-PSK-CCMP+TKIP][WPA2-PSK-CCMP+TKIP][ESS], level: -86, frequency: 2437, timestamp: 12253744335458, distance: ?(cm), distanceSd: ?(cm)
D/WifiStateMachine(  861):  scan result = SSID: BTW Backup 2.4G, BSSID: 20:3a:07:9e:7f:d3, capabilities: [WPA-PSK-CCMP+TKIP][WPA2-PSK-CCMP+TKIP][ESS], level: -89, frequency: 2412, timestamp: 12253655118243, distance: ?(cm), distanceSd: ?(cm)
D/WifiStateMachine(  861):  scan result = SSID: , BSSID: 20:3a:07:9e:84:ee, capabilities: [WPA-PSK-CCMP+TKIP][WPA2-PSK-CCMP+TKIP][ESS], level: -88, frequency: 5700, timestamp: 12253682061346, distance: ?(cm), distanceSd: ?(cm)
D/WifiStateMachine(  861):  scan result = SSID: FreeInternet, BSSID: 20:3a:07:49:2e:02, capabilities: [ESS], level: -54, frequency: 2437, timestamp: 12253649787052, distance: ?(cm), distanceSd: ?(cm)
D/WifiStateMachine(  861):  scan result = SSID: MJ-AP, BSSID: 28:cf:e9:86:f1:c2, capabilities: [ESS], level: -68, frequency: 2412, timestamp: 21684941364, distance: ?(cm), distanceSd: ?(cm)
D/WifiStateMachine(  861):  scan result = SSID: Instant Internet, BSSID: 10:05:ca:65:e3:70, capabilities: [ESS], level: -87, frequency: 2437, timestamp: 12253749743782, distance: ?(cm), distanceSd: ?(cm)
D/WifiStateMachine(  861):  scan result = SSID: , BSSID: 10:05:ca:65:e3:7e, capabilities: [WPA-PSK-CCMP+TKIP][WPA2-PSK-CCMP+TKIP][ESS], level: -76, frequency: 5320, timestamp: 10208538630, distance: ?(cm), distanceSd: ?(cm)
D/WifiStateMachine(  861):  scan result = SSID: Verizon-MiFi5510L-B1E8, BSSID: 00:15:ff:a6:b1:e8, capabilities: [WPA2-PSK-CCMP][ESS], level: -92, frequency: 2412, timestamp: 1478262991, distance: ?(cm), distanceSd: ?(cm)
D/WifiStateMachine(  861): == (38) end of scan result ==
D/WifiStateMachine(  861): == begin of scan result ==
D/WifiStateMachine(  861):  scan result = SSID: Bluetooth World, BSSID: 10:05:ca:65:e3:7d, capabilities: [WPA-PSK-CCMP+TKIP][WPA2-PSK-CCMP+TKIP][ESS], level: -72, frequency: 5320, timestamp: 10208589819, distance: ?(cm), distanceSd: ?(cm)
D/WifiStateMachine(  861):  scan result = SSID: NETGEAR34-5G, BSSID: a0:63:91:22:58:f5, capabilities: [WPA2-PSK-CCMP][WPS][ESS], level: -37, frequency: 5765, timestamp: 168159070925, distance: ?(cm), distanceSd: ?(cm)
D/WifiStateMachine(  861):  scan result = SSID: Speaker Wireless, BSSID: 10:05:ca:42:0f:ac, capabilities: [WPA-PSK-CCMP+TKIP][WPA2-PSK-CCMP+TKIP][ESS], level: -77, frequency: 5805, timestamp: 98366348356, distance: ?(cm), distanceSd: ?(cm)
D/WifiStateMachine(  861):  scan result = SSID: Exhibitor Internet, BSSID: 10:05:ca:65:e3:7b, capabilities: [ESS], level: -76, frequency: 5320, timestamp: 10208614070, distance: ?(cm), distanceSd: ?(cm)
D/WifiStateMachine(  861):  scan result = SSID: Instant Internet, BSSID: 10:05:ca:65:e3:7f, capabilities: [ESS], level: -76, frequency: 5320, timestamp: 10208638343, distance: ?(cm), distanceSd: ?(cm)
D/WifiStateMachine(  861):  scan result = SSID: PERCONA 2015 2.4Ghz, BSSID: 10:05:ca:42:0f:aa, capabilities: [ESS], level: -77, frequency: 5805, timestamp: 98366336676, distance: ?(cm), distanceSd: ?(cm)
D/WifiStateMachine(  861):  scan result = SSID: , BSSID: 20:3a:07:9e:7f:de, capabilities: [WPA-PSK-TKIP][WPA2-PSK-TKIP][ESS], level: -81, frequency: 5500, timestamp: 12253661380642, distance: ?(cm), distanceSd: ?(cm)
D/WifiStateMachine(  861):  scan result = SSID: Bluetooth World, BSSID: 20:3a:07:9e:7f:dd, capabilities: [WPA-PSK-CCMP+TKIP][WPA2-PSK-CCMP+TKIP][ESS], level: -80, frequency: 5500, timestamp: 12253661380642, distance: ?(cm), distanceSd: ?(cm)
D/WifiStateMachine(  861):  scan result = SSID: MJ-AP, BSSID: 28:cf:e9:86:f1:c3, capabilities: [ESS], level: -78, frequency: 5580, timestamp: 21625958459, distance: ?(cm), distanceSd: ?(cm)
D/WifiStateMachine(  861):  scan result = SSID: Exhibitor Internet, BSSID: 20:3a:07:9e:7f:db, capabilities: [ESS], level: -78, frequency: 5500, timestamp: 12253661485090, distance: ?(cm), distanceSd: ?(cm)
D/WifiStateMachine(  861):  scan result = SSID: Instant Internet, BSSID: 20:3a:07:9e:7f:df, capabilities: [ESS], level: -78, frequency: 5500, timestamp: 12253661485090, distance: ?(cm), distanceSd: ?(cm)
D/WifiStateMachine(  861):  scan result = SSID: NETGEAR34, BSSID: a0:63:91:22:58:f6, capabilities: [WPA2-PSK-CCMP][WPS][ESS], level: -26, frequency: 2417, timestamp: 168149784012, distance: ?(cm), distanceSd: ?(cm)
D/WifiStateMachine(  861):  scan result = SSID: BTW Backup 2.4G, BSSID: 20:3a:07:49:2e:04, capabilities: [WPA-PSK-CCMP+TKIP][WPA2-PSK-CCMP+TKIP][ESS], level: -57, frequency: 2437, timestamp: 12253660392461, distance: ?(cm), distanceSd: ?(cm)
D/WifiStateMachine(  861):  scan result = SSID: BTW Backup 2.4G, BSSID: 88:75:56:c6:f5:14, capabilities: [WPA-PSK-CCMP+TKIP][WPA2-PSK-CCMP+TKIP][ESS], level: -75, frequency: 2462, timestamp: 12253698303471, distance: ?(cm), distanceSd: ?(cm)
D/WifiStateMachine(  861):  scan result = SSID: Instant Internet, BSSID: 88:75:56:c6:f5:1f, capabilities: [ESS], level: -88, frequency: 5660, timestamp: 12253683314722, distance: ?(cm), distanceSd: ?(cm)
D/WifiStateMachine(  861):  scan result = SSID: FreeInternet, BSSID: 10:05:ca:42:0f:ad, capabilities: [ESS], level: -79, frequency: 5805, timestamp: 98366410758, distance: ?(cm), distanceSd: ?(cm)
D/WifiStateMachine(  861):  scan result = SSID: PERCONA 2015, BSSID: 10:05:ca:42:0f:ab, capabilities: [ESS], level: -78, frequency: 5805, timestamp: 98366411144, distance: ?(cm), distanceSd: ?(cm)
D/WifiStateMachine(  861):  scan result = SSID: ATT-HOMEBASE-8860, BSSID: 9c:a9:e4:8a:dd:bf, capabilities: [WPA-PSK-CCMP+TKIP][WPA2-PSK-CCMP+TKIP][ESS], level: -71, frequency: 2462, timestamp: 19831196042, distance: ?(cm), distanceSd: ?(cm)
D/WifiStateMachine(  861):  scan result = SSID: Instant Internet, BSSID: 10:05:ca:42:0f:af, capabilities: [ESS], level: -76, frequency: 5805, timestamp: 98366316412, distance: ?(cm), distanceSd: ?(cm)
D/WifiStateMachine(  861):  scan result = SSID: dialogwireless, BSSID: 20:4e:7f:c2:da:64, capabilities: [WPA2-PSK-CCMP][WPS][ESS], level: -76, frequency: 2462, timestamp: 7332241568, distance: ?(cm), distanceSd: ?(cm)
D/WifiStateMachine(  861):  scan result = SSID: Bluetooth World, BSSID: 88:75:56:c6:f5:1c, capabilities: [WPA-PSK-CCMP+TKIP][WPA2-PSK-CCMP+TKIP][ESS], level: -88, frequency: 5660, timestamp: 12253693968418, distance: ?(cm), distanceSd: ?(cm)
D/WifiStateMachine(  861):  scan result = SSID: , BSSID: 88:75:56:c6:f5:1e, capabilities: [WPA-PSK-CCMP+TKIP][WPA2-PSK-CCMP+TKIP][ESS], level: -88, frequency: 5660, timestamp: 12253693759522, distance: ?(cm), distanceSd: ?(cm)
D/WifiStateMachine(  861):  scan result = SSID: , BSSID: 20:3a:07:49:2e:01, capabilities: [WPA-PSK-TKIP][WPA2-PSK-TKIP][ESS], level: -58, frequency: 2437, timestamp: 12253660336290, distance: ?(cm), distanceSd: ?(cm)
D/WifiStateMachine(  861):  scan result = SSID: CC-FAB, BSSID: 48:5b:39:bc:7e:9e, capabilities: [WPA-PSK-CCMP+TKIP][WPA2-PSK-CCMP+TKIP][WPS][ESS], level: -74, frequency: 2422, timestamp: 110130238300, distance: ?(cm), distanceSd: ?(cm)
D/WifiStateMachine(  861):  scan result = SSID: FreeInternet, BSSID: 88:75:56:c6:f5:1d, capabilities: [ESS], level: -89, frequency: 5660, timestamp: 12253674958882, distance: ?(cm), distanceSd: ?(cm)
D/WifiStateMachine(  861):  scan result = SSID: Exhibitor Internet, BSSID: 20:3a:07:9e:84:eb, capabilities: [ESS], level: -85, frequency: 5700, timestamp: 12253677047842, distance: ?(cm), distanceSd: ?(cm)
W/ConnectivityService(  861): Exception trying to remove a route: java.lang.IllegalStateException: command '7250 interface route remove rmnet_usb0 secondary 10.103.226.153 32 0.0.0.0' failed with '400 7250 ip route modification failed (No such device)'
D/ConnectivityService(  861): Removing 0.0.0.0/0 -> 10.103.226.153 for interface rmnet_usb0
E/SecondaryTablController(  258): ip route del failed: /system/bin/ip route del 0.0.0.0/0 via 10.103.226.153 dev rmnet_usb0 table 60
D/WifiStateMachine(  861):  scan result = SSID: Instant Internet, BSSID: 20:3a:07:9e:84:ef, capabilities: [ESS], level: -85, frequency: 5700, timestamp: 12253663051810, distance: ?(cm), distanceSd: ?(cm)
D/WifiStateMachine(  861):  scan result = SSID: BTW Backup 2.4G, BSSID: 10:05:ca:65:e3:73, capabilities: [WPA-PSK-CCMP+TKIP][WPA2-PSK-CCMP+TKIP][ESS], level: -85, frequency: 2437, timestamp: 12253736063842, distance: ?(cm), distanceSd: ?(cm)
D/WirelessDisplayService(  861): getDiscoveryDongleList
D/WifiStateMachine(  861):  scan result = SSID: Bluetooth World, BSSID: 20:3a:07:9e:84:ed, capabilities: [WPA-PSK-CCMP+TKIP][WPA2-PSK-CCMP+TKIP][ESS], level: -89, frequency: 5700, timestamp: 12253682061346, distance: ?(cm), distanceSd: ?(cm)
D/WifiStateMachine(  861):  scan result = SSID: FreeInternet, BSSID: 10:05:ca:42:0f:a2, capabilities: [ESS], level: -87, frequency: 2437, timestamp: 5797768101926, distance: ?(cm), distanceSd: ?(cm)
D/WifiStateMachine(  861):  scan result = SSID: , BSSID: 10:05:ca:65:e3:71, capabilities: [WPA-PSK-CCMP+TKIP][WPA2-PSK-CCMP+TKIP][ESS], level: -86, frequency: 2437, timestamp: 12253744335458, distance: ?(cm), distanceSd: ?(cm)
D/WifiStateMachine(  861):  scan result = SSID: BTW Backup 2.4G, BSSID: 20:3a:07:9e:7f:d3, capabilities: [WPA-PSK-CCMP+TKIP][WPA2-PSK-CCMP+TKIP][ESS], level: -89, frequency: 2412, timestamp: 12253655118243, distance: ?(cm), distanceSd: ?(cm)
D/WifiStateMachine(  861):  scan result = SSID: , BSSID: 20:3a:07:9e:84:ee, capabilities: [WPA-PSK-CCMP+TKIP][WPA2-PSK-CCMP+TKIP][ESS], level: -88, frequency: 5700, timestamp: 12253682061346, distance: ?(cm), distanceSd: ?(cm)
D/WifiStateMachine(  861):  scan result = SSID: FreeInternet, BSSID: 20:3a:07:49:2e:02, capabilities: [ESS], level: -54, frequency: 2437, timestamp: 12253649787052, distance: ?(cm), distanceSd: ?(cm)
D/WifiStateMachine(  861):  scan result = SSID: MJ-AP, BSSID: 28:cf:e9:86:f1:c2, capabilities: [ESS], level: -68, frequency: 2412, timestamp: 21684941364, distance: ?(cm), distanceSd: ?(cm)
D/WifiStateMachine(  861):  scan result = SSID: Instant Internet, BSSID: 10:05:ca:65:e3:70, capabilities: [ESS], level: -87, frequency: 2437, timestamp: 12253749743782, distance: ?(cm), distanceSd: ?(cm)
D/WifiStateMachine(  861):  scan result = SSID: , BSSID: 10:05:ca:65:e3:7e, capabilities: [WPA-PSK-CCMP+TKIP][WPA2-PSK-CCMP+TKIP][ESS], level: -76, frequency: 5320, timestamp: 10208538630, distance: ?(cm), distanceSd: ?(cm)
D/WifiStateMachine(  861):  scan result = SSID: Verizon-MiFi5510L-B1E8, BSSID: 00:15:ff:a6:b1:e8, capabilities: [WPA2-PSK-CCMP][ESS], level: -92, frequency: 2412, timestamp: 1478262991, distance: ?(cm), distanceSd: ?(cm)
D/WifiStateMachine(  861): == (38) end of scan result ==
D/WifiStateMachine(  861): == begin of scan result ==
D/WifiStateMachine(  861):  scan result = SSID: Bluetooth World, BSSID: 10:05:ca:65:e3:7d, capabilities: [WPA-PSK-CCMP+TKIP][WPA2-PSK-CCMP+TKIP][ESS], level: -72, frequency: 5320, timestamp: 10208589819, distance: ?(cm), distanceSd: ?(cm)
D/WifiStateMachine(  861):  scan result = SSID: NETGEAR34-5G, BSSID: a0:63:91:22:58:f5, capabilities: [WPA2-PSK-CCMP][WPS][ESS], level: -37, frequency: 5765, timestamp: 168159070925, distance: ?(cm), distanceSd: ?(cm)
D/WifiStateMachine(  861):  scan result = SSID: Speaker Wireless, BSSID: 10:05:ca:42:0f:ac, capabilities: [WPA-PSK-CCMP+TKIP][WPA2-PSK-CCMP+TKIP][ESS], level: -77, frequency: 5805, timestamp: 98366348356, distance: ?(cm), distanceSd: ?(cm)
D/WifiStateMachine(  861):  scan result = SSID: Exhibitor Internet, BSSID: 10:05:ca:65:e3:7b, capabilities: [ESS], level: -76, frequency: 5320, timestamp: 10208614070, distance: ?(cm), distanceSd: ?(cm)
D/WifiStateMachine(  861):  scan result = SSID: Instant Internet, BSSID: 10:05:ca:65:e3:7f, capabilities: [ESS], level: -76, frequency: 5320, timestamp: 10208638343, distance: ?(cm), distanceSd: ?(cm)
D/WifiStateMachine(  861):  scan result = SSID: PERCONA 2015 2.4Ghz, BSSID: 10:05:ca:42:0f:aa, capabilities: [ESS], level: -77, frequency: 5805, timestamp: 98366336676, distance: ?(cm), distanceSd: ?(cm)
D/WifiStateMachine(  861):  scan result = SSID: , BSSID: 20:3a:07:9e:7f:de, capabilities: [WPA-PSK-TKIP][WPA2-PSK-TKIP][ESS], level: -81, frequency: 5500, timestamp: 12253661380642, distance: ?(cm), distanceSd: ?(cm)
D/WifiStateMachine(  861):  scan result = SSID: Bluetooth World, BSSID: 20:3a:07:9e:7f:dd, capabilities: [WPA-PSK-CCMP+TKIP][WPA2-PSK-CCMP+TKIP][ESS], level: -80, frequency: 5500, timestamp: 12253661380642, distance: ?(cm), distanceSd: ?(cm)
D/WifiStateMachine(  861):  scan result = SSID: MJ-AP, BSSID: 28:cf:e9:86:f1:c3, capabilities: [ESS], level: -78, frequency: 5580, timestamp: 21625958459, distance: ?(cm), distanceSd: ?(cm)
D/WifiStateMachine(  861):  scan result = SSID: Exhibitor Internet, BSSID: 20:3a:07:9e:7f:db, capabilities: [ESS], level: -78, frequency: 5500, timestamp: 12253661485090, distance: ?(cm), distanceSd: ?(cm)
D/WifiStateMachine(  861):  scan result = SSID: Instant Internet, BSSID: 20:3a:07:9e:7f:df, capabilities: [ESS], level: -78, frequency: 5500, timestamp: 12253661485090, distance: ?(cm), distanceSd: ?(cm)
D/WifiStateMachine(  861):  scan result = SSID: NETGEAR34, BSSID: a0:63:91:22:58:f6, capabilities: [WPA2-PSK-CCMP][WPS][ESS], level: -26, frequency: 2417, timestamp: 168149784012, distance: ?(cm), distanceSd: ?(cm)
D/WifiStateMachine(  861):  scan result = SSID: BTW Backup 2.4G, BSSID: 20:3a:07:49:2e:04, capabilities: [WPA-PSK-CCMP+TKIP][WPA2-PSK-CCMP+TKIP][ESS], level: -57, frequency: 2437, timestamp: 12253660392461, distance: ?(cm), distanceSd: ?(cm)
D/WifiStateMachine(  861):  scan result = SSID: BTW Backup 2.4G, BSSID: 88:75:56:c6:f5:14, capabilities: [WPA-PSK-CCMP+TKIP][WPA2-PSK-CCMP+TKIP][ESS], level: -75, frequency: 2462, timestamp: 12253698303471, distance: ?(cm), distanceSd: ?(cm)
D/WifiStateMachine(  861):  scan result = SSID: Instant Internet, BSSID: 88:75:56:c6:f5:1f, capabilities: [ESS], level: -88, frequency: 5660, timestamp: 12253683314722, distance: ?(cm), distanceSd: ?(cm)
D/WifiStateMachine(  861):  scan result = SSID: FreeInternet, BSSID: 10:05:ca:42:0f:ad, capabilities: [ESS], level: -79, frequency: 5805, timestamp: 98366410758, distance: ?(cm), distanceSd: ?(cm)
D/WifiStateMachine(  861):  scan result = SSID: PERCONA 2015, BSSID: 10:05:ca:42:0f:ab, capabilities: [ESS], level: -78, frequency: 5805, timestamp: 98366411144, distance: ?(cm), distanceSd: ?(cm)
D/WifiStateMachine(  861):  scan result = SSID: ATT-HOMEBASE-8860, BSSID: 9c:a9:e4:8a:dd:bf, capabilities: [WPA-PSK-CCMP+TKIP][WPA2-PSK-CCMP+TKIP][ESS], level: -71, frequency: 2462, timestamp: 19831196042, distance: ?(cm), distanceSd: ?(cm)
D/WifiStateMachine(  861):  scan result = SSID: Instant Internet, BSSID: 10:05:ca:42:0f:af, capabilities: [ESS], level: -76, frequency: 5805, timestamp: 98366316412, distance: ?(cm), distanceSd: ?(cm)
D/WifiStateMachine(  861):  scan result = SSID: dialogwireless, BSSID: 20:4e:7f:c2:da:64, capabilities: [WPA2-PSK-CCMP][WPS][ESS], level: -76, frequency: 2462, timestamp: 7332241568, distance: ?(cm), distanceSd: ?(cm)
D/WifiStateMachine(  861):  scan result = SSID: Bluetooth World, BSSID: 88:75:56:c6:f5:1c, capabilities: [WPA-PSK-CCMP+TKIP][WPA2-PSK-CCMP+TKIP][ESS], level: -88, frequency: 5660, timestamp: 12253693968418, distance: ?(cm), distanceSd: ?(cm)
D/WifiStateMachine(  861):  scan result = SSID: , BSSID: 88:75:56:c6:f5:1e, capabilities: [WPA-PSK-CCMP+TKIP][WPA2-PSK-CCMP+TKIP][ESS], level: -88, frequency: 5660, timestamp: 12253693759522, distance: ?(cm), distanceSd: ?(cm)
D/WifiStateMachine(  861):  scan result = SSID: , BSSID: 20:3a:07:49:2e:01, capabilities: [WPA-PSK-TKIP][WPA2-PSK-TKIP][ESS], level: -58, frequency: 2437, timestamp: 12253660336290, distance: ?(cm), distanceSd: ?(cm)
D/WifiStateMachine(  861):  scan result = SSID: CC-FAB, BSSID: 48:5b:39:bc:7e:9e, capabilities: [WPA-PSK-CCMP+TKIP][WPA2-PSK-CCMP+TKIP][WPS][ESS], level: -74, frequency: 2422, timestamp: 110130238300, distance: ?(cm), distanceSd: ?(cm)
D/WifiStateMachine(  861):  scan result = SSID: FreeInternet, BSSID: 88:75:56:c6:f5:1d, capabilities: [ESS], level: -89, frequency: 5660, timestamp: 12253674958882, distance: ?(cm), distanceSd: ?(cm)
D/WifiStateMachine(  861):  scan result = SSID: Exhibitor Internet, BSSID: 20:3a:07:9e:84:eb, capabilities: [ESS], level: -85, frequency: 5700, timestamp: 12253677047842, distance: ?(cm), distanceSd: ?(cm)
D/WifiStateMachine(  861):  scan result = SSID: Instant Internet, BSSID: 20:3a:07:9e:84:ef, capabilities: [ESS], level: -85, frequency: 5700, timestamp: 12253663051810, distance: ?(cm), distanceSd: ?(cm)
D/WifiStateMachine(  861):  scan result = SSID: BTW Backup 2.4G, BSSID: 10:05:ca:65:e3:73, capabilities: [WPA-PSK-CCMP+TKIP][WPA2-PSK-CCMP+TKIP][ESS], level: -85, frequency: 2437, timestamp: 12253736063842, distance: ?(cm), distanceSd: ?(cm)
D/WifiStateMachine(  861):  scan result = SSID: Bluetooth World, BSSID: 20:3a:07:9e:84:ed, capabilities: [WPA-PSK-CCMP+TKIP][WPA2-PSK-CCMP+TKIP][ESS], level: -89, frequency: 5700, timestamp: 12253682061346, distance: ?(cm), distanceSd: ?(cm)
D/WifiStateMachine(  861):  scan result = SSID: FreeInternet, BSSID: 10:05:ca:42:0f:a2, capabilities: [ESS], level: -87, frequency: 2437, timestamp: 5797768101926, distance: ?(cm), distanceSd: ?(cm)
D/WifiStateMachine(  861):  scan result = SSID: , BSSID: 10:05:ca:65:e3:71, capabilities: [WPA-PSK-CCMP+TKIP][WPA2-PSK-CCMP+TKIP][ESS], level: -86, frequency: 2437, timestamp: 12253744335458, distance: ?(cm), distanceSd: ?(cm)
D/WifiStateMachine(  861):  scan result = SSID: BTW Backup 2.4G, BSSID: 20:3a:07:9e:7f:d3, capabilities: [WPA-PSK-CCMP+TKIP][WPA2-PSK-CCMP+TKIP][ESS], level: -89, frequency: 2412, timestamp: 12253655118243, distance: ?(cm), distanceSd: ?(cm)
D/WifiStateMachine(  861):  scan result = SSID: , BSSID: 20:3a:07:9e:84:ee, capabilities: [WPA-PSK-CCMP+TKIP][WPA2-PSK-CCMP+TKIP][ESS], level: -88, frequency: 5700, timestamp: 12253682061346, distance: ?(cm), distanceSd: ?(cm)
D/WifiStateMachine(  861):  scan result = SSID: FreeInternet, BSSID: 20:3a:07:49:2e:02, capabilities: [ESS], level: -54, frequency: 2437, timestamp: 12253649787052, distance: ?(cm), distanceSd: ?(cm)
D/WifiStateMachine(  861):  scan result = SSID: MJ-AP, BSSID: 28:cf:e9:86:f1:c2, capabilities: [ESS], level: -68, frequency: 2412, timestamp: 21684941364, distance: ?(cm), distanceSd: ?(cm)
W/FrameworkListener(  258): Handler 'interface' error (No such device)
D/WifiStateMachine(  861):  scan result = SSID: Instant Internet, BSSID: 10:05:ca:65:e3:70, capabilities: [ESS], level: -87, frequency: 2437, timestamp: 12253749743782, distance: ?(cm), distanceSd: ?(cm)
D/WifiStateMachine(  861):  scan result = SSID: , BSSID: 10:05:ca:65:e3:7e, capabilities: [WPA-PSK-CCMP+TKIP][WPA2-PSK-CCMP+TKIP][ESS], level: -76, frequency: 5320, timestamp: 10208538630, distance: ?(cm), distanceSd: ?(cm)
D/WifiStateMachine(  861):  scan result = SSID: Verizon-MiFi5510L-B1E8, BSSID: 00:15:ff:a6:b1:e8, capabilities: [WPA2-PSK-CCMP][ESS], level: -92, frequency: 2412, timestamp: 1478262991, distance: ?(cm), distanceSd: ?(cm)
D/WifiStateMachine(  861): == (38) end of scan result ==
D/WifiStateMachine(  861): == begin of scan result ==
D/WifiStateMachine(  861):  scan result = SSID: Bluetooth World, BSSID: 10:05:ca:65:e3:7d, capabilities: [WPA-PSK-CCMP+TKIP][WPA2-PSK-CCMP+TKIP][ESS], level: -72, frequency: 5320, timestamp: 10208589819, distance: ?(cm), distanceSd: ?(cm)
D/WifiStateMachine(  861):  scan result = SSID: NETGEAR34-5G, BSSID: a0:63:91:22:58:f5, capabilities: [WPA2-PSK-CCMP][WPS][ESS], level: -37, frequency: 5765, timestamp: 168159070925, distance: ?(cm), distanceSd: ?(cm)
D/WifiStateMachine(  861):  scan result = SSID: Speaker Wireless, BSSID: 10:05:ca:42:0f:ac, capabilities: [WPA-PSK-CCMP+TKIP][WPA2-PSK-CCMP+TKIP][ESS], level: -77, frequency: 5805, timestamp: 98366348356, distance: ?(cm), distanceSd: ?(cm)
D/WifiStateMachine(  861):  scan result = SSID: Exhibitor Internet, BSSID: 10:05:ca:65:e3:7b, capabilities: [ESS], level: -76, frequency: 5320, timestamp: 10208614070, distance: ?(cm), distanceSd: ?(cm)
D/WifiStateMachine(  861):  scan result = SSID: Instant Internet, BSSID: 10:05:ca:65:e3:7f, capabilities: [ESS], level: -76, frequency: 5320, timestamp: 10208638343, distance: ?(cm), distanceSd: ?(cm)
D/WifiStateMachine(  861):  scan result = SSID: PERCONA 2015 2.4Ghz, BSSID: 10:05:ca:42:0f:aa, capabilities: [ESS], level: -77, frequency: 5805, timestamp: 98366336676, distance: ?(cm), distanceSd: ?(cm)
D/WifiStateMachine(  861):  scan result = SSID: , BSSID: 20:3a:07:9e:7f:de, capabilities: [WPA-PSK-TKIP][WPA2-PSK-TKIP][ESS], level: -81, frequency: 5500, timestamp: 12253661380642, distance: ?(cm), distanceSd: ?(cm)
D/WifiStateMachine(  861):  scan result = SSID: Bluetooth World, BSSID: 20:3a:07:9e:7f:dd, capabilities: [WPA-PSK-CCMP+TKIP][WPA2-PSK-CCMP+TKIP][ESS], level: -80, frequency: 5500, timestamp: 12253661380642, distance: ?(cm), distanceSd: ?(cm)
D/WifiStateMachine(  861):  scan result = SSID: MJ-AP, BSSID: 28:cf:e9:86:f1:c3, capabilities: [ESS], level: -78, frequency: 5580, timestamp: 21625958459, distance: ?(cm), distanceSd: ?(cm)
D/WifiStateMachine(  861):  scan result = SSID: Exhibitor Internet, BSSID: 20:3a:07:9e:7f:db, capabilities: [ESS], level: -78, frequency: 5500, timestamp: 12253661485090, distance: ?(cm), distanceSd: ?(cm)
D/WifiStateMachine(  861):  scan result = SSID: Instant Internet, BSSID: 20:3a:07:9e:7f:df, capabilities: [ESS], level: -78, frequency: 5500, timestamp: 12253661485090, distance: ?(cm), distanceSd: ?(cm)
D/WifiStateMachine(  861):  scan result = SSID: NETGEAR34, BSSID: a0:63:91:22:58:f6, capabilities: [WPA2-PSK-CCMP][WPS][ESS], level: -26, frequency: 2417, timestamp: 168149784012, distance: ?(cm), distanceSd: ?(cm)
D/WifiStateMachine(  861):  scan result = SSID: BTW Backup 2.4G, BSSID: 20:3a:07:49:2e:04, capabilities: [WPA-PSK-CCMP+TKIP][WPA2-PSK-CCMP+TKIP][ESS], level: -57, frequency: 2437, timestamp: 12253660392461, distance: ?(cm), distanceSd: ?(cm)
D/WifiStateMachine(  861):  scan result = SSID: BTW Backup 2.4G, BSSID: 88:75:56:c6:f5:14, capabilities: [WPA-PSK-CCMP+TKIP][WPA2-PSK-CCMP+TKIP][ESS], level: -75, frequency: 2462, timestamp: 12253698303471, distance: ?(cm), distanceSd: ?(cm)
D/WifiStateMachine(  861):  scan result = SSID: Instant Internet, BSSID: 88:75:56:c6:f5:1f, capabilities: [ESS], level: -88, frequency: 5660, timestamp: 12253683314722, distance: ?(cm), distanceSd: ?(cm)
D/WifiStateMachine(  861):  scan result = SSID: FreeInternet, BSSID: 10:05:ca:42:0f:ad, capabilities: [ESS], level: -79, frequency: 5805, timestamp: 98366410758, distance: ?(cm), distanceSd: ?(cm)
D/WifiStateMachine(  861):  scan result = SSID: PERCONA 2015, BSSID: 10:05:ca:42:0f:ab, capabilities: [ESS], level: -78, frequency: 5805, timestamp: 98366411144, distance: ?(cm), distanceSd: ?(cm)
D/WifiStateMachine(  861):  scan result = SSID: ATT-HOMEBASE-8860, BSSID: 9c:a9:e4:8a:dd:bf, capabilities: [WPA-PSK-CCMP+TKIP][WPA2-PSK-CCMP+TKIP][ESS], level: -71, frequency: 2462, timestamp: 19831196042, distance: ?(cm), distanceSd: ?(cm)
D/WifiStateMachine(  861):  scan result = SSID: Instant Internet, BSSID: 10:05:ca:42:0f:af, capabilities: [ESS], level: -76, frequency: 5805, timestamp: 98366316412, distance: ?(cm), distanceSd: ?(cm)
D/WifiStateMachine(  861):  scan result = SSID: dialogwireless, BSSID: 20:4e:7f:c2:da:64, capabilities: [WPA2-PSK-CCMP][WPS][ESS], level: -76, frequency: 2462, timestamp: 7332241568, distance: ?(cm), distanceSd: ?(cm)
D/WifiStateMachine(  861):  scan result = SSID: Bluetooth World, BSSID: 88:75:56:c6:f5:1c, capabilities: [WPA-PSK-CCMP+TKIP][WPA2-PSK-CCMP+TKIP][ESS], level: -88, frequency: 5660, timestamp: 12253693968418, distance: ?(cm), distanceSd: ?(cm)
D/WifiStateMachine(  861):  scan result = SSID: , BSSID: 88:75:56:c6:f5:1e, capabilities: [WPA-PSK-CCMP+TKIP][WPA2-PSK-CCMP+TKIP][ESS], level: -88, frequency: 5660, timestamp: 12253693759522, distance: ?(cm), distanceSd: ?(cm)
D/WifiStateMachine(  861):  scan result = SSID: , BSSID: 20:3a:07:49:2e:01, capabilities: [WPA-PSK-TKIP][WPA2-PSK-TKIP][ESS], level: -58, frequency: 2437, timestamp: 12253660336290, distance: ?(cm), distanceSd: ?(cm)
D/WifiStateMachine(  861):  scan result = SSID: CC-FAB, BSSID: 48:5b:39:bc:7e:9e, capabilities: [WPA-PSK-CCMP+TKIP][WPA2-PSK-CCMP+TKIP][WPS][ESS], level: -74, frequency: 2422, timestamp: 110130238300, distance: ?(cm), distanceSd: ?(cm)
D/libc    (  258): [NET] getaddrinfo+,hn 11(0x3137322e32362e),sn(),family 0,flags 4
D/libc    (  258): [NET] getaddrinfo-, SUCCESS
D/libc    (  258): [NET] getaddrinfo+,hn 14(0x31302e3130332e),sn(),family 0,flags 4
D/libc    (  258): [NET] getaddrinfo-, SUCCESS
D/WifiStateMachine(  861):  scan result = SSID: FreeInternet, BSSID: 88:75:56:c6:f5:1d, capabilities: [ESS], level: -89, frequency: 5660, timestamp: 12253674958882, distance: ?(cm), distanceSd: ?(cm)
D/WifiStateMachine(  861):  scan result = SSID: Exhibitor Internet, BSSID: 20:3a:07:9e:84:eb, capabilities: [ESS], level: -85, frequency: 5700, timestamp: 12253677047842, distance: ?(cm), distanceSd: ?(cm)
D/WifiStateMachine(  861):  scan result = SSID: Instant Internet, BSSID: 20:3a:07:9e:84:ef, capabilities: [ESS], level: -85, frequency: 5700, timestamp: 12253663051810, distance: ?(cm), distanceSd: ?(cm)
D/WifiStateMachine(  861):  scan result = SSID: BTW Backup 2.4G, BSSID: 10:05:ca:65:e3:73, capabilities: [WPA-PSK-CCMP+TKIP][WPA2-PSK-CCMP+TKIP][ESS], level: -85, frequency: 2437, timestamp: 12253736063842, distance: ?(cm), distanceSd: ?(cm)
D/WifiStateMachine(  861):  scan result = SSID: Bluetooth World, BSSID: 20:3a:07:9e:84:ed, capabilities: [WPA-PSK-CCMP+TKIP][WPA2-PSK-CCMP+TKIP][ESS], level: -89, frequency: 5700, timestamp: 12253682061346, distance: ?(cm), distanceSd: ?(cm)
D/WifiStateMachine(  861):  scan result = SSID: FreeInternet, BSSID: 10:05:ca:42:0f:a2, capabilities: [ESS], level: -87, frequency: 2437, timestamp: 5797768101926, distance: ?(cm), distanceSd: ?(cm)
D/WifiStateMachine(  861):  scan result = SSID: , BSSID: 10:05:ca:65:e3:71, capabilities: [WPA-PSK-CCMP+TKIP][WPA2-PSK-CCMP+TKIP][ESS], level: -86, frequency: 2437, timestamp: 12253744335458, distance: ?(cm), distanceSd: ?(cm)
D/WifiStateMachine(  861):  scan result = SSID: BTW Backup 2.4G, BSSID: 20:3a:07:9e:7f:d3, capabilities: [WPA-PSK-CCMP+TKIP][WPA2-PSK-CCMP+TKIP][ESS], level: -89, frequency: 2412, timestamp: 12253655118243, distance: ?(cm), distanceSd: ?(cm)
D/WifiStateMachine(  861):  scan result = SSID: , BSSID: 20:3a:07:9e:84:ee, capabilities: [WPA-PSK-CCMP+TKIP][WPA2-PSK-CCMP+TKIP][ESS], level: -88, frequency: 5700, timestamp: 12253682061346, distance: ?(cm), distanceSd: ?(cm)
D/WifiStateMachine(  861):  scan result = SSID: FreeInternet, BSSID: 20:3a:07:49:2e:02, capabilities: [ESS], level: -54, frequency: 2437, timestamp: 12253649787052, distance: ?(cm), distanceSd: ?(cm)
D/WifiStateMachine(  861):  scan result = SSID: MJ-AP, BSSID: 28:cf:e9:86:f1:c2, capabilities: [ESS], level: -68, frequency: 2412, timestamp: 21684941364, distance: ?(cm), distanceSd: ?(cm)
D/WifiStateMachine(  861):  scan result = SSID: Instant Internet, BSSID: 10:05:ca:65:e3:70, capabilities: [ESS], level: -87, frequency: 2437, timestamp: 12253749743782, distance: ?(cm), distanceSd: ?(cm)
D/WifiStateMachine(  861):  scan result = SSID: , BSSID: 10:05:ca:65:e3:7e, capabilities: [WPA-PSK-CCMP+TKIP][WPA2-PSK-CCMP+TKIP][ESS], level: -76, frequency: 5320, timestamp: 10208538630, distance: ?(cm), distanceSd: ?(cm)
D/WifiStateMachine(  861):  scan result = SSID: Verizon-MiFi5510L-B1E8, BSSID: 00:15:ff:a6:b1:e8, capabilities: [WPA2-PSK-CCMP][ESS], level: -92, frequency: 2412, timestamp: 1478262991, distance: ?(cm), distanceSd: ?(cm)
D/WifiStateMachine(  861): == (38) end of scan result ==
D/WifiStateMachine(  861): == begin of scan result ==
D/WifiStateMachine(  861):  scan result = SSID: Bluetooth World, BSSID: 10:05:ca:65:e3:7d, capabilities: [WPA-PSK-CCMP+TKIP][WPA2-PSK-CCMP+TKIP][ESS], level: -72, frequency: 5320, timestamp: 10208589819, distance: ?(cm), distanceSd: ?(cm)
D/WifiStateMachine(  861):  scan result = SSID: NETGEAR34-5G, BSSID: a0:63:91:22:58:f5, capabilities: [WPA2-PSK-CCMP][WPS][ESS], level: -37, frequency: 5765, timestamp: 168159070925, distance: ?(cm), distanceSd: ?(cm)
D/WifiStateMachine(  861):  scan result = SSID: Speaker Wireless, BSSID: 10:05:ca:42:0f:ac, capabilities: [WPA-PSK-CCMP+TKIP][WPA2-PSK-CCMP+TKIP][ESS], level: -77, frequency: 5805, timestamp: 98366348356, distance: ?(cm), distanceSd: ?(cm)
D/WifiStateMachine(  861):  scan result = SSID: Exhibitor Internet, BSSID: 10:05:ca:65:e3:7b, capabilities: [ESS], level: -76, frequency: 5320, timestamp: 10208614070, distance: ?(cm), distanceSd: ?(cm)
D/WifiStateMachine(  861):  scan result = SSID: Instant Internet, BSSID: 10:05:ca:65:e3:7f, capabilities: [ESS], level: -76, frequency: 5320, timestamp: 10208638343, distance: ?(cm), distanceSd: ?(cm)
D/WifiStateMachine(  861):  scan result = SSID: PERCONA 2015 2.4Ghz, BSSID: 10:05:ca:42:0f:aa, capabilities: [ESS], level: -77, frequency: 5805, timestamp: 98366336676, distance: ?(cm), distanceSd: ?(cm)
D/WifiStateMachine(  861):  scan result = SSID: , BSSID: 20:3a:07:9e:7f:de, capabilities: [WPA-PSK-TKIP][WPA2-PSK-TKIP][ESS], level: -81, frequency: 5500, timestamp: 12253661380642, distance: ?(cm), distanceSd: ?(cm)
D/WifiStateMachine(  861):  scan result = SSID: Bluetooth World, BSSID: 20:3a:07:9e:7f:dd, capabilities: [WPA-PSK-CCMP+TKIP][WPA2-PSK-CCMP+TKIP][ESS], level: -80, frequency: 5500, timestamp: 12253661380642, distance: ?(cm), distanceSd: ?(cm)
D/WifiStateMachine(  861):  scan result = SSID: MJ-AP, BSSID: 28:cf:e9:86:f1:c3, capabilities: [ESS], level: -78, frequency: 5580, timestamp: 21625958459, distance: ?(cm), distanceSd: ?(cm)
D/WifiStateMachine(  861):  scan result = SSID: Exhibitor Internet, BSSID: 20:3a:07:9e:7f:db, capabilities: [ESS], level: -78, frequency: 5500, timestamp: 12253661485090, distance: ?(cm), distanceSd: ?(cm)
D/WifiStateMachine(  861):  scan result = SSID: Instant Internet, BSSID: 20:3a:07:9e:7f:df, capabilities: [ESS], level: -78, frequency: 5500, timestamp: 12253661485090, distance: ?(cm), distanceSd: ?(cm)
D/WifiStateMachine(  861):  scan result = SSID: NETGEAR34, BSSID: a0:63:91:22:58:f6, capabilities: [WPA2-PSK-CCMP][WPS][ESS], level: -26, frequency: 2417, timestamp: 168149784012, distance: ?(cm), distanceSd: ?(cm)
W/ConnectivityService(  861): Exception trying to remove a route: java.lang.IllegalStateException: command '7251 interface route remove rmnet_usb0 secondary 0.0.0.0 0 10.103.226.153' failed with '400 7251 ip route modification failed (No such device)'
D/ConnectivityService(  861): not removing 10.103.226.153/32 -> 0.0.0.0 as it's still in use
D/ConnectivityService(  861): Removing 172.26.38.1/32 -> 10.103.226.153 for interface rmnet_usb0
W/ConnectivityService(  861): Exception trying to remove a route: java.lang.IllegalStateException: command '7252 interface route remove rmnet_usb0 default 172.26.38.1 32 10.103.226.153' failed with '400 7252 Failed to remove route from default table (No such process)'
