--------- beginning of /dev/log/system
D/PMS     (  861): releaseWL(43750388): PARTIAL_WAKE_LOCK  Icing 0x1
I/ActivityManager(  861): Resuming delayed broadcast
D/TelephonyCallback( 1035): SignalStrength: 1
D/SIGNAL_ICON( 1035): level=1/5
D/TelephonyRegistry(  861): This is not dual project
D/PMS     (  861): acquireWL(4372a5f8): PARTIAL_WAKE_LOCK  BatteryServiceUpdateStats 0x1 0 0
I/BatteryService(  861): n_update end
D/PMS     (  861): releaseWL(4372a5f8): PARTIAL_WAKE_LOCK  BatteryServiceUpdateStats 0x1
D/StatusBar.NetworkController( 1035): dumpIcon[(gone) stat_sys_5signal_1|null stat_sys_wifi_signal_inandout_3 (gone) F]
D/HtcPowerSaver(  861): updateBatteryInfo
D/PowerUI ( 1035): closing low battery warning: level=73
D/PowerUI ( 1035): plugged = true, health = 2, mBatteryLevel = 73, mPluggedBatteryLevel = 72, mLowBatteryWarningLevel2 = 25, mshowLowChargingWarning2 = true
I/ActivityManager(  861): Delay finish: com.htc.cs.dm/.receiver.PackageUpdateReceiver
D/PMS     (  861): runPSCheck
D/HtcPowerSaver(  861): Checking...
I/HtcPowerSaver(  861): >> updateStatus
I/HtcPowerSaver(  861): updateStatus (8000,73,-1,false,false,false,-1)
I/HtcPowerSaver(  861): << updateStatus
D/WIFI_ICON( 1035): WifiActivity: 0
D/StatusBar.NetworkController( 1035): dumpIcon[(gone) stat_sys_5signal_1|null stat_sys_wifi_signal_connected_3 (gone) F]
I/ActivityManager(  861): Resuming delayed broadcast
I/ActivityManager(  861): Start proc com.nero.android.htc.sync.installer for broadcast com.nero.android.htc.sync.installer/.OnNeroHTCUpgradeReceiver: pid=20113 uid=10032 gids={50032}
W/AppWidgetServiceImpl(  861): updateAppWidget failed! callbacks null
I/ActivityManager(  861): Killing 18435:com.android.defcontainer/u0a83 (adj 9): empty #21
I/ActivityManager(  861): Recipient 18435
W/ActivityManager(  861): Scheduling restart of crashed service com.android.defcontainer/.DefaultContainerService in 1000ms
I/ActivityManager(  861): Delay finish: com.htc.sense.hsp/.opensense.pluginmanager.RegisterReceiver
I/ActivityManager(  861): Resuming delayed broadcast
I/ActivityManager(  861): Start proc com.google.android.apps.magazines for broadcast com.google.android.apps.magazines/com.google.apps.dots.android.app.receiver.FirstInstallNotificationReceiver: pid=20131 uid=10157 gids={50157, 3003, 5012, 1028, 1015}
D/ErrorReport(  861): HtcErrorReportManager Begin---add error logs to dropbox
D/ErrorReport(  861): HtcErrorReportManager Begin---add error logs to dropbox
D/ErrorReport(  861): HtcErrorReportManager Begin---add error logs to dropbox
W/Vold    (  228): Returning OperationFailed - no handler for errno 30
W/Vold    (  228): Returning OperationFailed - no handler for errno 30
W/Vold    (  228): Returning OperationFailed - no handler for errno 30
W/Vold    (  228): Returning OperationFailed - no handler for errno 30
I/ActivityManager(  861): Start proc com.amazon.mp3 for content provider com.amazon.mp3/.account.auth.AmazonMusicMAPInformationProvider: pid=20192 uid=10226 gids={50226, 3003, 5012, 1028, 1015, 3002, 3001}
I/ActivityManager(  861): Start proc com.google.android.apps.cloudprint for broadcast com.google.android.apps.cloudprint/.printdialog.receivers.UpgradeBroadcastReceiver: pid=20205 uid=10093 gids={50093, 3003, 5012, 1028}
I/ActivityManager(  861): Killing 18847:com.android.settings:remote/1000 (adj 15): empty #21
I/ActivityManager(  861): Recipient 18847
D/WifiService(  861): New client listening to asynchronous messages
I/ActivityManager(  861): Delay finish: com.google.android.apps.cloudprint/.printdialog.receivers.UpgradeBroadcastReceiver
I/ActivityManager(  861): Resuming delayed broadcast
I/ActivityManager(  861): Killing 18554:com.twitter.android/u0a172 (adj 15): empty #21
D/PMS     (  861): acquireWL(432059c0): PARTIAL_WAKE_LOCK  *net_scheduler* 0x1 1338 10020
D/PMS     (  861): releaseWL(432059c0): PARTIAL_WAKE_LOCK  *net_scheduler* 0x1
I/ActivityManager(  861): Start proc com.android.defcontainer for service com.android.defcontainer/.DefaultContainerService: pid=20224 uid=10083 gids={50083, 1028, 1015, 1023, 2001, 1035, 5001}
I/ActivityManager(  861): Delay finish: com.google.android.googlequicksearchbox/.GelStubAppWatcher
I/ActivityManager(  861): Recipient 18554
F/ActivityManager(  861): Service ServiceRecord{43e7ebd0 u0 com.twitter.android/com.twitter.internal.android.service.AsyncService} in process ProcessRecord{435754d0 18554:com.twitter.android/u0a172} not same as in map: null
D/ErrorReport(  861): HtcErrorReportManager Begin---add error logs to dropbox
I/PackageManager(  861):  setEnabledSetting(), pkgName=com.google.android.gms, clsName=com.google.android.gms.people.pub.PeopleProfileActionGatewayActivity, state=2, flag=1, pid=7357, uid=10020, userID:0
D/PMS     (  861): acquireWL(431d9610): PARTIAL_WAKE_LOCK  Icing 0x1 7357 10020
I/ActivityManager(  861): Killing 18371:com.futuredial/u0a44 (adj 15): empty #21
I/ActivityManager(  861): Recipient 18371
D/PMS     (  861): releaseWL(431d9610): PARTIAL_WAKE_LOCK  Icing 0x1
I/ActivityManager(  861): Resuming delayed broadcast
I/ActivityManager(  861): Start proc jp.naver.line.android for broadcast jp.naver.line.android/.service.push.SystemBroadcastReceiver: pid=20251 uid=10299 gids={50299, 3003, 5012, 1028, 1015, 3002}
I/PackageManager(  861):  setEnabledSetting(), pkgName=com.amazon.mp3, clsName=com.amazon.identity.auth.device.storage.LambortishClock$ChangeTimestampsBroadcastReceiver, state=1, flag=1, pid=20192, uid=10226, userID:0
I/PackageManager(  861):  setEnabledSetting(), pkgName=com.amazon.mp3, clsName=com.amazon.identity.auth.accounts.SessionUserChangedToAccountForPackageChangedAdpater, state=2, flag=1, pid=20192, uid=10226, userID:0
I/PackageManager(  861):  setEnabledSetting(), pkgName=com.amazon.kindle, clsName=com.amazon.identity.auth.device.storage.LambortishClock$ChangeTimestampsBroadcastReceiver, state=1, flag=1, pid=20089, uid=10213, userID:0
I/PackageManager(  861):  setEnabledSetting(), pkgName=com.amazon.kindle, clsName=com.amazon.identity.auth.accounts.SessionUserChangedToAccountForPackageChangedAdpater, state=2, flag=1, pid=20089, uid=10213, userID:0
D/WIFI_ICON( 1035): WifiActivity: 3
D/StatusBar.NetworkController( 1035): dumpIcon[(gone) stat_sys_5signal_1|null stat_sys_wifi_signal_inandout_3 (gone) F]
W/ActivityManager(  861): Unable to start service Intent { act=com.urbanairship.richpush.USER_UPDATE cmp=com.amazon.mp3/com.urbanairship.richpush.RichPushUpdateService (has extras) } U=0: not found
D/WifiService(  861): New client listening to asynchronous messages
I/PackageManager(  861):  setEnabledSetting(), pkgName=com.amazon.mp3, clsName=com.amazon.mp3.store.receiver.FirstBootReceiver, state=2, flag=1, pid=20192, uid=10226, userID:0
I/PackageManager(  861):  setEnabledSetting(), pkgName=com.amazon.mp3, clsName=com.amazon.mp3.download.service.AutoDownloadPurchaseReceiver, state=2, flag=1, pid=20192, uid=10226, userID:0
I/PackageManager(  861):  setEnabledSetting(), pkgName=com.amazon.mp3, clsName=com.amazon.mp3.util.MediaMountListener, state=2, flag=1, pid=20192, uid=10226, userID:0
I/ActivityManager(  861): Start proc com.htc.task for broadcast com.htc.task/.TodoTaskReceiver: pid=20378 uid=10037 gids={50037, 1023, 3003, 5012, 1028, 1015}
I/ActivityManager(  861): Killing 18411:com.android.DroidLiveLite/u0a187 (adj 15): empty #21
W/Vold    (  228): Returning OperationFailed - no handler for errno 30
W/Vold    (  228): Returning OperationFailed - no handler for errno 30
W/Vold    (  228): Returning OperationFailed - no handler for errno 30
I/ActivityManager(  861): Recipient 18411
W/ActivityManager(  861): Unable to start service Intent { act=com.urbanairship.location.ACTION_STOP_UPDATES cmp=com.amazon.mp3/com.urbanairship.location.LocationService } U=0: not found
W/ActivityThread(20089): ClassLoader.loadClass: The class loader returned by Thread.getContextClassLoader() may fail for processes that host multiple applications. You should explicitly specify a context class loader. For example: Thread.setContextClassLoader(getClass().getClassLoader());
I/ActivityManager(  861): Delay finish: com.htc.task/.TodoTaskReceiver
I/ActivityManager(  861): Resuming delayed broadcast
I/ActivityManager(  861): Killing 19310:com.htc.zero:re_proc/u0a26 (adj 15): empty #21
D/PMS     (  861): acquireWL(4463ce08): PARTIAL_WAKE_LOCK  NlpWakeLock 0x1 1286 10020
I/ActivityManager(  861): Recipient 19310
D/PMS     (  861): releaseWL(42bf22c0): PARTIAL_WAKE_LOCK  AlarmManager 0x1
D/PMS     (  861): acquireWL(43f85ec0): PARTIAL_WAKE_LOCK  NlpWakeLock 0x1 1286 10020
D/WifiService(  861): acquireWifiLockLocked: WifiLock{NlpWifiLock type=2 binder=android.os.BinderProxy@437d5780}
D/BatSI   (  861): WIFI scan started for: 471b0014 uid:10184
D/PMS     (  861): releaseWL(4463ce08): PARTIAL_WAKE_LOCK  NlpWakeLock 0x1
I/ActivityManager(  861): Killing 19329:com.htc.mediamanager/u0a19 (adj 15): empty #21
I/ActivityManager(  861): Recipient 19329
D/PMS     (  861): acquireWL(439ad138): PARTIAL_WAKE_LOCK  AlarmManager 0x1 861 1000
V/AlarmManager(  861): sending alarm PendingIntent{4241b808: PendingIntentRecord{43a43bb8 jp.naver.line.android broadcastIntent}}, i=jp.naver.line.android.legy.SpdyHeartbeatChecker.sendPing, t=2, cnt=1, w=95122566, Int=0
D/PMS     (  861): releaseWL(439ad138): PARTIAL_WAKE_LOCK  AlarmManager 0x1
D/PMS     (  861): acquireWL(439abaa0): PARTIAL_WAKE_LOCK  *net_scheduler* 0x1 1338 10020
D/PMS     (  861): releaseWL(439abaa0): PARTIAL_WAKE_LOCK  *net_scheduler* 0x1
D/WIFI_ICON( 1035): WifiActivity: 0
D/StatusBar.NetworkController( 1035): dumpIcon[(gone) stat_sys_5signal_1|null stat_sys_wifi_signal_connected_3 (gone) F]
D/WIFI_ICON( 1035): WifiActivity: 3
D/StatusBar.NetworkController( 1035): dumpIcon[(gone) stat_sys_5signal_1|null stat_sys_wifi_signal_inandout_3 (gone) F]
W/Vold    (  228): Returning OperationFailed - no handler for errno 30
W/ContextImpl(  861): Calling a method in the system process without a qualified user: android.app.ContextImpl.sendBroadcast:1363 android.net.wifi.WifiStateMachine.sendDongleScanResultsAvailableBroadcast:5710 android.net.wifi.WifiStateMachine.handleMediaLinkEvent:5886 android.net.wifi.WifiStateMachine.access$6400:248 android.net.wifi.WifiStateMachine$SupplicantStartedState.processMessage:7093 
D/BatSI   (  861): WIFI scan stopped for: 461b0014 uid:10184
D/PMS     (  861): acquireWL(433e7598): PARTIAL_WAKE_LOCK  NlpWakeLock 0x1 1286 10020
D/PMS     (  861): releaseWL(433e7598): PARTIAL_WAKE_LOCK  NlpWakeLock 0x1
D/PMS     (  861): acquireWL(432baae8): PARTIAL_WAKE_LOCK  NlpWakeLock 0x1 1286 10020
D/PMS     (  861): acquireWL(43224148): PARTIAL_WAKE_LOCK  NlpWakeLock 0x1 1286 10020
D/PMS     (  861): acquireWL(431d3de0): PARTIAL_WAKE_LOCK  GCoreFlp 0x1 1286 10020
D/PMS     (  861): releaseWL(432baae8): PARTIAL_WAKE_LOCK  NlpWakeLock 0x1
D/PMS     (  861): releaseWL(43224148): PARTIAL_WAKE_LOCK  NlpWakeLock 0x1
D/PMS     (  861): acquireWL(43144fe8): PARTIAL_WAKE_LOCK  GCoreFlp 0x1 1286 10020
D/PMS     (  861): releaseWL(431d3de0): PARTIAL_WAKE_LOCK  GCoreFlp 0x1
D/PMS     (  861): acquireWL(430b7a80): PARTIAL_WAKE_LOCK  GCoreFlp 0x1 1286 10020
D/PMS     (  861): acquireWL(42f79fc0): PARTIAL_WAKE_LOCK  GCoreFlp 0x1 1286 10020
D/WifiService(  861): releaseWifiLockLocked: WifiLock{NlpWifiLock type=2 binder=android.os.BinderProxy@437d5780}
D/PMS     (  861): releaseWL(43f85ec0): PARTIAL_WAKE_LOCK  NlpWakeLock 0x1
D/PMS     (  861): acquireWL(42d62420): PARTIAL_WAKE_LOCK  LocationManagerService 0x1 861 1000
D/PMS     (  861): acquireWL(42bfaf08): PARTIAL_WAKE_LOCK  LocationManagerService 0x1 861 1000
D/PMS     (  861): acquireWL(42b05bf8): PARTIAL_WAKE_LOCK  GCoreFlp 0x1 1286 10020
D/PMS     (  861): acquireWL(42a12d90): PARTIAL_WAKE_LOCK  LocationManagerService 0x1 861 1000
D/PMS     (  861): acquireWL(42659548): PARTIAL_WAKE_LOCK  LocationManagerService 0x1 861 1000
D/PMS     (  861): acquireWL(430c4de8): PARTIAL_WAKE_LOCK  LocationManagerService 0x1 861 1000
D/QMI_FW  (  861): QCCI: QMI_CCI_TX: cntl_flag - 00, txn_id - 08c5, msg_id - 0039, msg_len - 0021
D/QMI_FW  (  861): QCCI: QMUXD: xport_send[1 -> 16]: 40 bytes on conn_id=9
D/PMS     (  861): releaseWL(42bfaf08): PARTIAL_WAKE_LOCK  LocationManagerService 0x1
D/PMS     (  861): releaseWL(42659548): PARTIAL_WAKE_LOCK  LocationManagerService 0x1
D/PMS     (  861): releaseWL(42d62420): PARTIAL_WAKE_LOCK  LocationManagerService 0x1
D/PMS     (  861): releaseWL(430c4de8): PARTIAL_WAKE_LOCK  LocationManagerService 0x1
D/PMS     (  861): releaseWL(42f79fc0): PARTIAL_WAKE_LOCK  GCoreFlp 0x1
D/PMS     (  861): releaseWL(43144fe8): PARTIAL_WAKE_LOCK  GCoreFlp 0x1
D/PMS     (  861): releaseWL(430b7a80): PARTIAL_WAKE_LOCK  GCoreFlp 0x1
D/PMS     (  861): acquireWL(432bdb38): PARTIAL_WAKE_LOCK  wake:com.joelapenna.foursquared/com.foursquare.radar.services.RadarLocationClientFireService 0x1 18156 10184
D/PMS     (  861): releaseWL(42a12d90): PARTIAL_WAKE_LOCK  LocationManagerService 0x1
D/PMS     (  861): releaseWL(42b05bf8): PARTIAL_WAKE_LOCK  GCoreFlp 0x1
D/QMI_FW  (  861): QCCI: QMUXD: xport_rx[1 <- 16]: 14 bytes on conn_id: 9
D/QMI_FW  (  861): QCCI: QMI_CCI_RX: cntl_flag - 02, txn_id - 08c5, msg_id - 0039, msg_len - 0007
D/PMS     (  861): releaseWL(432bdb38): PARTIAL_WAKE_LOCK  wake:com.joelapenna.foursquared/com.foursquare.radar.services.RadarLocationClientFireService 0x1
D/PMS     (  861): acquireWL(4317b9d8): PARTIAL_WAKE_LOCK  ReddingWakeLock 0x1 20089 10213
D/WifiService(  861): acquireWifiLockLocked: WifiLock{ReddingWifiLock type=1 binder=android.os.BinderProxy@4239e338}
D/PMS     (  861): releaseWL(4389e128): PARTIAL_WAKE_LOCK  Config Service fetch 0x1
W/BackupManagerService(  861): dataChanged but no participant pkg='com.amazon.kindle' uid=10213
W/Vold    (  228): Returning OperationFailed - no handler for errno 30
W/PackageParser(20089): No actions in intent filter at /data/app/com.amazon.kindle-1.apk Binary XML file line #414
D/PMS     (  861): acquireWL(43526a38): PARTIAL_WAKE_LOCK  *net_scheduler* 0x1 1338 10020
D/PMS     (  861): releaseWL(43526a38): PARTIAL_WAKE_LOCK  *net_scheduler* 0x1
D/PMS     (  861): acquireWL(432bea98): PARTIAL_WAKE_LOCK  ReddingWakeLock 0x1 20089 10213
D/WifiService(  861): acquireWifiLockLocked: WifiLock{ReddingWifiLock type=1 binder=android.os.BinderProxy@43257838}
D/WifiService(  861): releaseWifiLockLocked: WifiLock{ReddingWifiLock type=1 binder=android.os.BinderProxy@4239e338}
D/PMS     (  861): releaseWL(4317b9d8): PARTIAL_WAKE_LOCK  ReddingWakeLock 0x1
D/PMS     (  861): acquireWL(433cfe78): PARTIAL_WAKE_LOCK  ReddingWakeLock 0x1 20089 10213
D/WifiService(  861): acquireWifiLockLocked: WifiLock{ReddingWifiLock type=1 binder=android.os.BinderProxy@431e3010}
D/WifiService(  861): releaseWifiLockLocked: WifiLock{ReddingWifiLock type=1 binder=android.os.BinderProxy@43257838}
D/PMS     (  861): releaseWL(432bea98): PARTIAL_WAKE_LOCK  ReddingWakeLock 0x1
D/PMS     (  861): acquireWL(43480bc8): PARTIAL_WAKE_LOCK  HTTPMetricsTransportWakeLock 0x1 20089 10213
D/WifiService(  861): acquireWifiLockLocked: WifiLock{HTTPMetricsTransport type=3 binder=android.os.BinderProxy@431910f0}
D/WifiService(  861): releaseWifiLockLocked: WifiLock{HTTPMetricsTransport type=3 binder=android.os.BinderProxy@431910f0}
D/PMS     (  861): releaseWL(43480bc8): PARTIAL_WAKE_LOCK  HTTPMetricsTransportWakeLock 0x1
D/WifiService(  861): acquireWifiLockLocked: WifiLock{com.amazon.whispersync.dcp.framework.iuc.ConnectionEstablisherWithConnectivityEnforcement type=1 binder=android.os.BinderProxy@431095a8}
D/WifiService(  861): releaseWifiLockLocked: WifiLock{com.amazon.whispersync.dcp.framework.iuc.ConnectionEstablisherWithConnectivityEnforcement type=1 binder=android.os.BinderProxy@431095a8}
D/WifiService(  861): acquireWifiLockLocked: WifiLock{com.amazon.whispersync.dcp.framework.iuc.ConnectionEstablisherWithConnectivityEnforcement type=1 binder=android.os.BinderProxy@42f0d8e0}
D/WifiService(  861): releaseWifiLockLocked: WifiLock{com.amazon.whispersync.dcp.framework.iuc.ConnectionEstablisherWithConnectivityEnforcement type=1 binder=android.os.BinderProxy@42f0d8e0}
D/PMS     (  861): acquireWL(42c29708): PARTIAL_WAKE_LOCK  AlarmManager 0x1 861 1000
V/AlarmManager(  861): sending alarm PendingIntent{43ba7c20: PendingIntentRecord{43713430 com.android.vending startService}}, i=null, t=0, cnt=1, w=1429131237076, Int=0
D/PMS     (  861): releaseWL(42c29708): PARTIAL_WAKE_LOCK  AlarmManager 0x1
D/WIFI_ICON( 1035): WifiActivity: 0
D/StatusBar.NetworkController( 1035): dumpIcon[(gone) stat_sys_5signal_1|null stat_sys_wifi_signal_connected_3 (gone) F]
D/WIFI_ICON( 1035): WifiActivity: 3
D/StatusBar.NetworkController( 1035): dumpIcon[(gone) stat_sys_5signal_1|null stat_sys_wifi_signal_inandout_3 (gone) F]
D/WifiService(  861): releaseWifiLockLocked: WifiLock{ReddingWifiLock type=1 binder=android.os.BinderProxy@431e3010}
D/PMS     (  861): releaseWL(433cfe78): PARTIAL_WAKE_LOCK  ReddingWakeLock 0x1
D/PMS     (  861): acquireWL(42f61bb8): PARTIAL_WAKE_LOCK  AlarmManager 0x1 861 1000
V/AlarmManager(  861): sending alarm PendingIntent{4293d7c8: PendingIntentRecord{428aae48 android broadcastIntent}}, i=android.intent.action.TIME_TICK, t=3, cnt=1, w=95133925, Int=0
D/PMS     (  861): releaseWL(42f61bb8): PARTIAL_WAKE_LOCK  AlarmManager 0x1
D/WIFI_ICON( 1035): WifiActivity: 0
D/StatusBar.NetworkController( 1035): dumpIcon[(gone) stat_sys_5signal_1|null stat_sys_wifi_signal_connected_3 (gone) F]
D/WIFI_ICON( 1035): updateWifiState: RSSI_CHANGED 2 -> 3
D/StatusBar.NetworkController( 1035): dumpIcon[(gone) stat_sys_5signal_1|null stat_sys_wifi_signal_connected_4 (gone) F]
D/WIFI_ICON( 1035): WifiActivity: 3
D/StatusBar.NetworkController( 1035): dumpIcon[(gone) stat_sys_5signal_1|null stat_sys_wifi_signal_inandout_4 (gone) F]
D/WIFI_ICON( 1035): WifiActivity: 0
D/StatusBar.NetworkController( 1035): dumpIcon[(gone) stat_sys_5signal_1|null stat_sys_wifi_signal_connected_4 (gone) F]
D/WIFI_ICON( 1035): updateWifiState: RSSI_CHANGED 3 -> 3
D/StatusBar.NetworkController( 1035): dumpIcon[(gone) stat_sys_5signal_1|null stat_sys_wifi_signal_connected_4 (gone) F]
D/WIFI_ICON( 1035): WifiActivity: 3
D/StatusBar.NetworkController( 1035): dumpIcon[(gone) stat_sys_5signal_1|null stat_sys_wifi_signal_inandout_4 (gone) F]
D/WIFI_ICON( 1035): WifiActivity: 0
D/StatusBar.NetworkController( 1035): dumpIcon[(gone) stat_sys_5signal_1|null stat_sys_wifi_signal_connected_4 (gone) F]
D/WIFI_ICON( 1035): updateWifiState: RSSI_CHANGED 3 -> 3
D/StatusBar.NetworkController( 1035): dumpIcon[(gone) stat_sys_5signal_1|null stat_sys_wifi_signal_connected_4 (gone) F]
D/WIFI_ICON( 1035): WifiActivity: 3
D/StatusBar.NetworkController( 1035): dumpIcon[(gone) stat_sys_5signal_1|null stat_sys_wifi_signal_inandout_4 (gone) F]
D/WIFI_ICON( 1035): WifiActivity: 0
D/StatusBar.NetworkController( 1035): dumpIcon[(gone) stat_sys_5signal_1|null stat_sys_wifi_signal_connected_4 (gone) F]
D/WIFI_ICON( 1035): WifiActivity: 2
D/StatusBar.NetworkController( 1035): dumpIcon[(gone) stat_sys_5signal_1|null stat_sys_wifi_signal_out_4 (gone) F]
D/PMS     (  861): acquireWL(433859d0): PARTIAL_WAKE_LOCK  AlarmManager 0x1 861 1000
V/AlarmManager(  861): sending alarm PendingIntent{43c334b0: PendingIntentRecord{438d7b48 android broadcastIntent}}, i=com.android.internal.wifi.data-stall, t=3, cnt=1, w=95151843, Int=0
V/AlarmManager(  861): sending alarm PendingIntent{434e42d8: PendingIntentRecord{433cf9c8 com.google.android.gms broadcastIntent}}, i=null, t=0, cnt=1, w=1429131248641, Int=1800000
V/AlarmManager(  861): sending alarm PendingIntent{42e9c318: PendingIntentRecord{430200e8 com.nhnent.SKQUEST startService}}, i=com.nhn.nni.intent.REGISTER, t=0, cnt=1, w=1429131256325, Int=200060
D/PMS     (  861): acquireWL(4302ee20): PARTIAL_WAKE_LOCK  Event Log Handoff 0x1 7357 10020
D/PMS     (  861): releaseWL(433859d0): PARTIAL_WAKE_LOCK  AlarmManager 0x1
D/PMS     (  861): acquireWL(433da498): PARTIAL_WAKE_LOCK  Event Log Service 0x1 7357 10020
D/PMS     (  861): releaseWL(4302ee20): PARTIAL_WAKE_LOCK  Event Log Handoff 0x1
D/PMS     (  861): releaseWL(433da498): PARTIAL_WAKE_LOCK  Event Log Service 0x1
D/WIFI_ICON( 1035): WifiActivity: 3
D/StatusBar.NetworkController( 1035): dumpIcon[(gone) stat_sys_5signal_1|null stat_sys_wifi_signal_inandout_4 (gone) F]
D/TelephonyRegistry(  861): This is not dual project
D/TelephonyCallback( 1035): SignalStrength: 1
D/SIGNAL_ICON( 1035): level=1/5
D/StatusBar.NetworkController( 1035): dumpIcon[(gone) stat_sys_5signal_1|null stat_sys_wifi_signal_inandout_4 (gone) F]
D/WIFI_ICON( 1035): WifiActivity: 0
D/StatusBar.NetworkController( 1035): dumpIcon[(gone) stat_sys_5signal_1|null stat_sys_wifi_signal_connected_4 (gone) F]
D/TelephonyCallback( 1035): SignalStrength: 1
D/TelephonyRegistry(  861): This is not dual project
D/SIGNAL_ICON( 1035): level=1/5
D/StatusBar.NetworkController( 1035): dumpIcon[(gone) stat_sys_5signal_1|null stat_sys_wifi_signal_connected_4 (gone) F]
I/ActivityManager(  861): Killing 19579:com.zgz.supervideo/u0a312 (adj 15): empty #21
I/ActivityManager(  861): Recipient 19579
D/WIFI_ICON( 1035): updateWifiState: RSSI_CHANGED 3 -> 2
D/StatusBar.NetworkController( 1035): dumpIcon[(gone) stat_sys_5signal_1|null stat_sys_wifi_signal_connected_3 (gone) F]
D/WIFI_ICON( 1035): updateWifiState: RSSI_CHANGED 2 -> 2
D/StatusBar.NetworkController( 1035): dumpIcon[(gone) stat_sys_5signal_1|null stat_sys_wifi_signal_connected_3 (gone) F]
D/WIFI_ICON( 1035): WifiActivity: 3
D/StatusBar.NetworkController( 1035): dumpIcon[(gone) stat_sys_5signal_1|null stat_sys_wifi_signal_inandout_3 (gone) F]
D/WIFI_ICON( 1035): updateWifiState: RSSI_CHANGED 2 -> 2
D/StatusBar.NetworkController( 1035): dumpIcon[(gone) stat_sys_5signal_1|null stat_sys_wifi_signal_inandout_3 (gone) F]
D/WIFI_ICON( 1035): WifiActivity: 0
D/StatusBar.NetworkController( 1035): dumpIcon[(gone) stat_sys_5signal_1|null stat_sys_wifi_signal_connected_3 (gone) F]
D/PMS     (  861): releaseWL(42e01348): PARTIAL_WAKE_LOCK  wake:com.google.android.gms/.config.ConfigFetchService 0x1
D/PMS     (  861): releaseWL(4339a728): PARTIAL_WAKE_LOCK  wake:com.google.android.gms/.config.ConfigFetchService 0x1
D/WIFI_ICON( 1035): WifiActivity: 3
D/StatusBar.NetworkController( 1035): dumpIcon[(gone) stat_sys_5signal_1|null stat_sys_wifi_signal_inandout_3 (gone) F]
D/WIFI_ICON( 1035): WifiActivity: 0
D/StatusBar.NetworkController( 1035): dumpIcon[(gone) stat_sys_5signal_1|null stat_sys_wifi_signal_connected_3 (gone) F]
D/PMS     (  861): acquireWL(43fb0810): PARTIAL_WAKE_LOCK  BatteryServiceUpdateStats 0x1 0 0
I/BatteryService(  861): n_update end
D/PowerUI ( 1035): closing low battery warning: level=73
D/PowerUI ( 1035): plugged = true, health = 2, mBatteryLevel = 73, mPluggedBatteryLevel = 72, mLowBatteryWarningLevel2 = 25, mshowLowChargingWarning2 = true
D/HtcPowerSaver(  861): updateBatteryInfo
D/PMS     (  861): runPSCheck
D/HtcPowerSaver(  861): Checking...
I/HtcPowerSaver(  861): >> updateStatus
D/PMS     (  861): releaseWL(43fb0810): PARTIAL_WAKE_LOCK  BatteryServiceUpdateStats 0x1
I/HtcPowerSaver(  861): updateStatus (8000,73,-1,false,false,false,-1)
I/HtcPowerSaver(  861): << updateStatus
W/AppWidgetServiceImpl(  861): updateAppWidget failed! callbacks null
D/WIFI_ICON( 1035): WifiActivity: 3
D/StatusBar.NetworkController( 1035): dumpIcon[(gone) stat_sys_5signal_1|null stat_sys_wifi_signal_inandout_3 (gone) F]
D/WIFI_ICON( 1035): WifiActivity: 0
D/StatusBar.NetworkController( 1035): dumpIcon[(gone) stat_sys_5signal_1|null stat_sys_wifi_signal_connected_3 (gone) F]
D/WIFI_ICON( 1035): WifiActivity: 2
D/StatusBar.NetworkController( 1035): dumpIcon[(gone) stat_sys_5signal_1|null stat_sys_wifi_signal_out_3 (gone) F]
D/WIFI_ICON( 1035): WifiActivity: 3
D/StatusBar.NetworkController( 1035): dumpIcon[(gone) stat_sys_5signal_1|null stat_sys_wifi_signal_inandout_3 (gone) F]
D/PMS     (  861): acquireWL(43351510): PARTIAL_WAKE_LOCK  AlarmManager 0x1 861 1000
V/AlarmManager(  861): sending alarm PendingIntent{4314aa20: PendingIntentRecord{42e6dbe0 com.google.android.gms broadcastIntent}}, i=com.google.android.gms.nlp.ALARM_WAKEUP_LOCATOR, t=2, cnt=1, w=95181817, Int=0
V/AlarmManager(  861): sending alarm PendingIntent{43c2b1d8: PendingIntentRecord{42e58a88 com.google.android.gms broadcastIntent}}, i=null, t=3, cnt=1, w=95181861, Int=0
V/AlarmManager(  861): sending alarm PendingIntent{43091a00: PendingIntentRecord{438d7b48 android broadcastIntent}}, i=com.android.internal.wifi.data-stall, t=3, cnt=1, w=95181867, Int=0
D/PMS     (  861): acquireWL(43112c40): PARTIAL_WAKE_LOCK  NlpWakeLock 0x1 1286 10020
D/PMS     (  861): acquireWL(42fe3650): PARTIAL_WAKE_LOCK  NlpWakeLock 0x1 1286 10020
D/WifiService(  861): acquireWifiLockLocked: WifiLock{NlpWifiLock type=2 binder=android.os.BinderProxy@437d5780}
D/BatSI   (  861): WIFI scan started for: 471b0014 uid:10184
D/PMS     (  861): releaseWL(43112c40): PARTIAL_WAKE_LOCK  NlpWakeLock 0x1
D/PMS     (  861): releaseWL(43351510): PARTIAL_WAKE_LOCK  AlarmManager 0x1
D/WIFI_ICON( 1035): WifiActivity: 0
D/StatusBar.NetworkController( 1035): dumpIcon[(gone) stat_sys_5signal_1|null stat_sys_wifi_signal_connected_3 (gone) F]
W/ContextImpl(  861): Calling a method in the system process without a qualified user: android.app.ContextImpl.sendBroadcast:1363 android.net.wifi.WifiStateMachine.sendDongleScanResultsAvailableBroadcast:5710 android.net.wifi.WifiStateMachine.handleMediaLinkEvent:5886 android.net.wifi.WifiStateMachine.access$6400:248 android.net.wifi.WifiStateMachine$SupplicantStartedState.processMessage:7093 
D/BatSI   (  861): WIFI scan stopped for: 461b0014 uid:10184
D/PMS     (  861): acquireWL(44a86548): PARTIAL_WAKE_LOCK  NlpWakeLock 0x1 1286 10020
D/PMS     (  861): releaseWL(44a86548): PARTIAL_WAKE_LOCK  NlpWakeLock 0x1
D/PMS     (  861): acquireWL(44685858): PARTIAL_WAKE_LOCK  NlpWakeLock 0x1 1286 10020
D/PMS     (  861): acquireWL(434d99d8): PARTIAL_WAKE_LOCK  LocationManagerService 0x1 861 1000
D/PMS     (  861): releaseWL(44685858): PARTIAL_WAKE_LOCK  NlpWakeLock 0x1
D/PMS     (  861): acquireWL(44698838): PARTIAL_WAKE_LOCK  GCoreFlp 0x1 1286 10020
D/PMS     (  861): acquireWL(43469e18): PARTIAL_WAKE_LOCK  NlpWakeLock 0x1 1286 10020
D/PMS     (  861): releaseWL(44698838): PARTIAL_WAKE_LOCK  GCoreFlp 0x1
D/PMS     (  861): acquireWL(44698f70): PARTIAL_WAKE_LOCK  GCoreFlp 0x1 1286 10020
D/PMS     (  861): acquireWL(4350f558): PARTIAL_WAKE_LOCK  GCoreFlp 0x1 1286 10020
D/PMS     (  861): releaseWL(43469e18): PARTIAL_WAKE_LOCK  NlpWakeLock 0x1
D/PMS     (  861): acquireWL(438bd990): PARTIAL_WAKE_LOCK  GCoreFlp 0x1 1286 10020
D/PMS     (  861): acquireWL(4465a8a8): PARTIAL_WAKE_LOCK  LocationManagerService 0x1 861 1000
D/PMS     (  861): acquireWL(43e42e40): PARTIAL_WAKE_LOCK  LocationManagerService 0x1 861 1000
D/PMS     (  861): acquireWL(437db6f0): PARTIAL_WAKE_LOCK  LocationManagerService 0x1 861 1000
D/PMS     (  861): acquireWL(43c2ab50): PARTIAL_WAKE_LOCK  GCoreFlp 0x1 1286 10020
D/WifiService(  861): releaseWifiLockLocked: WifiLock{NlpWifiLock type=2 binder=android.os.BinderProxy@437d5780}
D/PMS     (  861): acquireWL(43e54050): PARTIAL_WAKE_LOCK  LocationManagerService 0x1 861 1000
D/PMS     (  861): acquireWL(430099f8): PARTIAL_WAKE_LOCK  wake:com.joelapenna.foursquared/com.foursquare.radar.services.RadarLocationClientFireService 0x1 18156 10184
D/PMS     (  861): releaseWL(42fe3650): PARTIAL_WAKE_LOCK  NlpWakeLock 0x1
D/PMS     (  861): releaseWL(434d99d8): PARTIAL_WAKE_LOCK  LocationManagerService 0x1
D/PMS     (  861): releaseWL(437db6f0): PARTIAL_WAKE_LOCK  LocationManagerService 0x1
D/PMS     (  861): releaseWL(43c2ab50): PARTIAL_WAKE_LOCK  GCoreFlp 0x1
D/PMS     (  861): releaseWL(438bd990): PARTIAL_WAKE_LOCK  GCoreFlp 0x1
D/PMS     (  861): releaseWL(44698f70): PARTIAL_WAKE_LOCK  GCoreFlp 0x1
D/QMI_FW  (  861): QCCI: QMI_CCI_TX: cntl_flag - 00, txn_id - 08c6, msg_id - 0039, msg_len - 0021
D/QMI_FW  (  861): QCCI: QMUXD: xport_send[1 -> 16]: 40 bytes on conn_id=9
D/PMS     (  861): releaseWL(4465a8a8): PARTIAL_WAKE_LOCK  LocationManagerService 0x1
D/PMS     (  861): releaseWL(4350f558): PARTIAL_WAKE_LOCK  GCoreFlp 0x1
D/PMS     (  861): releaseWL(43e42e40): PARTIAL_WAKE_LOCK  LocationManagerService 0x1
D/PMS     (  861): releaseWL(43e54050): PARTIAL_WAKE_LOCK  LocationManagerService 0x1
D/PMS     (  861): releaseWL(430099f8): PARTIAL_WAKE_LOCK  wake:com.joelapenna.foursquared/com.foursquare.radar.services.RadarLocationClientFireService 0x1
D/TelephonyRegistry(  861): This is not dual project
D/TelephonyCallback( 1035): SignalStrength: 1
D/SIGNAL_ICON( 1035): level=1/5
D/StatusBar.NetworkController( 1035): dumpIcon[(gone) stat_sys_5signal_1|null stat_sys_wifi_signal_connected_3 (gone) F]
D/QMI_FW  (  861): QCCI: QMUXD: xport_rx[1 <- 16]: 14 bytes on conn_id: 9
D/QMI_FW  (  861): QCCI: QMI_CCI_RX: cntl_flag - 02, txn_id - 08c6, msg_id - 0039, msg_len - 0007
D/WIFI_ICON( 1035): WifiActivity: 3
D/StatusBar.NetworkController( 1035): dumpIcon[(gone) stat_sys_5signal_1|null stat_sys_wifi_signal_inandout_3 (gone) F]
I/ActivityManager(  861): Start proc com.futuredial for broadcast com.futuredial/.fdbtserver.BTServiceReceiver: pid=20862 uid=10044 gids={50044, 3002, 3001}
I/ActivityManager(  861): Start proc com.futuredial:FdbtService for service com.futuredial/.fdbtserver.FdbtService: pid=20874 uid=10044 gids={50044, 3002, 3001}
I/ActivityManager(  861): Start proc com.android.DroidLiveLite for broadcast com.android.DroidLiveLite/com.vblast.xiialive.receiver.BluetoothReceiver: pid=20887 uid=10187 gids={50187, 3003, 5012, 3002, 1028, 1015}
I/ActivityManager(  861): Killing 19725:com.android.keychain/1000 (adj 15): empty #21
I/ActivityManager(  861): Recipient 19725
D/TelephonyRegistry(  861): This is not dual project
D/TelephonyCallback( 1035): SignalStrength: 1
D/SIGNAL_ICON( 1035): level=1/5
D/StatusBar.NetworkController( 1035): dumpIcon[(gone) stat_sys_5signal_1|null stat_sys_wifi_signal_inandout_3 (gone) F]
D/WIFI_ICON( 1035): WifiActivity: 0
D/StatusBar.NetworkController( 1035): dumpIcon[(gone) stat_sys_5signal_1|null stat_sys_wifi_signal_connected_3 (gone) F]
D/PMS     (  861): acquireWL(43531198): PARTIAL_WAKE_LOCK  AlarmManager 0x1 861 1000
V/AlarmManager(  861): sending alarm PendingIntent{432d8ee0: PendingIntentRecord{4353bdd8 com.google.android.gms broadcastIntent}}, i=com.google.android.gms.wearable.node.bluetooth.RETRY_CONNECTION, t=2, cnt=1, w=95191916, Int=0
D/PMS     (  861): acquireWL(434882c0): PARTIAL_WAKE_LOCK  WearableBluetooth[Moto 360 D424] 0x1 2490 10020
D/PMS     (  861): releaseWL(43531198): PARTIAL_WAKE_LOCK  AlarmManager 0x1
D/PMS     (  861): acquireWL(43198420): PARTIAL_WAKE_LOCK  AlarmManager 0x1 861 1000
V/AlarmManager(  861): sending alarm PendingIntent{4293d7c8: PendingIntentRecord{428aae48 android broadcastIntent}}, i=android.intent.action.TIME_TICK, t=3, cnt=1, w=95193924, Int=0
D/PMS     (  861): releaseWL(43198420): PARTIAL_WAKE_LOCK  AlarmManager 0x1
D/WIFI_ICON( 1035): WifiActivity: 3
D/StatusBar.NetworkController( 1035): dumpIcon[(gone) stat_sys_5signal_1|null stat_sys_wifi_signal_inandout_3 (gone) F]
D/PMS     (  861): acquireWL(434882c0): PARTIAL_WAKE_LOCK  WearableBluetooth[Moto 360 D424] 0x1 2490 10020
D/TelephonyRegistry(  861): This is not dual project
I/ActivityManager(  861): Cannot resolve ContentProvider=5C:31:3E:FC:D4:24
D/PMS     (  861): releaseWL(434882c0): PARTIAL_WAKE_LOCK  WearableBluetooth[Moto 360 D424] 0x1
D/TelephonyCallback( 1035): SignalStrength: 1
D/SIGNAL_ICON( 1035): level=1/5
D/StatusBar.NetworkController( 1035): dumpIcon[(gone) stat_sys_5signal_1|null stat_sys_wifi_signal_inandout_3 (gone) F]
D/WIFI_ICON( 1035): WifiActivity: 0
D/StatusBar.NetworkController( 1035): dumpIcon[(gone) stat_sys_5signal_1|null stat_sys_wifi_signal_connected_3 (gone) F]
D/TelephonyCallback( 1035): SignalStrength: 1
D/SIGNAL_ICON( 1035): level=1/5
D/StatusBar.NetworkController( 1035): dumpIcon[(gone) stat_sys_5signal_1|null stat_sys_wifi_signal_connected_3 (gone) F]
D/TelephonyRegistry(  861): This is not dual project
I/ActivityManager(  861): Waited long enough for: ServiceRecord{4319e2a0 u0 com.futuredial/.fdbtserver.FdbtService}
D/TelephonyCallback( 1035): SignalStrength: 1
D/SIGNAL_ICON( 1035): level=1/5
D/StatusBar.NetworkController( 1035): dumpIcon[(gone) stat_sys_5signal_1|null stat_sys_wifi_signal_connected_3 (gone) F]
D/TelephonyRegistry(  861): This is not dual project
D/WIFI_ICON( 1035): WifiActivity: 3
D/StatusBar.NetworkController( 1035): dumpIcon[(gone) stat_sys_5signal_1|null stat_sys_wifi_signal_inandout_3 (gone) F]
D/PMS     (  861): acquireWL(435babb8): PARTIAL_WAKE_LOCK  AlarmManager 0x1 861 1000
V/AlarmManager(  861): sending alarm PendingIntent{42f40dc0: PendingIntentRecord{42f402b8 com.tencent.mm broadcastIntent}}, i=com.tencent.mm.TrafficStatsReceiver, t=3, cnt=1, w=95193437, Int=300000
V/AlarmManager(  861): sending alarm PendingIntent{42e51090: PendingIntentRecord{42e55ce8 android broadcastIntent}}, i=android.net.ConnectivityService.action.PKT_CNT_SAMPLE_INTERVAL_ELAPSED, t=3, cnt=1, w=95202287, Int=0
V/AlarmManager(  861): sending alarm PendingIntent{431b3180: PendingIntentRecord{438d7b48 android broadcastIntent}}, i=com.android.internal.wifi.data-stall, t=3, cnt=1, w=95211920, Int=0
D/ConnectivityService(  861): Sampling interval elapsed, updating statistics ..
D/ConnectivityService(  861): Done.
D/ConnectivityService(  861): Setting timer for 720seconds
D/PMS     (  861): releaseWL(435babb8): PARTIAL_WAKE_LOCK  AlarmManager 0x1
D/WIFI_ICON( 1035): WifiActivity: 0
D/StatusBar.NetworkController( 1035): dumpIcon[(gone) stat_sys_5signal_1|null stat_sys_wifi_signal_connected_3 (gone) F]
I/ActivityManager(  861): Killing 19993:com.google.android.partnersetup/u0a22 (adj 15): empty #21
I/ActivityManager(  861): Recipient 19993
D/TelephonyCallback( 1035): SignalStrength: 1
D/SIGNAL_ICON( 1035): level=1/5
D/StatusBar.NetworkController( 1035): dumpIcon[(gone) stat_sys_5signal_1|null stat_sys_wifi_signal_connected_3 (gone) F]
D/TelephonyRegistry(  861): This is not dual project
D/WIFI_ICON( 1035): WifiActivity: 3
D/StatusBar.NetworkController( 1035): dumpIcon[(gone) stat_sys_5signal_1|null stat_sys_wifi_signal_inandout_3 (gone) F]
D/WIFI_ICON( 1035): WifiActivity: 0
D/StatusBar.NetworkController( 1035): dumpIcon[(gone) stat_sys_5signal_1|null stat_sys_wifi_signal_connected_3 (gone) F]
D/WIFI_ICON( 1035): WifiActivity: 3
D/StatusBar.NetworkController( 1035): dumpIcon[(gone) stat_sys_5signal_1|null stat_sys_wifi_signal_inandout_3 (gone) F]
D/WIFI_ICON( 1035): WifiActivity: 0
D/StatusBar.NetworkController( 1035): dumpIcon[(gone) stat_sys_5signal_1|null stat_sys_wifi_signal_connected_3 (gone) F]
D/PMS     (  861): acquireWL(43afc198): PARTIAL_WAKE_LOCK  BatteryServiceUpdateStats 0x1 0 0
I/BatteryService(  861): n_update end
D/PowerUI ( 1035): closing low battery warning: level=73
D/PowerUI ( 1035): plugged = true, health = 2, mBatteryLevel = 73, mPluggedBatteryLevel = 72, mLowBatteryWarningLevel2 = 25, mshowLowChargingWarning2 = true
D/HtcPowerSaver(  861): updateBatteryInfo
D/PMS     (  861): runPSCheck
D/HtcPowerSaver(  861): Checking...
I/HtcPowerSaver(  861): >> updateStatus
D/PMS     (  861): releaseWL(43afc198): PARTIAL_WAKE_LOCK  BatteryServiceUpdateStats 0x1
I/HtcPowerSaver(  861): updateStatus (8000,73,-1,false,false,false,-1)
I/HtcPowerSaver(  861): << updateStatus
W/AppWidgetServiceImpl(  861): updateAppWidget failed! callbacks null
D/TelephonyCallback( 1035): SignalStrength: 1
D/SIGNAL_ICON( 1035): level=1/5
D/StatusBar.NetworkController( 1035): dumpIcon[(gone) stat_sys_5signal_1|null stat_sys_wifi_signal_connected_3 (gone) F]
D/TelephonyRegistry(  861): This is not dual project
D/WIFI_ICON( 1035): WifiActivity: 3
D/StatusBar.NetworkController( 1035): dumpIcon[(gone) stat_sys_5signal_1|null stat_sys_wifi_signal_inandout_3 (gone) F]
D/WIFI_ICON( 1035): WifiActivity: 0
D/StatusBar.NetworkController( 1035): dumpIcon[(gone) stat_sys_5signal_1|null stat_sys_wifi_signal_connected_3 (gone) F]
D/TelephonyCallback( 1035): SignalStrength: 1
D/SIGNAL_ICON( 1035): level=1/5
D/StatusBar.NetworkController( 1035): dumpIcon[(gone) stat_sys_5signal_1|null stat_sys_wifi_signal_connected_3 (gone) F]
D/TelephonyRegistry(  861): This is not dual project
W/CpuWake (  861): >>nativeAcquireCpuPerfWakeLock()
W/CpuWake (  861): <<nativeAcquireCpuPerfWakeLock()
W/CpuWake (  861): >>acquire mCpuPerf_cpu_count wakelock
W/CpuWake (  861): <<acquire mCpuPerf_cpu_count wakelock
W/CpuWake (  861): >>acquire mCpuPerf_Freq wakelock
W/CpuWake (  861): <<acquire mCpuPerf_Freq wakelock
I/ActivityManager(  861): START u0 {act=android.intent.action.VIEW dat=uber: cmp=com.ubercab/.client.feature.launch.LauncherActivity} from pid 19820
D/PMS     (  861): acquireHCC(43892280): CPU_MIN_NUM ActivityManager-MultiCore-Num 0x400 861 1000
D/PMS     (  861): acquireHCC(4347f1d8): CPU_MIN_FREQ ActivityManager-MultiCore-Freq 0x100 861 1000
D/PMS     (  861): acquireWL(43926838): PARTIAL_WAKE_LOCK  ActivityManager-Launch 0x1 861 1000
I/ActivityManager(  861): Start proc com.ubercab for activity com.ubercab/.client.feature.launch.LauncherActivity: pid=20969 uid=10229 gids={50229, 3003, 5012, 1028, 1015}
D/TelephonyCallback( 1035): SignalStrength: 1
D/SIGNAL_ICON( 1035): level=1/5
D/TelephonyRegistry(  861): This is not dual project
D/StatusBar.NetworkController( 1035): dumpIcon[(gone) stat_sys_5signal_1|null stat_sys_wifi_signal_connected_3 (gone) F]
I/PackageManager(  861):  setEnabledSetting(), pkgName=com.ubercab, clsName=com.baidu.location.f, state=2, flag=1, pid=20969, uid=10229, userID:0
W/CpuWake (  861): >>nativeReleaseCpuPerfWakeLock()
W/CpuWake (  861): <<nativeReleaseCpuPerfWakeLock()
W/CpuWake (  861): >>release mCpuPerf_cpu_count wakelock
W/CpuWake (  861): <<release mCpuPerf_cpu_count wakelock
W/CpuWake (  861): >>release mCpuPerf_Freq wakelock
W/CpuWake (  861): <<release mCpuPerf_Freq wakelock
D/PMS     (  861): releaseHCC(43892280): CPU_MIN_NUM ActivityManager-MultiCore-Num 0x400
D/PMS     (  861): releaseHCC(4347f1d8): CPU_MIN_FREQ ActivityManager-MultiCore-Freq 0x100
I/InputMethodManagerService(  861): Disable input method client, pid=19820
I/InputMethodManagerService(  861): Enable input method client, pid=20969
D/PMS     (  861): acquireWL(43e532f0): PARTIAL_WAKE_LOCK  GCoreFlp 0x1 1286 10020
D/PMS     (  861): releaseWL(43926838): PARTIAL_WAKE_LOCK  ActivityManager-Launch 0x1
D/PMS     (  861): acquireWL(43be8840): PARTIAL_WAKE_LOCK  GpsLocationProvider 0x1 861 1000
D/PMS     (  861): releaseWL(43be8840): PARTIAL_WAKE_LOCK  GpsLocationProvider 0x1
D/QMI_FW  (  861): QCCI: QMI_CCI_TX: cntl_flag - 00, txn_id - 08c7, msg_id - 004a, msg_len - 0007
D/QMI_FW  (  861): QCCI: QMUXD: xport_send[1 -> 16]: 14 bytes on conn_id=9
D/PMS     (  861): acquireWL(43bc9d20): PARTIAL_WAKE_LOCK  NlpWakeLock 0x1 1286 10020
D/PMS     (  861): releaseWL(43bc9d20): PARTIAL_WAKE_LOCK  NlpWakeLock 0x1
D/WIFI_ICON( 1035): WifiActivity: 3
D/StatusBar.NetworkController( 1035): dumpIcon[(gone) stat_sys_5signal_1|null stat_sys_wifi_signal_inandout_3 (gone) F]
D/PMS     (  861): acquireWL(43bb8960): PARTIAL_WAKE_LOCK  GCoreFlp 0x1 1286 10020
D/PMS     (  861): releaseWL(43bb8960): PARTIAL_WAKE_LOCK  GCoreFlp 0x1
D/PMS     (  861): acquireWL(43b455d0): PARTIAL_WAKE_LOCK  NlpWakeLock 0x1 1286 10020
D/PMS     (  861): acquireWL(43b44d48): PARTIAL_WAKE_LOCK  GCoreFlp 0x1 1286 10020
D/WifiService(  861): acquireWifiLockLocked: WifiLock{NlpWifiLock type=2 binder=android.os.BinderProxy@43914468}
D/PMS     (  861): releaseWL(43b44d48): PARTIAL_WAKE_LOCK  GCoreFlp 0x1
D/QMI_FW  (  861): QCCI: QMUXD: xport_rx[1 <- 16]: 14 bytes on conn_id: 9
D/QMI_FW  (  861): QCCI: QMI_CCI_RX: cntl_flag - 02, txn_id - 08c7, msg_id - 004a, msg_len - 0007
D/PMS     (  861): acquireWL(43b38698): PARTIAL_WAKE_LOCK  Wakeful StateMachine: GeofencerStateMachine 0x1 1286 10020
D/PMS     (  861): acquireWL(43b342e8): PARTIAL_WAKE_LOCK  GCoreFlp 0x1 1286 10020
D/PMS     (  861): acquireWL(43b31300): PARTIAL_WAKE_LOCK  UlrDispatchingService 0x1 1286 10020
D/BatSI   (  861): WIFI scan started for: 571b0014 uid:10229
D/PMS     (  861): acquireWL(43adcf18): PARTIAL_WAKE_LOCK  AlarmManager 0x1 861 1000
V/AlarmManager(  861): sending alarm PendingIntent{423a7808: PendingIntentRecord{42e58a88 com.google.android.gms broadcastIntent}}, i=null, t=3, cnt=1, w=95241939, Int=0
D/PMS     (  861): releaseWL(43b38698): PARTIAL_WAKE_LOCK  Wakeful StateMachine: GeofencerStateMachine 0x1
V/AlarmManager(  861): sending alarm PendingIntent{43983298: PendingIntentRecord{438d7b48 android broadcastIntent}}, i=com.android.internal.wifi.data-stall, t=3, cnt=1, w=95242068, Int=0
D/QMI_FW  (  861): QCCI: QMUXD: xport_rx[1 <- 16]: 14 bytes on conn_id: 9
D/QMI_FW  (  861): QCCI: QMI_CCI_RX: cntl_flag - 04, txn_id - 0000, msg_id - 004a, msg_len - 0007
D/QMI_FW  (  861): QCCI: QMI_CCI_TX: cntl_flag - 00, txn_id - 08c8, msg_id - 0022, msg_len - 0019
D/QMI_FW  (  861): QCCI: QMUXD: xport_send[1 -> 16]: 32 bytes on conn_id=9
D/PMS     (  861): releaseWL(43e532f0): PARTIAL_WAKE_LOCK  GCoreFlp 0x1
D/QMI_FW  (  861): QCCI: QMUXD: xport_rx[1 <- 16]: 14 bytes on conn_id: 9
D/QMI_FW  (  861): QCCI: QMI_CCI_RX: cntl_flag - 02, txn_id - 08c8, msg_id - 0022, msg_len - 0007
D/PMS     (  861): releaseWL(43b342e8): PARTIAL_WAKE_LOCK  GCoreFlp 0x1
D/PMS     (  861): releaseWL(43adcf18): PARTIAL_WAKE_LOCK  AlarmManager 0x1
D/PMS     (  861): releaseWL(43b31300): PARTIAL_WAKE_LOCK  UlrDispatchingService 0x1
D/QMI_FW  (  861): QCCI: QMUXD: xport_rx[1 <- 16]: 28 bytes on conn_id: 9
D/QMI_FW  (  861): QCCI: QMI_CCI_RX: cntl_flag - 04, txn_id - 0000, msg_id - 0031, msg_len - 0015
D/ConnectivityService(  861): startUsingNetworkFeature for net 0: enableSUPL by 861/1000
D/ConnectivityService(  861): Disconnect 3 in 60000ms
D/ConnectivityService(  861): reconnecting to special network 3
D/ConnectivityService(  861): issue reconnect to special network:3
D/MDST    (  861): supl: reconnect()
D/MDST    (  861): supl: setTeardownRequested(false)
D/MDST    (  861): supl: setEnableApn apnType =supl , enable=true
D/ConnectivityService(  861): isCurrentPreferType type= 3getMobileDataSlotType= 10
D/ConnectivityService(  861): isSlotDesignEnable=false isDualModemFlow= false isCurrentPreferType(usedNetworkType)= false usedNetworkType = 3
D/ConnectivityService(  861): startUsingNetworkFeature took 3ms
I/TelephonyRegistry(  861): notifyDataConnection: state=1 isDataConnectivityPossible=true reason='dataEnabled' apnType=supl networkType=13 roaming=false errorCause=0preConn = []
D/MDST    (  861): Broadcast received:android.intent.action.ANY_DATA_STATE, Phonetype=0, PhoneSlot=-1
D/MDST    (  861): supl: Broadcast received: ACTION_ANY_DATA_CONNECTION_STATE_CHANGED mApnType=supl, received apnType=supl
W/ActivityManager(  861): Disable JIT of com.htc.bgp
D/MDST    (  861): supl: Received state=CONNECTING, old=DISCONNECTED, reason=dataEnabled
D/MDST    (  861): supl: mMobileDataState=DISCONNECTED mTeardownRequested=false got [AnyDataCSC] : type=supl state=CONNECTING reason=dataEnabled roaming=false unavailable=false NetworkType=13 NetworkTypeName=LTE entitleError=0
D/MDST    (  861): supl: setDetailed state, old=IDLE and new state=CONNECTING reason=dataEnabled mEntitleError=0
D/MDST    (  861): supl: setDetailed state, isIpv4Connected/isIpv6Connected = true/false
D/MDST    (  861): TelephonyMgr.DataConnectionStateChanged
D/MDST    (  861): NetworkInfo = NetworkInfo: type: mobile_supl[LTE, type_ext: mobile_supl], state: CONNECTING/CONNECTING, reason: dataEnabled, extra: phone, roaming: false, failover: false, isAvailable: true, isConnectedToProvisioningNetwork: false, isIpv4Connected: false, isIpv6Connected: false
D/MDST    (  861): subType = 13
D/MDST    (  861): subType = LTE
D/MDST    (  861): LinkCapabilities = {}
D/ConnectivityService(  861): ConnectivityChange for mobile_supl/LTE: CONNECTING/CONNECTING, default=1
D/ConnectivityService(  861): mActiveDefaultNetwork: WIFI
I/ActivityManager(  861): Start proc com.htc.bgp for broadcast com.htc.flexnet/.AndroidIntentReceiver: pid=21058 uid=10036 gids={50036, 3003, 5012, 1028, 1015, 5001, 5011, 1023, 3002, 3001, 5003, 2001}
D/ActivityThread(21058): Loading provider customization_settings: com.htc.provider.CustomizationSettings.CustomizationSettingsProvider
D/QMI_FW  (  861): QCCI: QMUXD: xport_rx[1 <- 16]: 14 bytes on conn_id: 9
D/QMI_FW  (  861): QCCI: QMI_CCI_RX: cntl_flag - 04, txn_id - 0000, msg_id - 002b, msg_len - 0007
I/TelephonyRegistry(  861): notifyDataConnection: state=2 isDataConnectivityPossible=true reason='connected' apnType=supl networkType=13 roaming=false errorCause=0preConn = []
D/TelephonyCallback( 1035): DataState: 2
D/MDST    (  861): Broadcast received:android.intent.action.ANY_DATA_STATE, Phonetype=0, PhoneSlot=-1
D/MDST    (  861): supl: Broadcast received: ACTION_ANY_DATA_CONNECTION_STATE_CHANGED mApnType=supl, received apnType=supl
D/StatusBar.NetworkController( 1035): dumpState[0 0 2 13 false UNKNOWN 6]
D/MDST    (  861): supl: Received state=CONNECTED, old=CONNECTING, reason=connected
D/StatusBar.NetworkController( 1035): dumpIcon[stat_sys_data_inandout_lte stat_sys_5signal_1|null stat_sys_wifi_signal_inandout_3 (gone) F]
D/MDST    (  861): supl: mMobileDataState=CONNECTING mTeardownRequested=false got [AnyDataCSC] : type=supl state=CONNECTED reason=connected roaming=false unavailable=false NetworkType=13 NetworkTypeName=LTE entitleError=0
D/MDST    (  861): supl: setDetailed state, old=CONNECTING and new state=CONNECTED reason=connected mEntitleError=0
D/MDST    (  861): supl: setDetailed state, isIpv4Connected/isIpv6Connected = true/false
D/MDST    (  861): TelephonyMgr.DataConnectionStateChanged
D/MDST    (  861): NetworkInfo = NetworkInfo: type: mobile_supl[LTE, type_ext: mobile_supl], state: CONNECTED/CONNECTED, reason: connected, extra: phone, roaming: false, failover: false, isAvailable: true, isConnectedToProvisioningNetwork: false, isIpv4Connected: true, isIpv6Connected: false
D/MDST    (  861): subType = 13
D/MDST    (  861): subType = LTE
D/MDST    (  861): LinkCapabilities = {}
D/ConnectivityService(  861): ConnectivityChange for mobile_supl/LTE: CONNECTED/CONNECTED, default=1
D/ConnectivityService(  861): handleConnect: E newNetType=3 thisIface=rmnet_usb0 isFailoverfalse
D/MDST    (  861): supl: setTeardownRequested(false)
D/MDST    (  861): supl: getTcpBufferSizesPropName(): net.tcp.buffersize.lte
D/ConnectivityService(  861): Setting TCP values: [524288,1048576,5120000,262144,524288,1220608] which comes from [net.tcp.buffersize.lte]
D/ConnectivityService(  861): Setting MTU size: rmnet_usb0, 1500
D/ConnectivityService(  861): handleConnectivityChange: netType=3 doReset=false resetMask=0
D/TelephonyCallback( 1035): DataActivity: 3
D/StatusBar.NetworkController( 1035): dumpIcon[stat_sys_data_inandout_lte stat_sys_5signal_1|null stat_sys_wifi_signal_inandout_3 (gone) F]
D/TelephonyCallback( 1035): DataActivity: 0
D/ConnectivityService(  861): Adding 10.103.226.153/32 -> 0.0.0.0 for interface rmnet_usb0
D/StatusBar.NetworkController( 1035): dumpIcon[stat_sys_data_connected_lte stat_sys_5signal_1|null stat_sys_wifi_signal_inandout_3 (gone) F]
D/TelephonyRegistry(  861): This is not dual project
D/ConnectivityService(  861): Adding 172.26.38.1/32 -> 10.103.226.153 for interface rmnet_usb0
D/ConnectivityService(  861): Adding 10.103.226.153/32 -> 0.0.0.0 for interface rmnet_usb0
D/ConnectivityService(  861): Adding 172.26.38.2/32 -> 10.103.226.153 for interface rmnet_usb0
D/TelephonyCallback( 1035): SignalStrength: 1
D/SIGNAL_ICON( 1035): level=1/5
D/ConnectivityService(  861): Adding 10.103.226.153/32 -> 0.0.0.0 for interface rmnet_usb0
D/StatusBar.NetworkController( 1035): dumpIcon[stat_sys_data_connected_lte stat_sys_5signal_1|null stat_sys_wifi_signal_inandout_3 (gone) F]
D/ConnectivityService(  861): Adding 0.0.0.0/0 -> 10.103.226.153 for interface rmnet_usb0
D/ConnectivityService(  861): Removing 0.0.0.0/0 -> 10.103.226.153 for interface rmnet_usb0
E/ConnectivityService(  861): Exception trying to remove a route: java.lang.IllegalStateException: command '7241 interface route remove rmnet_usb0 default 0.0.0.0 0 10.103.226.153' failed with '400 7241 Failed to remove route from default table (No such process)'
D/ConnectivityService(  861): handleConnectivityChange: resetting
D/Nat464Xlat(  861): requiresClat: netType=3, hasIPv4Address=true
D/ConnectivityService(  861): sendGeneralBroadcast, restrictEnable=false
D/ConnectivityService(  861): sendStickyBroadcast: action=android.net.conn.CONNECTIVITY_CHANGE_IMMEDIATE
D/ConnectivityService(  861): sendGeneralBroadcastDelayed, restrictEnable=false
D/ConnectivityService(  861): sendStickyBroadcastDelayed: delayMs=1000, action=android.net.conn.CONNECTIVITY_CHANGE
D/PMS     (  861): acquireWL(43362c88): PARTIAL_WAKE_LOCK  NetworkStats 0x1 861 1000
D/NetworkPolicy(  861): setNetworkTemplateEnable,template rule=1, enable=true
D/NetworkPolicy(  861): setNetworkTemplateEnable,template rule=4, enable=true
D/NetworkPolicy(  861): setNetworkTemplateEnable,template rule=1, enable=true
D/ConnectivityService(  861): mActiveDefaultNetwork: WIFI
E/NetworkStats(  861): problem writing rx/tx stats: 
E/NetworkStats(  861): java.io.IOException: Couldn't create directory /dev/block/mmcblk0p31
E/NetworkStats(  861): 	at com.android.internal.os.AtomicFile.startWrite(AtomicFile.java:74)
